Info: Starting: Create block symbol file (.bsf)
Info: ip-generate --project-directory=C:/Users/secours/Documents/TP_A3_SQRT_VHDL/Nios/ --output-directory=C:/Users/secours/Documents/TP_A3_SQRT_VHDL/Nios/nios_system/ --report-file=bsf:C:/Users/secours/Documents/TP_A3_SQRT_VHDL/Nios/nios_system.bsf --system-info=DEVICE_FAMILY="Cyclone II" --system-info=DEVICE=EP2C20F484C7 --system-info=DEVICE_SPEEDGRADE=7 --component-file=C:/Users/secours/Documents/TP_A3_SQRT_VHDL/Nios/nios_system.qsys
Progress: Loading Nios/nios_system.qsys
Progress: Reading input file
Progress: Adding clk_0 [clock_source 13.0]
Progress: Parameterizing module clk_0
Progress: Adding up_clocks_0 [altera_up_clocks 13.0]
Progress: Parameterizing module up_clocks_0
Progress: Adding SDRAM [altera_avalon_new_sdram_controller 13.0.1.99.2]
Progress: Parameterizing module SDRAM
Progress: Adding SRAM [altera_up_avalon_sram 13.0]
Progress: Parameterizing module SRAM
Progress: Adding ONCHIP [altera_avalon_onchip_memory2 13.0.1.99.2]
Progress: Parameterizing module ONCHIP
Progress: Adding NIOS [altera_nios2_qsys 13.0]
Progress: Parameterizing module NIOS
Progress: Adding JTAG_UART [altera_avalon_jtag_uart 13.0.1.99.2]
Progress: Parameterizing module JTAG_UART
Progress: Adding sysid [altera_avalon_sysid_qsys 13.0]
Progress: Parameterizing module sysid
Progress: Adding TIMER [altera_avalon_timer 13.0.1.99.2]
Progress: Parameterizing module TIMER
Progress: Adding SW [altera_avalon_pio 13.0.1.99.2]
Progress: Parameterizing module SW
Progress: Adding LEDR [altera_avalon_pio 13.0.1.99.2]
Progress: Parameterizing module LEDR
Progress: Adding start [altera_avalon_pio 13.0.1.99.2]
Progress: Parameterizing module start
Progress: Adding A [altera_avalon_pio 13.0.1.99.2]
Progress: Parameterizing module A
Progress: Adding result [altera_avalon_pio 13.0.1.99.2]
Progress: Parameterizing module result
Progress: Adding done [altera_avalon_pio 13.0.1.99.2]
Progress: Parameterizing module done
Progress: Building connections
Progress: Parameterizing connections
Progress: Validating
Progress: Done reading input file
Info: nios_system.sysid: System ID is not assigned automatically. Edit the System ID parameter to provide a unique ID
Info: nios_system.sysid: Time stamp will be automatically updated when this component is generated.
Info: nios_system.SW: PIO inputs are not hardwired in test bench. Undefined values will be read from PIO inputs during simulation.
Info: nios_system.result: PIO inputs are not hardwired in test bench. Undefined values will be read from PIO inputs during simulation.
Info: nios_system.done: PIO inputs are not hardwired in test bench. Undefined values will be read from PIO inputs during simulation.
Warning: nios_system.start: start.s1 must be connected to an Avalon-MM master
Warning: nios_system.A: A.s1 must be connected to an Avalon-MM master
Warning: nios_system.result: result.s1 must be connected to an Avalon-MM master
Warning: nios_system.done: done.s1 must be connected to an Avalon-MM master
Info: ip-generate succeeded.
Info: Finished: Create block symbol file (.bsf)
Info: 
Info: Starting: Create HDL design files for synthesis
Info: ip-generate --project-directory=C:/Users/secours/Documents/TP_A3_SQRT_VHDL/Nios/ --output-directory=C:/Users/secours/Documents/TP_A3_SQRT_VHDL/Nios/nios_system/synthesis/ --file-set=QUARTUS_SYNTH --report-file=sopcinfo:C:/Users/secours/Documents/TP_A3_SQRT_VHDL/Nios/nios_system.sopcinfo --report-file=html:C:/Users/secours/Documents/TP_A3_SQRT_VHDL/Nios/nios_system.html --report-file=qip:C:/Users/secours/Documents/TP_A3_SQRT_VHDL/Nios/nios_system/synthesis/nios_system.qip --report-file=cmp:C:/Users/secours/Documents/TP_A3_SQRT_VHDL/Nios/nios_system.cmp --report-file=svd --system-info=DEVICE_FAMILY="Cyclone II" --system-info=DEVICE=EP2C20F484C7 --system-info=DEVICE_SPEEDGRADE=7 --component-file=C:/Users/secours/Documents/TP_A3_SQRT_VHDL/Nios/nios_system.qsys --language=VHDL
Progress: Loading Nios/nios_system.qsys
Progress: Reading input file
Progress: Adding clk_0 [clock_source 13.0]
Progress: Parameterizing module clk_0
Progress: Adding up_clocks_0 [altera_up_clocks 13.0]
Progress: Parameterizing module up_clocks_0
Progress: Adding SDRAM [altera_avalon_new_sdram_controller 13.0.1.99.2]
Progress: Parameterizing module SDRAM
Progress: Adding SRAM [altera_up_avalon_sram 13.0]
Progress: Parameterizing module SRAM
Progress: Adding ONCHIP [altera_avalon_onchip_memory2 13.0.1.99.2]
Progress: Parameterizing module ONCHIP
Progress: Adding NIOS [altera_nios2_qsys 13.0]
Progress: Parameterizing module NIOS
Progress: Adding JTAG_UART [altera_avalon_jtag_uart 13.0.1.99.2]
Progress: Parameterizing module JTAG_UART
Progress: Adding sysid [altera_avalon_sysid_qsys 13.0]
Progress: Parameterizing module sysid
Progress: Adding TIMER [altera_avalon_timer 13.0.1.99.2]
Progress: Parameterizing module TIMER
Progress: Adding SW [altera_avalon_pio 13.0.1.99.2]
Progress: Parameterizing module SW
Progress: Adding LEDR [altera_avalon_pio 13.0.1.99.2]
Progress: Parameterizing module LEDR
Progress: Adding start [altera_avalon_pio 13.0.1.99.2]
Progress: Parameterizing module start
Progress: Adding A [altera_avalon_pio 13.0.1.99.2]
Progress: Parameterizing module A
Progress: Adding result [altera_avalon_pio 13.0.1.99.2]
Progress: Parameterizing module result
Progress: Adding done [altera_avalon_pio 13.0.1.99.2]
Progress: Parameterizing module done
Progress: Building connections
Progress: Parameterizing connections
Progress: Validating
Progress: Done reading input file
Info: nios_system.sysid: System ID is not assigned automatically. Edit the System ID parameter to provide a unique ID
Info: nios_system.sysid: Time stamp will be automatically updated when this component is generated.
Info: nios_system.SW: PIO inputs are not hardwired in test bench. Undefined values will be read from PIO inputs during simulation.
Info: nios_system.result: PIO inputs are not hardwired in test bench. Undefined values will be read from PIO inputs during simulation.
Info: nios_system.done: PIO inputs are not hardwired in test bench. Undefined values will be read from PIO inputs during simulation.
Warning: nios_system.start: start.s1 must be connected to an Avalon-MM master
Warning: nios_system.A: A.s1 must be connected to an Avalon-MM master
Warning: nios_system.result: result.s1 must be connected to an Avalon-MM master
Warning: nios_system.done: done.s1 must be connected to an Avalon-MM master
Info: nios_system: Generating nios_system "nios_system" for QUARTUS_SYNTH
Info: pipeline_bridge_swap_transform: After transform: 15 modules, 51 connections
Info: No custom instruction connections, skipping transform 
Info: merlin_translator_transform: After transform: 26 modules, 93 connections
Info: merlin_domain_transform: After transform: 49 modules, 234 connections
Info: merlin_router_transform: After transform: 60 modules, 276 connections
Info: merlin_traffic_limiter_transform: After transform: 62 modules, 286 connections
Info: merlin_burst_transform: After transform: 64 modules, 294 connections
Info: reset_adaptation_transform: After transform: 66 modules, 243 connections
Info: merlin_network_to_switch_transform: After transform: 87 modules, 293 connections
Info: merlin_width_transform: After transform: 91 modules, 305 connections
Info: limiter_update_transform: After transform: 91 modules, 307 connections
Info: merlin_mm_transform: After transform: 91 modules, 307 connections
Info: merlin_interrupt_mapper_transform: After transform: 92 modules, 310 connections
Warning: nios_system: "No matching role found for rst_controller_001:reset_out:reset_req (reset_req)"
Warning: nios_system: "No matching role found for rst_controller_001:reset_out:reset_req (reset_req)"
Warning: nios_system: "No matching role found for rst_controller_001:reset_out:reset_req (reset_req)"
Warning: nios_system: "No matching role found for rst_controller_001:reset_out:reset_req (reset_req)"
Warning: nios_system: "No matching role found for rst_controller_001:reset_out:reset_req (reset_req)"
Warning: nios_system: "No matching role found for rst_controller_001:reset_out:reset_req (reset_req)"
Warning: nios_system: "No matching role found for rst_controller_001:reset_out:reset_req (reset_req)"
Warning: nios_system: "No matching role found for rst_controller_001:reset_out:reset_req (reset_req)"
Warning: nios_system: "No matching role found for rst_controller_001:reset_out:reset_req (reset_req)"
Warning: nios_system: "No matching role found for rst_controller_001:reset_out:reset_req (reset_req)"
Warning: nios_system: "No matching role found for rst_controller_001:reset_out:reset_req (reset_req)"
Warning: nios_system: "No matching role found for rst_controller_001:reset_out:reset_req (reset_req)"
Warning: nios_system: "No matching role found for rst_controller_001:reset_out:reset_req (reset_req)"
Warning: nios_system: "No matching role found for rst_controller_001:reset_out:reset_req (reset_req)"
Warning: nios_system: "No matching role found for rst_controller_001:reset_out:reset_req (reset_req)"
Warning: nios_system: "No matching role found for rst_controller_001:reset_out:reset_req (reset_req)"
Warning: nios_system: "No matching role found for rst_controller_001:reset_out:reset_req (reset_req)"
Warning: nios_system: "No matching role found for rst_controller_001:reset_out:reset_req (reset_req)"
Warning: nios_system: "No matching role found for rst_controller_001:reset_out:reset_req (reset_req)"
Warning: nios_system: "No matching role found for rst_controller_001:reset_out:reset_req (reset_req)"
Warning: nios_system: "No matching role found for rst_controller_001:reset_out:reset_req (reset_req)"
Warning: nios_system: "No matching role found for rst_controller_001:reset_out:reset_req (reset_req)"
Warning: nios_system: "No matching role found for rst_controller_001:reset_out:reset_req (reset_req)"
Warning: nios_system: "No matching role found for rst_controller_001:reset_out:reset_req (reset_req)"
Warning: nios_system: "No matching role found for rst_controller_001:reset_out:reset_req (reset_req)"
Warning: nios_system: "No matching role found for rst_controller_001:reset_out:reset_req (reset_req)"
Warning: nios_system: "No matching role found for rst_controller_001:reset_out:reset_req (reset_req)"
Warning: nios_system: "No matching role found for rst_controller_001:reset_out:reset_req (reset_req)"
Warning: nios_system: "No matching role found for rst_controller_001:reset_out:reset_req (reset_req)"
Warning: nios_system: "No matching role found for rst_controller_001:reset_out:reset_req (reset_req)"
Warning: nios_system: "No matching role found for rst_controller_001:reset_out:reset_req (reset_req)"
Warning: nios_system: "No matching role found for rst_controller_001:reset_out:reset_req (reset_req)"
Warning: nios_system: "No matching role found for rst_controller_001:reset_out:reset_req (reset_req)"
Warning: nios_system: "No matching role found for rst_controller_001:reset_out:reset_req (reset_req)"
Warning: nios_system: "No matching role found for rst_controller_001:reset_out:reset_req (reset_req)"
Warning: nios_system: "No matching role found for rst_controller_001:reset_out:reset_req (reset_req)"
Warning: nios_system: "No matching role found for rst_controller_001:reset_out:reset_req (reset_req)"
Warning: nios_system: "No matching role found for rst_controller_001:reset_out:reset_req (reset_req)"
Warning: nios_system: "No matching role found for rst_controller_001:reset_out:reset_req (reset_req)"
Warning: nios_system: "No matching role found for rst_controller_001:reset_out:reset_req (reset_req)"
Warning: nios_system: "No matching role found for rst_controller_001:reset_out:reset_req (reset_req)"
Warning: nios_system: "No matching role found for rst_controller_001:reset_out:reset_req (reset_req)"
Warning: nios_system: "No matching role found for rst_controller_001:reset_out:reset_req (reset_req)"
Warning: nios_system: "No matching role found for rst_controller_001:reset_out:reset_req (reset_req)"
Warning: nios_system: "No matching role found for rst_controller_001:reset_out:reset_req (reset_req)"
Warning: nios_system: "No matching role found for rst_controller_001:reset_out:reset_req (reset_req)"
Warning: nios_system: "No matching role found for rst_controller_001:reset_out:reset_req (reset_req)"
Warning: nios_system: "No matching role found for rst_controller_001:reset_out:reset_req (reset_req)"
Warning: nios_system: "No matching role found for rst_controller_001:reset_out:reset_req (reset_req)"
Warning: nios_system: "No matching role found for rst_controller_001:reset_out:reset_req (reset_req)"
Warning: nios_system: "No matching role found for rst_controller_001:reset_out:reset_req (reset_req)"
Warning: nios_system: "No matching role found for rst_controller_001:reset_out:reset_req (reset_req)"
Warning: nios_system: "No matching role found for rst_controller_001:reset_out:reset_req (reset_req)"
Warning: nios_system: "No matching role found for rst_controller_001:reset_out:reset_req (reset_req)"
Warning: nios_system: "No matching role found for rst_controller_001:reset_out:reset_req (reset_req)"
Warning: nios_system: "No matching role found for rst_controller_001:reset_out:reset_req (reset_req)"
Warning: nios_system: "No matching role found for rst_controller_001:reset_out:reset_req (reset_req)"
Warning: nios_system: "No matching role found for rst_controller_001:reset_out:reset_req (reset_req)"
Warning: nios_system: "No matching role found for rst_controller_001:reset_out:reset_req (reset_req)"
Warning: nios_system: "No matching role found for rst_controller_001:reset_out:reset_req (reset_req)"
Warning: nios_system: "No matching role found for rst_controller_001:reset_out:reset_req (reset_req)"
Warning: nios_system: "No matching role found for rst_controller_001:reset_out:reset_req (reset_req)"
Warning: nios_system: "No matching role found for rst_controller_001:reset_out:reset_req (reset_req)"
Warning: nios_system: "No matching role found for rst_controller_001:reset_out:reset_req (reset_req)"
Warning: nios_system: "No matching role found for rst_controller_001:reset_out:reset_req (reset_req)"
Warning: nios_system: "No matching role found for rst_controller_001:reset_out:reset_req (reset_req)"
Warning: nios_system: "No matching role found for rst_controller_001:reset_out:reset_req (reset_req)"
Warning: nios_system: "No matching role found for rst_controller_001:reset_out:reset_req (reset_req)"
Warning: nios_system: "No matching role found for rst_controller_001:reset_out:reset_req (reset_req)"
Info: up_clocks_0: Starting Generation of Required Clocks for DE-Series Boards
Info: up_clocks_0: "nios_system" instantiated altera_up_clocks "up_clocks_0"
Info: SDRAM: Starting RTL generation for module 'nios_system_SDRAM'
Info: SDRAM:   Generation command is [exec C:/altera/13.0sp1/quartus/bin/perl/bin/perl.exe -I C:/altera/13.0sp1/quartus/common/ip/altera/common/perl/5.8.3 -I C:/altera/13.0sp1/quartus/sopc_builder/bin/europa -I C:/altera/13.0sp1/quartus/sopc_builder/bin/perl_lib -I C:/altera/13.0sp1/quartus/sopc_builder/bin -I C:/altera/13.0sp1/quartus/../ip/altera/sopc_builder_ip/common -I C:/altera/13.0sp1/quartus/../ip/altera/sopc_builder_ip/altera_avalon_new_sdram_controller -- C:/altera/13.0sp1/quartus/../ip/altera/sopc_builder_ip/altera_avalon_new_sdram_controller/generate_rtl.pl --name=nios_system_SDRAM --dir=C:/Users/secours/AppData/Local/Temp/alt0136_779208934271748068.dir/0002_SDRAM_gen/ --quartus_dir=C:/altera/13.0sp1/quartus --verilog --config=C:/Users/secours/AppData/Local/Temp/alt0136_779208934271748068.dir/0002_SDRAM_gen//nios_system_SDRAM_component_configuration.pl  --do_build_sim=0  ]
Info: SDRAM: Done RTL generation for module 'nios_system_SDRAM'
Info: SDRAM: "nios_system" instantiated altera_avalon_new_sdram_controller "SDRAM"
Info: SRAM: Starting Generation of SRAM or SSRAM Controller
Info: SRAM: "nios_system" instantiated altera_up_avalon_sram "SRAM"
Info: ONCHIP: Starting RTL generation for module 'nios_system_ONCHIP'
Info: ONCHIP:   Generation command is [exec C:/altera/13.0sp1/quartus/bin/perl/bin/perl.exe -I C:/altera/13.0sp1/quartus/common/ip/altera/common/perl/5.8.3 -I C:/altera/13.0sp1/quartus/sopc_builder/bin/europa -I C:/altera/13.0sp1/quartus/sopc_builder/bin/perl_lib -I C:/altera/13.0sp1/quartus/sopc_builder/bin -I C:/altera/13.0sp1/quartus/../ip/altera/sopc_builder_ip/common -I C:/altera/13.0sp1/quartus/../ip/altera/sopc_builder_ip/altera_avalon_onchip_memory2 -- C:/altera/13.0sp1/quartus/../ip/altera/sopc_builder_ip/altera_avalon_onchip_memory2/generate_rtl.pl --name=nios_system_ONCHIP --dir=C:/Users/secours/AppData/Local/Temp/alt0136_779208934271748068.dir/0004_ONCHIP_gen/ --quartus_dir=C:/altera/13.0sp1/quartus --verilog --config=C:/Users/secours/AppData/Local/Temp/alt0136_779208934271748068.dir/0004_ONCHIP_gen//nios_system_ONCHIP_component_configuration.pl  --do_build_sim=0  ]
Info: ONCHIP: Done RTL generation for module 'nios_system_ONCHIP'
Info: ONCHIP: "nios_system" instantiated altera_avalon_onchip_memory2 "ONCHIP"
Info: NIOS: Starting RTL generation for module 'nios_system_NIOS'
Info: NIOS:   Generation command is [exec C:/altera/13.0sp1/quartus/../ip/altera/nios2_ip/altera_nios2/eperl.exe -I C:/altera/13.0sp1/quartus/common/ip/altera/common/perl/5.8.3 -I C:/altera/13.0sp1/quartus/sopc_builder/bin/europa -I C:/altera/13.0sp1/quartus/sopc_builder/bin/perl_lib -I C:/altera/13.0sp1/quartus/sopc_builder/bin -I C:/altera/13.0sp1/quartus/../ip/altera/nios2_ip/altera_nios2/cpu_lib -I C:/altera/13.0sp1/quartus/../ip/altera/nios2_ip/altera_nios2/nios_lib -I C:/altera/13.0sp1/quartus/../ip/altera/nios2_ip/altera_nios2 -I C:/altera/13.0sp1/quartus/../ip/altera/nios2_ip/altera_nios2 -- C:/altera/13.0sp1/quartus/../ip/altera/nios2_ip/altera_nios2/generate_rtl.epl --name=nios_system_NIOS --dir=C:/Users/secours/AppData/Local/Temp/alt0136_779208934271748068.dir/0005_NIOS_gen/ --quartus_dir=C:/altera/13.0sp1/quartus --verilog --config=C:/Users/secours/AppData/Local/Temp/alt0136_779208934271748068.dir/0005_NIOS_gen//nios_system_NIOS_processor_configuration.pl  --do_build_sim=0    --bogus  ]
Info: NIOS: # 2025.02.17 09:50:16 (*) Starting Nios II generation
Info: NIOS: # 2025.02.17 09:50:16 (*)   Checking for plaintext license.
Info: NIOS: # 2025.02.17 09:50:31 (*)   Plaintext license not found.
Info: NIOS: # 2025.02.17 09:50:31 (*)   Checking for encrypted license (non-evaluation).
Info: NIOS: # 2025.02.17 09:50:41 (*)   Encrypted license found.  SOF will not be time-limited.
Info: NIOS: # 2025.02.17 09:50:41 (*)   Elaborating CPU configuration settings
Info: NIOS: # 2025.02.17 09:50:41 (*)   Creating all objects for CPU
Info: NIOS: # 2025.02.17 09:50:41 (*)     Testbench
Info: NIOS: # 2025.02.17 09:50:41 (*)     Instruction decoding
Info: NIOS: # 2025.02.17 09:50:41 (*)       Instruction fields
Info: NIOS: # 2025.02.17 09:50:41 (*)       Instruction decodes
Info: NIOS: # 2025.02.17 09:50:42 (*)       Signals for RTL simulation waveforms
Info: NIOS: # 2025.02.17 09:50:42 (*)       Instruction controls
Info: NIOS: # 2025.02.17 09:50:42 (*)     Pipeline frontend
Info: NIOS: # 2025.02.17 09:50:42 (*)     Pipeline backend
Info: NIOS: # 2025.02.17 09:50:43 (*)   Generating RTL from CPU objects
Info: NIOS: # 2025.02.17 09:50:44 (*)   Creating encrypted RTL
Info: NIOS: # 2025.02.17 09:50:45 (*) Done Nios II generation
Info: NIOS: Done RTL generation for module 'nios_system_NIOS'
Info: NIOS: "nios_system" instantiated altera_nios2_qsys "NIOS"
Info: JTAG_UART: Starting RTL generation for module 'nios_system_JTAG_UART'
Info: JTAG_UART:   Generation command is [exec C:/altera/13.0sp1/quartus/bin/perl/bin/perl.exe -I C:/altera/13.0sp1/quartus/common/ip/altera/common/perl/5.8.3 -I C:/altera/13.0sp1/quartus/sopc_builder/bin/europa -I C:/altera/13.0sp1/quartus/sopc_builder/bin/perl_lib -I C:/altera/13.0sp1/quartus/sopc_builder/bin -I C:/altera/13.0sp1/quartus/../ip/altera/sopc_builder_ip/common -I C:/altera/13.0sp1/quartus/../ip/altera/sopc_builder_ip/altera_avalon_jtag_uart -- C:/altera/13.0sp1/quartus/../ip/altera/sopc_builder_ip/altera_avalon_jtag_uart/generate_rtl.pl --name=nios_system_JTAG_UART --dir=C:/Users/secours/AppData/Local/Temp/alt0136_779208934271748068.dir/0006_JTAG_UART_gen/ --quartus_dir=C:/altera/13.0sp1/quartus --verilog --config=C:/Users/secours/AppData/Local/Temp/alt0136_779208934271748068.dir/0006_JTAG_UART_gen//nios_system_JTAG_UART_component_configuration.pl  --do_build_sim=0  ]
Info: JTAG_UART: Done RTL generation for module 'nios_system_JTAG_UART'
Info: JTAG_UART: "nios_system" instantiated altera_avalon_jtag_uart "JTAG_UART"
Info: sysid: "nios_system" instantiated altera_avalon_sysid_qsys "sysid"
Info: TIMER: Starting RTL generation for module 'nios_system_TIMER'
Info: TIMER:   Generation command is [exec C:/altera/13.0sp1/quartus/bin/perl/bin/perl.exe -I C:/altera/13.0sp1/quartus/common/ip/altera/common/perl/5.8.3 -I C:/altera/13.0sp1/quartus/sopc_builder/bin/europa -I C:/altera/13.0sp1/quartus/sopc_builder/bin/perl_lib -I C:/altera/13.0sp1/quartus/sopc_builder/bin -I C:/altera/13.0sp1/quartus/../ip/altera/sopc_builder_ip/common -I C:/altera/13.0sp1/quartus/../ip/altera/sopc_builder_ip/altera_avalon_timer -- C:/altera/13.0sp1/quartus/../ip/altera/sopc_builder_ip/altera_avalon_timer/generate_rtl.pl --name=nios_system_TIMER --dir=C:/Users/secours/AppData/Local/Temp/alt0136_779208934271748068.dir/0008_TIMER_gen/ --quartus_dir=C:/altera/13.0sp1/quartus --verilog --config=C:/Users/secours/AppData/Local/Temp/alt0136_779208934271748068.dir/0008_TIMER_gen//nios_system_TIMER_component_configuration.pl  --do_build_sim=0  ]
Info: TIMER: Done RTL generation for module 'nios_system_TIMER'
Info: TIMER: "nios_system" instantiated altera_avalon_timer "TIMER"
Info: SW: Starting RTL generation for module 'nios_system_SW'
Info: SW:   Generation command is [exec C:/altera/13.0sp1/quartus/bin/perl/bin/perl.exe -I C:/altera/13.0sp1/quartus/common/ip/altera/common/perl/5.8.3 -I C:/altera/13.0sp1/quartus/sopc_builder/bin/europa -I C:/altera/13.0sp1/quartus/sopc_builder/bin/perl_lib -I C:/altera/13.0sp1/quartus/sopc_builder/bin -I C:/altera/13.0sp1/quartus/../ip/altera/sopc_builder_ip/common -I C:/altera/13.0sp1/quartus/../ip/altera/sopc_builder_ip/altera_avalon_pio -- C:/altera/13.0sp1/quartus/../ip/altera/sopc_builder_ip/altera_avalon_pio/generate_rtl.pl --name=nios_system_SW --dir=C:/Users/secours/AppData/Local/Temp/alt0136_779208934271748068.dir/0009_SW_gen/ --quartus_dir=C:/altera/13.0sp1/quartus --verilog --config=C:/Users/secours/AppData/Local/Temp/alt0136_779208934271748068.dir/0009_SW_gen//nios_system_SW_component_configuration.pl  --do_build_sim=0  ]
Info: SW: Done RTL generation for module 'nios_system_SW'
Info: SW: "nios_system" instantiated altera_avalon_pio "SW"
Info: LEDR: Starting RTL generation for module 'nios_system_LEDR'
Info: LEDR:   Generation command is [exec C:/altera/13.0sp1/quartus/bin/perl/bin/perl.exe -I C:/altera/13.0sp1/quartus/common/ip/altera/common/perl/5.8.3 -I C:/altera/13.0sp1/quartus/sopc_builder/bin/europa -I C:/altera/13.0sp1/quartus/sopc_builder/bin/perl_lib -I C:/altera/13.0sp1/quartus/sopc_builder/bin -I C:/altera/13.0sp1/quartus/../ip/altera/sopc_builder_ip/common -I C:/altera/13.0sp1/quartus/../ip/altera/sopc_builder_ip/altera_avalon_pio -- C:/altera/13.0sp1/quartus/../ip/altera/sopc_builder_ip/altera_avalon_pio/generate_rtl.pl --name=nios_system_LEDR --dir=C:/Users/secours/AppData/Local/Temp/alt0136_779208934271748068.dir/0010_LEDR_gen/ --quartus_dir=C:/altera/13.0sp1/quartus --verilog --config=C:/Users/secours/AppData/Local/Temp/alt0136_779208934271748068.dir/0010_LEDR_gen//nios_system_LEDR_component_configuration.pl  --do_build_sim=0  ]
Info: LEDR: Done RTL generation for module 'nios_system_LEDR'
Info: LEDR: "nios_system" instantiated altera_avalon_pio "LEDR"
Info: start: Starting RTL generation for module 'nios_system_start'
Info: start:   Generation command is [exec C:/altera/13.0sp1/quartus/bin/perl/bin/perl.exe -I C:/altera/13.0sp1/quartus/common/ip/altera/common/perl/5.8.3 -I C:/altera/13.0sp1/quartus/sopc_builder/bin/europa -I C:/altera/13.0sp1/quartus/sopc_builder/bin/perl_lib -I C:/altera/13.0sp1/quartus/sopc_builder/bin -I C:/altera/13.0sp1/quartus/../ip/altera/sopc_builder_ip/common -I C:/altera/13.0sp1/quartus/../ip/altera/sopc_builder_ip/altera_avalon_pio -- C:/altera/13.0sp1/quartus/../ip/altera/sopc_builder_ip/altera_avalon_pio/generate_rtl.pl --name=nios_system_start --dir=C:/Users/secours/AppData/Local/Temp/alt0136_779208934271748068.dir/0011_start_gen/ --quartus_dir=C:/altera/13.0sp1/quartus --verilog --config=C:/Users/secours/AppData/Local/Temp/alt0136_779208934271748068.dir/0011_start_gen//nios_system_start_component_configuration.pl  --do_build_sim=0  ]
Info: start: Done RTL generation for module 'nios_system_start'
Info: start: "nios_system" instantiated altera_avalon_pio "start"
Info: A: Starting RTL generation for module 'nios_system_A'
Info: A:   Generation command is [exec C:/altera/13.0sp1/quartus/bin/perl/bin/perl.exe -I C:/altera/13.0sp1/quartus/common/ip/altera/common/perl/5.8.3 -I C:/altera/13.0sp1/quartus/sopc_builder/bin/europa -I C:/altera/13.0sp1/quartus/sopc_builder/bin/perl_lib -I C:/altera/13.0sp1/quartus/sopc_builder/bin -I C:/altera/13.0sp1/quartus/../ip/altera/sopc_builder_ip/common -I C:/altera/13.0sp1/quartus/../ip/altera/sopc_builder_ip/altera_avalon_pio -- C:/altera/13.0sp1/quartus/../ip/altera/sopc_builder_ip/altera_avalon_pio/generate_rtl.pl --name=nios_system_A --dir=C:/Users/secours/AppData/Local/Temp/alt0136_779208934271748068.dir/0012_A_gen/ --quartus_dir=C:/altera/13.0sp1/quartus --verilog --config=C:/Users/secours/AppData/Local/Temp/alt0136_779208934271748068.dir/0012_A_gen//nios_system_A_component_configuration.pl  --do_build_sim=0  ]
Info: A: Done RTL generation for module 'nios_system_A'
Info: A: "nios_system" instantiated altera_avalon_pio "A"
Info: result: Starting RTL generation for module 'nios_system_result'
Info: result:   Generation command is [exec C:/altera/13.0sp1/quartus/bin/perl/bin/perl.exe -I C:/altera/13.0sp1/quartus/common/ip/altera/common/perl/5.8.3 -I C:/altera/13.0sp1/quartus/sopc_builder/bin/europa -I C:/altera/13.0sp1/quartus/sopc_builder/bin/perl_lib -I C:/altera/13.0sp1/quartus/sopc_builder/bin -I C:/altera/13.0sp1/quartus/../ip/altera/sopc_builder_ip/common -I C:/altera/13.0sp1/quartus/../ip/altera/sopc_builder_ip/altera_avalon_pio -- C:/altera/13.0sp1/quartus/../ip/altera/sopc_builder_ip/altera_avalon_pio/generate_rtl.pl --name=nios_system_result --dir=C:/Users/secours/AppData/Local/Temp/alt0136_779208934271748068.dir/0013_result_gen/ --quartus_dir=C:/altera/13.0sp1/quartus --verilog --config=C:/Users/secours/AppData/Local/Temp/alt0136_779208934271748068.dir/0013_result_gen//nios_system_result_component_configuration.pl  --do_build_sim=0  ]
Info: result: Done RTL generation for module 'nios_system_result'
Info: result: "nios_system" instantiated altera_avalon_pio "result"
Info: done: Starting RTL generation for module 'nios_system_done'
Info: done:   Generation command is [exec C:/altera/13.0sp1/quartus/bin/perl/bin/perl.exe -I C:/altera/13.0sp1/quartus/common/ip/altera/common/perl/5.8.3 -I C:/altera/13.0sp1/quartus/sopc_builder/bin/europa -I C:/altera/13.0sp1/quartus/sopc_builder/bin/perl_lib -I C:/altera/13.0sp1/quartus/sopc_builder/bin -I C:/altera/13.0sp1/quartus/../ip/altera/sopc_builder_ip/common -I C:/altera/13.0sp1/quartus/../ip/altera/sopc_builder_ip/altera_avalon_pio -- C:/altera/13.0sp1/quartus/../ip/altera/sopc_builder_ip/altera_avalon_pio/generate_rtl.pl --name=nios_system_done --dir=C:/Users/secours/AppData/Local/Temp/alt0136_779208934271748068.dir/0014_done_gen/ --quartus_dir=C:/altera/13.0sp1/quartus --verilog --config=C:/Users/secours/AppData/Local/Temp/alt0136_779208934271748068.dir/0014_done_gen//nios_system_done_component_configuration.pl  --do_build_sim=0  ]
Info: done: Done RTL generation for module 'nios_system_done'
Info: done: "nios_system" instantiated altera_avalon_pio "done"
Info: NIOS_instruction_master_translator: "nios_system" instantiated altera_merlin_master_translator "NIOS_instruction_master_translator"
Info: NIOS_jtag_debug_module_translator: "nios_system" instantiated altera_merlin_slave_translator "NIOS_jtag_debug_module_translator"
Info: NIOS_instruction_master_translator_avalon_universal_master_0_agent: "nios_system" instantiated altera_merlin_master_agent "NIOS_instruction_master_translator_avalon_universal_master_0_agent"
Info: NIOS_jtag_debug_module_translator_avalon_universal_slave_0_agent: "nios_system" instantiated altera_merlin_slave_agent "NIOS_jtag_debug_module_translator_avalon_universal_slave_0_agent"
Info: NIOS_jtag_debug_module_translator_avalon_universal_slave_0_agent_rsp_fifo: "nios_system" instantiated altera_avalon_sc_fifo "NIOS_jtag_debug_module_translator_avalon_universal_slave_0_agent_rsp_fifo"
Info: addr_router: "nios_system" instantiated altera_merlin_router "addr_router"
Info: addr_router_001: "nios_system" instantiated altera_merlin_router "addr_router_001"
Info: id_router: "nios_system" instantiated altera_merlin_router "id_router"
Info: id_router_002: "nios_system" instantiated altera_merlin_router "id_router_002"
Info: id_router_005: "nios_system" instantiated altera_merlin_router "id_router_005"
Info: limiter: "nios_system" instantiated altera_merlin_traffic_limiter "limiter"
Info: burst_adapter: "nios_system" instantiated altera_merlin_burst_adapter "burst_adapter"
Info: rst_controller: "nios_system" instantiated altera_reset_controller "rst_controller"
Info: cmd_xbar_demux: "nios_system" instantiated altera_merlin_demultiplexer "cmd_xbar_demux"
Info: cmd_xbar_demux_001: "nios_system" instantiated altera_merlin_demultiplexer "cmd_xbar_demux_001"
Info: cmd_xbar_mux: "nios_system" instantiated altera_merlin_multiplexer "cmd_xbar_mux"
Info: rsp_xbar_demux: "nios_system" instantiated altera_merlin_demultiplexer "rsp_xbar_demux"
Info: rsp_xbar_demux_005: "nios_system" instantiated altera_merlin_demultiplexer "rsp_xbar_demux_005"
Info: rsp_xbar_mux: "nios_system" instantiated altera_merlin_multiplexer "rsp_xbar_mux"
Info: Reusing file C:/Users/secours/Documents/TP_A3_SQRT_VHDL/Nios/nios_system/synthesis/submodules/altera_merlin_arbitrator.sv
Info: rsp_xbar_mux_001: "nios_system" instantiated altera_merlin_multiplexer "rsp_xbar_mux_001"
Info: Reusing file C:/Users/secours/Documents/TP_A3_SQRT_VHDL/Nios/nios_system/synthesis/submodules/altera_merlin_arbitrator.sv
Info: width_adapter: "nios_system" instantiated altera_merlin_width_adapter "width_adapter"
Info: Reusing file C:/Users/secours/Documents/TP_A3_SQRT_VHDL/Nios/nios_system/synthesis/submodules/altera_merlin_address_alignment.sv
Info: Reusing file C:/Users/secours/Documents/TP_A3_SQRT_VHDL/Nios/nios_system/synthesis/submodules/altera_merlin_burst_uncompressor.sv
Info: irq_mapper: "nios_system" instantiated altera_irq_mapper "irq_mapper"
Info: nios_system: Done nios_system" with 37 modules, 181 files, 3816650 bytes
Info: ip-generate succeeded.
Info: Finished: Create HDL design files for synthesis
