Archive member included because of file (symbol)

c:/altera/13.0sp1/nios2eds/bin/gnu/h-i686-mingw32/bin/../lib/gcc/nios2-elf/4.1.2/../../../../nios2-elf/lib\libsmallc.a(lib_a-printf.o)
                              obj/default/hello_world.o (printf)
c:/altera/13.0sp1/nios2eds/bin/gnu/h-i686-mingw32/bin/../lib/gcc/nios2-elf/4.1.2/../../../../nios2-elf/lib\libsmallc.a(lib_a-puts.o)
                              obj/default/hello_world.o (puts)
c:/altera/13.0sp1/nios2eds/bin/gnu/h-i686-mingw32/bin/../lib/gcc/nios2-elf/4.1.2/../../../../nios2-elf/lib\libsmallc.a(lib_a-strlen.o)
                              c:/altera/13.0sp1/nios2eds/bin/gnu/h-i686-mingw32/bin/../lib/gcc/nios2-elf/4.1.2/../../../../nios2-elf/lib\libsmallc.a(lib_a-puts.o) (strlen)
c:/altera/13.0sp1/nios2eds/bin/gnu/h-i686-mingw32/bin/../lib/gcc/nios2-elf/4.1.2/../../../../nios2-elf/lib\libsmallc.a(lib_a-vfprintf.o)
                              c:/altera/13.0sp1/nios2eds/bin/gnu/h-i686-mingw32/bin/../lib/gcc/nios2-elf/4.1.2/../../../../nios2-elf/lib\libsmallc.a(lib_a-printf.o) (___vfprintf_internal_r)
c:/altera/13.0sp1/nios2eds/bin/gnu/h-i686-mingw32/bin/../lib/gcc/nios2-elf/4.1.2/../../../../nios2-elf/lib\libsmallc.a(lib_a-fvwrite_small_dev.o)
                              c:/altera/13.0sp1/nios2eds/bin/gnu/h-i686-mingw32/bin/../lib/gcc/nios2-elf/4.1.2/../../../../nios2-elf/lib\libsmallc.a(lib_a-printf.o) (__sfvwrite_small_dev)
c:/altera/13.0sp1/nios2eds/bin/gnu/h-i686-mingw32/bin/../lib/gcc/nios2-elf/4.1.2/../../../../nios2-elf/lib\libsmallc.a(lib_a-impure.o)
                              c:/altera/13.0sp1/nios2eds/bin/gnu/h-i686-mingw32/bin/../lib/gcc/nios2-elf/4.1.2/../../../../nios2-elf/lib\libsmallc.a(lib_a-printf.o) (_impure_ptr)
c:/altera/13.0sp1/nios2eds/bin/gnu/h-i686-mingw32/bin/../lib/gcc/nios2-elf/4.1.2/../../../../nios2-elf/lib\libsmallc.a(lib_a-writer.o)
                              c:/altera/13.0sp1/nios2eds/bin/gnu/h-i686-mingw32/bin/../lib/gcc/nios2-elf/4.1.2/../../../../nios2-elf/lib\libsmallc.a(lib_a-fvwrite_small_dev.o) (_write_r)
c:/altera/13.0sp1/nios2eds/bin/gnu/h-i686-mingw32/bin/../lib/gcc/nios2-elf/4.1.2/../../../../nios2-elf/lib\libsmallc.a(lib_a-int_errno.o)
                              c:/altera/13.0sp1/nios2eds/bin/gnu/h-i686-mingw32/bin/../lib/gcc/nios2-elf/4.1.2/../../../../nios2-elf/lib\libsmallc.a(lib_a-writer.o) (errno)
c:/altera/13.0sp1/nios2eds/bin/gnu/h-i686-mingw32/bin/../lib/gcc/nios2-elf/4.1.2\libgcc.a(lib2-divmod.o)
                              c:/altera/13.0sp1/nios2eds/bin/gnu/h-i686-mingw32/bin/../lib/gcc/nios2-elf/4.1.2/../../../../nios2-elf/lib\libsmallc.a(lib_a-vfprintf.o) (__udivsi3)
../sqrt_v3_06_02_bsp/\libhal_bsp.a(alt_load.o)
                              ../sqrt_v3_06_02_bsp//obj/HAL/src/crt0.o (alt_load)
../sqrt_v3_06_02_bsp/\libhal_bsp.a(alt_main.o)
                              ../sqrt_v3_06_02_bsp//obj/HAL/src/crt0.o (alt_main)
../sqrt_v3_06_02_bsp/\libhal_bsp.a(alt_write.o)
                              c:/altera/13.0sp1/nios2eds/bin/gnu/h-i686-mingw32/bin/../lib/gcc/nios2-elf/4.1.2/../../../../nios2-elf/lib\libsmallc.a(lib_a-writer.o) (write)
../sqrt_v3_06_02_bsp/\libhal_bsp.a(alt_sys_init.o)
                              ../sqrt_v3_06_02_bsp/\libhal_bsp.a(alt_main.o) (alt_irq_init)
../sqrt_v3_06_02_bsp/\libhal_bsp.a(altera_avalon_jtag_uart_fd.o)
                              ../sqrt_v3_06_02_bsp/\libhal_bsp.a(alt_sys_init.o) (altera_avalon_jtag_uart_read_fd)
../sqrt_v3_06_02_bsp/\libhal_bsp.a(altera_avalon_jtag_uart_read.o)
                              ../sqrt_v3_06_02_bsp/\libhal_bsp.a(altera_avalon_jtag_uart_fd.o) (altera_avalon_jtag_uart_read)
../sqrt_v3_06_02_bsp/\libhal_bsp.a(altera_avalon_jtag_uart_write.o)
                              ../sqrt_v3_06_02_bsp/\libhal_bsp.a(altera_avalon_jtag_uart_fd.o) (altera_avalon_jtag_uart_write)
../sqrt_v3_06_02_bsp/\libhal_bsp.a(altera_avalon_timer_ts.o)
                              obj/default/hello_world.o (alt_timestamp_start)
../sqrt_v3_06_02_bsp/\libhal_bsp.a(altera_avalon_timer_vars.o)
                              ../sqrt_v3_06_02_bsp/\libhal_bsp.a(alt_sys_init.o) (altera_avalon_timer_ts_base)
../sqrt_v3_06_02_bsp/\libhal_bsp.a(alt_close.o)
                              ../sqrt_v3_06_02_bsp/\libhal_bsp.a(alt_main.o) (close)
../sqrt_v3_06_02_bsp/\libhal_bsp.a(alt_dcache_flush_all.o)
                              ../sqrt_v3_06_02_bsp/\libhal_bsp.a(alt_load.o) (alt_dcache_flush_all)
../sqrt_v3_06_02_bsp/\libhal_bsp.a(alt_dev.o)
                              ../sqrt_v3_06_02_bsp/\libhal_bsp.a(alt_sys_init.o) (alt_dev_list)
../sqrt_v3_06_02_bsp/\libhal_bsp.a(alt_dev_llist_insert.o)
                              ../sqrt_v3_06_02_bsp/\libhal_bsp.a(alt_sys_init.o) (alt_dev_llist_insert)
../sqrt_v3_06_02_bsp/\libhal_bsp.a(alt_do_ctors.o)
                              ../sqrt_v3_06_02_bsp/\libhal_bsp.a(alt_main.o) (_do_ctors)
../sqrt_v3_06_02_bsp/\libhal_bsp.a(alt_do_dtors.o)
                              ../sqrt_v3_06_02_bsp/\libhal_bsp.a(alt_main.o) (_do_dtors)
../sqrt_v3_06_02_bsp/\libhal_bsp.a(alt_errno.o)
                              ../sqrt_v3_06_02_bsp/\libhal_bsp.a(alt_write.o) (alt_errno)
../sqrt_v3_06_02_bsp/\libhal_bsp.a(alt_icache_flush_all.o)
                              ../sqrt_v3_06_02_bsp/\libhal_bsp.a(alt_load.o) (alt_icache_flush_all)
../sqrt_v3_06_02_bsp/\libhal_bsp.a(alt_io_redirect.o)
                              ../sqrt_v3_06_02_bsp/\libhal_bsp.a(alt_main.o) (alt_io_redirect)
../sqrt_v3_06_02_bsp/\libhal_bsp.a(alt_open.o)
                              ../sqrt_v3_06_02_bsp/\libhal_bsp.a(alt_io_redirect.o) (open)
../sqrt_v3_06_02_bsp/\libhal_bsp.a(alt_release_fd.o)
                              ../sqrt_v3_06_02_bsp/\libhal_bsp.a(alt_close.o) (alt_release_fd)
../sqrt_v3_06_02_bsp/\libhal_bsp.a(altera_nios2_qsys_irq.o)
                              ../sqrt_v3_06_02_bsp/\libhal_bsp.a(alt_sys_init.o) (altera_nios2_qsys_irq_init)
../sqrt_v3_06_02_bsp/\libhal_bsp.a(alt_find_dev.o)
                              ../sqrt_v3_06_02_bsp/\libhal_bsp.a(alt_open.o) (alt_find_dev)
../sqrt_v3_06_02_bsp/\libhal_bsp.a(alt_find_file.o)
                              ../sqrt_v3_06_02_bsp/\libhal_bsp.a(alt_open.o) (alt_find_file)
../sqrt_v3_06_02_bsp/\libhal_bsp.a(alt_get_fd.o)
                              ../sqrt_v3_06_02_bsp/\libhal_bsp.a(alt_open.o) (alt_get_fd)
../sqrt_v3_06_02_bsp/\libhal_bsp.a(alt_icache_flush.o)
                              ../sqrt_v3_06_02_bsp/\libhal_bsp.a(alt_icache_flush_all.o) (alt_icache_flush)
c:/altera/13.0sp1/nios2eds/bin/gnu/h-i686-mingw32/bin/../lib/gcc/nios2-elf/4.1.2/../../../../nios2-elf/lib\libsmallc.a(lib_a-atexit.o)
                              ../sqrt_v3_06_02_bsp/\libhal_bsp.a(alt_main.o) (atexit)
c:/altera/13.0sp1/nios2eds/bin/gnu/h-i686-mingw32/bin/../lib/gcc/nios2-elf/4.1.2/../../../../nios2-elf/lib\libsmallc.a(lib_a-exit.o)
                              ../sqrt_v3_06_02_bsp/\libhal_bsp.a(alt_main.o) (exit)
c:/altera/13.0sp1/nios2eds/bin/gnu/h-i686-mingw32/bin/../lib/gcc/nios2-elf/4.1.2/../../../../nios2-elf/lib\libsmallc.a(lib_a-memcmp.o)
                              ../sqrt_v3_06_02_bsp/\libhal_bsp.a(alt_find_dev.o) (memcmp)
c:/altera/13.0sp1/nios2eds/bin/gnu/h-i686-mingw32/bin/../lib/gcc/nios2-elf/4.1.2/../../../../nios2-elf/lib\libsmallc.a(lib_a-__atexit.o)
                              c:/altera/13.0sp1/nios2eds/bin/gnu/h-i686-mingw32/bin/../lib/gcc/nios2-elf/4.1.2/../../../../nios2-elf/lib\libsmallc.a(lib_a-atexit.o) (__register_exitproc)
c:/altera/13.0sp1/nios2eds/bin/gnu/h-i686-mingw32/bin/../lib/gcc/nios2-elf/4.1.2/../../../../nios2-elf/lib\libsmallc.a(lib_a-__call_atexit.o)
                              c:/altera/13.0sp1/nios2eds/bin/gnu/h-i686-mingw32/bin/../lib/gcc/nios2-elf/4.1.2/../../../../nios2-elf/lib\libsmallc.a(lib_a-exit.o) (__call_exitprocs)
../sqrt_v3_06_02_bsp/\libhal_bsp.a(alt_exit.o)
                              c:/altera/13.0sp1/nios2eds/bin/gnu/h-i686-mingw32/bin/../lib/gcc/nios2-elf/4.1.2/../../../../nios2-elf/lib\libsmallc.a(lib_a-exit.o) (_exit)

Allocating common symbols
Common symbol       size              file

errno               0x4               c:/altera/13.0sp1/nios2eds/bin/gnu/h-i686-mingw32/bin/../lib/gcc/nios2-elf/4.1.2/../../../../nios2-elf/lib\libsmallc.a(lib_a-int_errno.o)
_atexit0            0x8c              c:/altera/13.0sp1/nios2eds/bin/gnu/h-i686-mingw32/bin/../lib/gcc/nios2-elf/4.1.2/../../../../nios2-elf/lib\libsmallc.a(lib_a-atexit.o)

Memory Configuration

Name             Origin             Length             Attributes
reset            0x00800000         0x00000020
SDRAM            0x00800020         0x007fffe0
SRAM             0x01080000         0x00080000
ONCHIP           0x01104000         0x00004000
*default*        0x00000000         0xffffffff

Linker script and memory map

LOAD ../sqrt_v3_06_02_bsp//obj/HAL/src/crt0.o
LOAD obj/default/hello_world.o
LOAD c:/altera/13.0sp1/nios2eds/bin/gnu/h-i686-mingw32/bin/../lib/gcc/nios2-elf/4.1.2/../../../../nios2-elf/lib\libstdc++.a
LOAD c:/altera/13.0sp1/nios2eds/bin/gnu/h-i686-mingw32/bin/../lib/gcc/nios2-elf/4.1.2/../../../../nios2-elf/lib\libm.a
LOAD c:/altera/13.0sp1/nios2eds/bin/gnu/h-i686-mingw32/bin/../lib/gcc/nios2-elf/4.1.2\libgcc.a
START GROUP
LOAD c:/altera/13.0sp1/nios2eds/bin/gnu/h-i686-mingw32/bin/../lib/gcc/nios2-elf/4.1.2/../../../../nios2-elf/lib\libsmallc.a
LOAD c:/altera/13.0sp1/nios2eds/bin/gnu/h-i686-mingw32/bin/../lib/gcc/nios2-elf/4.1.2\libgcc.a
LOAD ../sqrt_v3_06_02_bsp/\libhal_bsp.a
END GROUP
LOAD c:/altera/13.0sp1/nios2eds/bin/gnu/h-i686-mingw32/bin/../lib/gcc/nios2-elf/4.1.2\libgcc.a
                0x00800000                __alt_mem_SDRAM = 0x800000
                0x01080000                __alt_mem_SRAM = 0x1080000
                0x01104000                __alt_mem_ONCHIP = 0x1104000

.entry          0x00800000       0x20
 *(.entry)
 .entry         0x00800000       0x20 ../sqrt_v3_06_02_bsp//obj/HAL/src/crt0.o
                0x00800000                __reset

.exceptions     0x00800020        0x0
                0x00800020                PROVIDE (__ram_exceptions_start, ABSOLUTE (.))
                0x00800020                . = ALIGN (0x20)
 *(.irq)
 *(.exceptions.entry.label)
 *(.exceptions.entry.user)
 *(.exceptions.entry)
 *(.exceptions.irqtest.user)
 *(.exceptions.irqtest)
 *(.exceptions.irqhandler.user)
 *(.exceptions.irqhandler)
 *(.exceptions.irqreturn.user)
 *(.exceptions.irqreturn)
 *(.exceptions.notirq.label)
 *(.exceptions.notirq.user)
 *(.exceptions.notirq)
 *(.exceptions.soft.user)
 *(.exceptions.soft)
 *(.exceptions.unknown.user)
 *(.exceptions.unknown)
 *(.exceptions.exit.label)
 *(.exceptions.exit.user)
 *(.exceptions.exit)
 *(.exceptions)
                0x00800020                PROVIDE (__ram_exceptions_end, ABSOLUTE (.))
                0x00800020                PROVIDE (__flash_exceptions_start, LOADADDR (.exceptions))

.text           0x01104000     0x2498
                0x01104000                PROVIDE (stext, ABSOLUTE (.))
 *(.interp)
 *(.hash)
 *(.dynsym)
 *(.dynstr)
 *(.gnu.version)
 *(.gnu.version_d)
 *(.gnu.version_r)
 *(.rel.init)
 *(.rela.init)
 *(.rel.text .rel.text.* .rel.gnu.linkonce.t.*)
 *(.rela.text .rela.text.* .rela.gnu.linkonce.t.*)
 *(.rel.fini)
 *(.rela.fini)
 *(.rel.rodata .rel.rodata.* .rel.gnu.linkonce.r.*)
 *(.rela.rodata .rela.rodata.* .rela.gnu.linkonce.r.*)
 *(.rel.data .rel.data.* .rel.gnu.linkonce.d.*)
 *(.rela.data .rela.data.* .rela.gnu.linkonce.d.*)
 *(.rel.tdata .rel.tdata.* .rel.gnu.linkonce.td.*)
 *(.rela.tdata .rela.tdata.* .rela.gnu.linkonce.td.*)
 *(.rel.tbss .rel.tbss.* .rel.gnu.linkonce.tb.*)
 *(.rela.tbss .rela.tbss.* .rela.gnu.linkonce.tb.*)
 *(.rel.ctors)
 *(.rela.ctors)
 *(.rel.dtors)
 *(.rela.dtors)
 *(.rel.got)
 *(.rela.got)
 *(.rel.sdata .rel.sdata.* .rel.gnu.linkonce.s.*)
 *(.rela.sdata .rela.sdata.* .rela.gnu.linkonce.s.*)
 *(.rel.sbss .rel.sbss.* .rel.gnu.linkonce.sb.*)
 *(.rela.sbss .rela.sbss.* .rela.gnu.linkonce.sb.*)
 *(.rel.sdata2 .rel.sdata2.* .rel.gnu.linkonce.s2.*)
 *(.rela.sdata2 .rela.sdata2.* .rela.gnu.linkonce.s2.*)
 *(.rel.sbss2 .rel.sbss2.* .rel.gnu.linkonce.sb2.*)
 *(.rela.sbss2 .rela.sbss2.* .rela.gnu.linkonce.sb2.*)
 *(.rel.bss .rel.bss.* .rel.gnu.linkonce.b.*)
 *(.rela.bss .rela.bss.* .rela.gnu.linkonce.b.*)
 *(.rel.plt)
 *(.rela.plt)
 *(.rel.dyn)
 *(.init)
 *(.plt)
 *(.text .stub .text.* .gnu.linkonce.t.*)
 .text          0x01104000       0x4c ../sqrt_v3_06_02_bsp//obj/HAL/src/crt0.o
                0x01104000                _start
 .text          0x0110404c      0x2ec obj/default/hello_world.o
                0x0110404c                sqrt
                0x01104158                main
 .text          0x01104338       0x98 c:/altera/13.0sp1/nios2eds/bin/gnu/h-i686-mingw32/bin/../lib/gcc/nios2-elf/4.1.2/../../../../nios2-elf/lib\libsmallc.a(lib_a-printf.o)
                0x01104338                printf
                0x0110438c                _printf_r
 .text          0x011043d0       0xa4 c:/altera/13.0sp1/nios2eds/bin/gnu/h-i686-mingw32/bin/../lib/gcc/nios2-elf/4.1.2/../../../../nios2-elf/lib\libsmallc.a(lib_a-puts.o)
                0x011043d0                _puts_r
                0x01104460                puts
 .text          0x01104474       0x20 c:/altera/13.0sp1/nios2eds/bin/gnu/h-i686-mingw32/bin/../lib/gcc/nios2-elf/4.1.2/../../../../nios2-elf/lib\libsmallc.a(lib_a-strlen.o)
                0x01104474                strlen
 .text          0x01104494      0x6d4 c:/altera/13.0sp1/nios2eds/bin/gnu/h-i686-mingw32/bin/../lib/gcc/nios2-elf/4.1.2/../../../../nios2-elf/lib\libsmallc.a(lib_a-vfprintf.o)
                0x01104514                ___vfprintf_internal_r
                0x01104b44                __vfprintf_internal
 .text          0x01104b68       0xbc c:/altera/13.0sp1/nios2eds/bin/gnu/h-i686-mingw32/bin/../lib/gcc/nios2-elf/4.1.2/../../../../nios2-elf/lib\libsmallc.a(lib_a-fvwrite_small_dev.o)
                0x01104b68                __sfvwrite_small_dev
 .text          0x01104c24        0x0 c:/altera/13.0sp1/nios2eds/bin/gnu/h-i686-mingw32/bin/../lib/gcc/nios2-elf/4.1.2/../../../../nios2-elf/lib\libsmallc.a(lib_a-impure.o)
 .text          0x01104c24       0x78 c:/altera/13.0sp1/nios2eds/bin/gnu/h-i686-mingw32/bin/../lib/gcc/nios2-elf/4.1.2/../../../../nios2-elf/lib\libsmallc.a(lib_a-writer.o)
                0x01104c24                _write_r
 .text          0x01104c9c        0x0 c:/altera/13.0sp1/nios2eds/bin/gnu/h-i686-mingw32/bin/../lib/gcc/nios2-elf/4.1.2/../../../../nios2-elf/lib\libsmallc.a(lib_a-int_errno.o)
 .text          0x01104c9c      0x14c c:/altera/13.0sp1/nios2eds/bin/gnu/h-i686-mingw32/bin/../lib/gcc/nios2-elf/4.1.2\libgcc.a(lib2-divmod.o)
                0x01104d18                __divsi3
                0x01104d78                __modsi3
                0x01104dd8                __udivsi3
                0x01104de0                __umodsi3
 .text          0x01104de8       0xec ../sqrt_v3_06_02_bsp/\libhal_bsp.a(alt_load.o)
                0x01104de8                alt_load
 .text          0x01104ed4       0x6c ../sqrt_v3_06_02_bsp/\libhal_bsp.a(alt_main.o)
                0x01104ed4                alt_main
 .text          0x01104f40      0x180 ../sqrt_v3_06_02_bsp/\libhal_bsp.a(alt_write.o)
                0x01104f40                write
 .text          0x011050c0       0xc4 ../sqrt_v3_06_02_bsp/\libhal_bsp.a(alt_sys_init.o)
                0x011050c0                alt_irq_init
                0x011050f4                alt_sys_init
 .text          0x01105184       0xb0 ../sqrt_v3_06_02_bsp/\libhal_bsp.a(altera_avalon_jtag_uart_fd.o)
                0x01105184                altera_avalon_jtag_uart_read_fd
                0x011051dc                altera_avalon_jtag_uart_write_fd
 .text          0x01105234      0x104 ../sqrt_v3_06_02_bsp/\libhal_bsp.a(altera_avalon_jtag_uart_read.o)
                0x01105234                altera_avalon_jtag_uart_read
 .text          0x01105338       0xa4 ../sqrt_v3_06_02_bsp/\libhal_bsp.a(altera_avalon_jtag_uart_write.o)
                0x01105338                altera_avalon_jtag_uart_write
 .text          0x011053dc      0x168 ../sqrt_v3_06_02_bsp/\libhal_bsp.a(altera_avalon_timer_ts.o)
                0x011053dc                alt_timestamp_start
                0x01105480                alt_timestamp
                0x0110551c                alt_timestamp_freq
 .text          0x01105544        0x0 ../sqrt_v3_06_02_bsp/\libhal_bsp.a(altera_avalon_timer_vars.o)
 .text          0x01105544      0x15c ../sqrt_v3_06_02_bsp/\libhal_bsp.a(alt_close.o)
                0x01105544                close
 .text          0x011056a0       0x44 ../sqrt_v3_06_02_bsp/\libhal_bsp.a(alt_dcache_flush_all.o)
                0x011056a0                alt_dcache_flush_all
 .text          0x011056e4       0x2c ../sqrt_v3_06_02_bsp/\libhal_bsp.a(alt_dev.o)
 .text          0x01105710      0x114 ../sqrt_v3_06_02_bsp/\libhal_bsp.a(alt_dev_llist_insert.o)
                0x01105710                alt_dev_llist_insert
 .text          0x01105824       0x64 ../sqrt_v3_06_02_bsp/\libhal_bsp.a(alt_do_ctors.o)
                0x01105824                _do_ctors
 .text          0x01105888       0x64 ../sqrt_v3_06_02_bsp/\libhal_bsp.a(alt_do_dtors.o)
                0x01105888                _do_dtors
 .text          0x011058ec        0x0 ../sqrt_v3_06_02_bsp/\libhal_bsp.a(alt_errno.o)
 .text          0x011058ec       0x30 ../sqrt_v3_06_02_bsp/\libhal_bsp.a(alt_icache_flush_all.o)
                0x011058ec                alt_icache_flush_all
 .text          0x0110591c      0x13c ../sqrt_v3_06_02_bsp/\libhal_bsp.a(alt_io_redirect.o)
                0x011059e0                alt_io_redirect
 .text          0x01105a58      0x2c4 ../sqrt_v3_06_02_bsp/\libhal_bsp.a(alt_open.o)
                0x01105b34                open
 .text          0x01105d1c       0x60 ../sqrt_v3_06_02_bsp/\libhal_bsp.a(alt_release_fd.o)
                0x01105d1c                alt_release_fd
 .text          0x01105d7c       0x20 ../sqrt_v3_06_02_bsp/\libhal_bsp.a(altera_nios2_qsys_irq.o)
                0x01105d7c                altera_nios2_qsys_irq_init
 .text          0x01105d9c       0x94 ../sqrt_v3_06_02_bsp/\libhal_bsp.a(alt_find_dev.o)
                0x01105d9c                alt_find_dev
 .text          0x01105e30      0x120 ../sqrt_v3_06_02_bsp/\libhal_bsp.a(alt_find_file.o)
                0x01105e30                alt_find_file
 .text          0x01105f50       0xb8 ../sqrt_v3_06_02_bsp/\libhal_bsp.a(alt_get_fd.o)
                0x01105f50                alt_get_fd
 .text          0x01106008       0x90 ../sqrt_v3_06_02_bsp/\libhal_bsp.a(alt_icache_flush.o)
                0x01106008                alt_icache_flush
 .text          0x01106098       0x14 c:/altera/13.0sp1/nios2eds/bin/gnu/h-i686-mingw32/bin/../lib/gcc/nios2-elf/4.1.2/../../../../nios2-elf/lib\libsmallc.a(lib_a-atexit.o)
                0x01106098                atexit
 .text          0x011060ac       0x20 c:/altera/13.0sp1/nios2eds/bin/gnu/h-i686-mingw32/bin/../lib/gcc/nios2-elf/4.1.2/../../../../nios2-elf/lib\libsmallc.a(lib_a-exit.o)
                0x011060ac                exit
 .text          0x011060cc       0x3c c:/altera/13.0sp1/nios2eds/bin/gnu/h-i686-mingw32/bin/../lib/gcc/nios2-elf/4.1.2/../../../../nios2-elf/lib\libsmallc.a(lib_a-memcmp.o)
                0x011060cc                memcmp
 .text          0x01106108      0x16c c:/altera/13.0sp1/nios2eds/bin/gnu/h-i686-mingw32/bin/../lib/gcc/nios2-elf/4.1.2/../../../../nios2-elf/lib\libsmallc.a(lib_a-__atexit.o)
                0x01106108                __register_exitproc
 .text          0x01106274      0x1c0 c:/altera/13.0sp1/nios2eds/bin/gnu/h-i686-mingw32/bin/../lib/gcc/nios2-elf/4.1.2/../../../../nios2-elf/lib\libsmallc.a(lib_a-__call_atexit.o)
                0x01106278                __call_exitprocs
 .text          0x01106434       0x60 ../sqrt_v3_06_02_bsp/\libhal_bsp.a(alt_exit.o)
                0x01106474                _exit
 *(.gnu.warning.*)
 *(.fini)
                0x01106494                PROVIDE (__etext, ABSOLUTE (.))
                0x01106494                PROVIDE (_etext, ABSOLUTE (.))
                0x01106494                PROVIDE (etext, ABSOLUTE (.))
 *(.eh_frame_hdr)
                0x01106494                . = ALIGN (0x4)
                0x01106494                PROVIDE (__preinit_array_start, ABSOLUTE (.))
 *(.preinit_array)
                0x01106494                PROVIDE (__preinit_array_end, ABSOLUTE (.))
                0x01106494                PROVIDE (__init_array_start, ABSOLUTE (.))
 *(.init_array)
                0x01106494                PROVIDE (__init_array_end, ABSOLUTE (.))
                0x01106494                PROVIDE (__fini_array_start, ABSOLUTE (.))
 *(.fini_array)
                0x01106494                PROVIDE (__fini_array_end, ABSOLUTE (.))
 *(.eh_frame)
 *(.gcc_except_table)
 *(.dynamic)
                0x01106494                PROVIDE (__CTOR_LIST__, ABSOLUTE (.))
 *(.ctors)
 *(SORT(.ctors.*))
 .ctors.65535   0x01106494        0x4 c:/altera/13.0sp1/nios2eds/bin/gnu/h-i686-mingw32/bin/../lib/gcc/nios2-elf/4.1.2/../../../../nios2-elf/lib\libsmallc.a(lib_a-__call_atexit.o)
                0x01106498                PROVIDE (__CTOR_END__, ABSOLUTE (.))
                0x01106498                PROVIDE (__DTOR_LIST__, ABSOLUTE (.))
 *(.dtors)
 *(SORT(.dtors.*))
                0x01106498                PROVIDE (__DTOR_END__, ABSOLUTE (.))
 *(.jcr)
                0x01106498                . = ALIGN (0x4)

.rodata         0x01106498       0x68
                0x01106498                PROVIDE (__ram_rodata_start, ABSOLUTE (.))
                0x01106498                . = ALIGN (0x4)
 *(.rodata .rodata.* .gnu.linkonce.r.*)
 .rodata        0x01106498       0x38 obj/default/hello_world.o
 .rodata.str1.4
                0x011064d0        0x4 c:/altera/13.0sp1/nios2eds/bin/gnu/h-i686-mingw32/bin/../lib/gcc/nios2-elf/4.1.2/../../../../nios2-elf/lib\libsmallc.a(lib_a-puts.o)
 .rodata        0x011064d4       0x10 ../sqrt_v3_06_02_bsp/\libhal_bsp.a(alt_main.o)
 .rodata        0x011064e4       0x10 ../sqrt_v3_06_02_bsp/\libhal_bsp.a(alt_sys_init.o)
 .rodata        0x011064f4        0xc ../sqrt_v3_06_02_bsp/\libhal_bsp.a(alt_dev.o)
 *(.rodata1)
                0x01106500                . = ALIGN (0x4)
                0x01106500                PROVIDE (__ram_rodata_end, ABSOLUTE (.))
                0x01106498                PROVIDE (__flash_rodata_start, LOADADDR (.rodata))

.rwdata         0x01106500      0x2d4 load address 0x011067d4
                0x01106500                PROVIDE (__ram_rwdata_start, ABSOLUTE (.))
                0x01106500                . = ALIGN (0x4)
 *(.got.plt)
 *(.got)
 *(.data1)
 *(.data .data.* .gnu.linkonce.d.*)
 .data          0x01106500        0x0 ../sqrt_v3_06_02_bsp//obj/HAL/src/crt0.o
 .data          0x01106500        0x0 obj/default/hello_world.o
 .data          0x01106500        0x0 c:/altera/13.0sp1/nios2eds/bin/gnu/h-i686-mingw32/bin/../lib/gcc/nios2-elf/4.1.2/../../../../nios2-elf/lib\libsmallc.a(lib_a-printf.o)
 .data          0x01106500        0x0 c:/altera/13.0sp1/nios2eds/bin/gnu/h-i686-mingw32/bin/../lib/gcc/nios2-elf/4.1.2/../../../../nios2-elf/lib\libsmallc.a(lib_a-puts.o)
 .data          0x01106500        0x0 c:/altera/13.0sp1/nios2eds/bin/gnu/h-i686-mingw32/bin/../lib/gcc/nios2-elf/4.1.2/../../../../nios2-elf/lib\libsmallc.a(lib_a-strlen.o)
 .data          0x01106500        0x0 c:/altera/13.0sp1/nios2eds/bin/gnu/h-i686-mingw32/bin/../lib/gcc/nios2-elf/4.1.2/../../../../nios2-elf/lib\libsmallc.a(lib_a-vfprintf.o)
 .data          0x01106500        0x0 c:/altera/13.0sp1/nios2eds/bin/gnu/h-i686-mingw32/bin/../lib/gcc/nios2-elf/4.1.2/../../../../nios2-elf/lib\libsmallc.a(lib_a-fvwrite_small_dev.o)
 .data          0x01106500       0xe0 c:/altera/13.0sp1/nios2eds/bin/gnu/h-i686-mingw32/bin/../lib/gcc/nios2-elf/4.1.2/../../../../nios2-elf/lib\libsmallc.a(lib_a-impure.o)
 .data          0x011065e0        0x0 c:/altera/13.0sp1/nios2eds/bin/gnu/h-i686-mingw32/bin/../lib/gcc/nios2-elf/4.1.2/../../../../nios2-elf/lib\libsmallc.a(lib_a-writer.o)
 .data          0x011065e0        0x0 c:/altera/13.0sp1/nios2eds/bin/gnu/h-i686-mingw32/bin/../lib/gcc/nios2-elf/4.1.2/../../../../nios2-elf/lib\libsmallc.a(lib_a-int_errno.o)
 .data          0x011065e0        0x0 c:/altera/13.0sp1/nios2eds/bin/gnu/h-i686-mingw32/bin/../lib/gcc/nios2-elf/4.1.2\libgcc.a(lib2-divmod.o)
 .data          0x011065e0        0x0 ../sqrt_v3_06_02_bsp/\libhal_bsp.a(alt_load.o)
 .data          0x011065e0        0x0 ../sqrt_v3_06_02_bsp/\libhal_bsp.a(alt_main.o)
 .data          0x011065e0        0x0 ../sqrt_v3_06_02_bsp/\libhal_bsp.a(alt_write.o)
 .data          0x011065e0       0x2c ../sqrt_v3_06_02_bsp/\libhal_bsp.a(alt_sys_init.o)
 .data          0x0110660c        0x0 ../sqrt_v3_06_02_bsp/\libhal_bsp.a(altera_avalon_jtag_uart_fd.o)
 .data          0x0110660c        0x0 ../sqrt_v3_06_02_bsp/\libhal_bsp.a(altera_avalon_jtag_uart_read.o)
 .data          0x0110660c        0x0 ../sqrt_v3_06_02_bsp/\libhal_bsp.a(altera_avalon_jtag_uart_write.o)
 .data          0x0110660c        0x0 ../sqrt_v3_06_02_bsp/\libhal_bsp.a(altera_avalon_timer_ts.o)
 .data          0x0110660c        0x0 ../sqrt_v3_06_02_bsp/\libhal_bsp.a(altera_avalon_timer_vars.o)
 .data          0x0110660c        0x0 ../sqrt_v3_06_02_bsp/\libhal_bsp.a(alt_close.o)
 .data          0x0110660c        0x0 ../sqrt_v3_06_02_bsp/\libhal_bsp.a(alt_dcache_flush_all.o)
 .data          0x0110660c      0x1a8 ../sqrt_v3_06_02_bsp/\libhal_bsp.a(alt_dev.o)
                0x0110660c                alt_dev_null
                0x01106634                alt_fd_list
 .data          0x011067b4        0x0 ../sqrt_v3_06_02_bsp/\libhal_bsp.a(alt_dev_llist_insert.o)
 .data          0x011067b4        0x0 ../sqrt_v3_06_02_bsp/\libhal_bsp.a(alt_do_ctors.o)
 .data          0x011067b4        0x0 ../sqrt_v3_06_02_bsp/\libhal_bsp.a(alt_do_dtors.o)
 .data          0x011067b4        0x0 ../sqrt_v3_06_02_bsp/\libhal_bsp.a(alt_errno.o)
 .data          0x011067b4        0x0 ../sqrt_v3_06_02_bsp/\libhal_bsp.a(alt_icache_flush_all.o)
 .data          0x011067b4        0x0 ../sqrt_v3_06_02_bsp/\libhal_bsp.a(alt_io_redirect.o)
 .data          0x011067b4        0x0 ../sqrt_v3_06_02_bsp/\libhal_bsp.a(alt_open.o)
 .data          0x011067b4        0x0 ../sqrt_v3_06_02_bsp/\libhal_bsp.a(alt_release_fd.o)
 .data          0x011067b4        0x0 ../sqrt_v3_06_02_bsp/\libhal_bsp.a(altera_nios2_qsys_irq.o)
 .data          0x011067b4        0x0 ../sqrt_v3_06_02_bsp/\libhal_bsp.a(alt_find_dev.o)
 .data          0x011067b4        0x0 ../sqrt_v3_06_02_bsp/\libhal_bsp.a(alt_find_file.o)
 .data          0x011067b4        0x0 ../sqrt_v3_06_02_bsp/\libhal_bsp.a(alt_get_fd.o)
 .data          0x011067b4        0x0 ../sqrt_v3_06_02_bsp/\libhal_bsp.a(alt_icache_flush.o)
 .data          0x011067b4        0x0 c:/altera/13.0sp1/nios2eds/bin/gnu/h-i686-mingw32/bin/../lib/gcc/nios2-elf/4.1.2/../../../../nios2-elf/lib\libsmallc.a(lib_a-atexit.o)
 .data          0x011067b4        0x0 c:/altera/13.0sp1/nios2eds/bin/gnu/h-i686-mingw32/bin/../lib/gcc/nios2-elf/4.1.2/../../../../nios2-elf/lib\libsmallc.a(lib_a-exit.o)
 .data          0x011067b4        0x0 c:/altera/13.0sp1/nios2eds/bin/gnu/h-i686-mingw32/bin/../lib/gcc/nios2-elf/4.1.2/../../../../nios2-elf/lib\libsmallc.a(lib_a-memcmp.o)
 .data          0x011067b4        0x0 c:/altera/13.0sp1/nios2eds/bin/gnu/h-i686-mingw32/bin/../lib/gcc/nios2-elf/4.1.2/../../../../nios2-elf/lib\libsmallc.a(lib_a-__atexit.o)
 .data          0x011067b4        0x0 c:/altera/13.0sp1/nios2eds/bin/gnu/h-i686-mingw32/bin/../lib/gcc/nios2-elf/4.1.2/../../../../nios2-elf/lib\libsmallc.a(lib_a-__call_atexit.o)
 .data          0x011067b4        0x0 ../sqrt_v3_06_02_bsp/\libhal_bsp.a(alt_exit.o)
                0x0110e7b4                _gp = ABSOLUTE ((. + 0x8000))
                0x0110e7b4                PROVIDE (gp, _gp)
 *(.rwdata .rwdata.*)
 *(.sdata .sdata.* .gnu.linkonce.s.*)
 .sdata         0x011067b4        0x8 c:/altera/13.0sp1/nios2eds/bin/gnu/h-i686-mingw32/bin/../lib/gcc/nios2-elf/4.1.2/../../../../nios2-elf/lib\libsmallc.a(lib_a-impure.o)
                0x011067b4                _impure_ptr
                0x011067b8                _global_impure_ptr
 .sdata         0x011067bc       0x14 ../sqrt_v3_06_02_bsp/\libhal_bsp.a(alt_dev.o)
                0x011067bc                alt_fs_list
                0x011067c4                alt_dev_list
                0x011067cc                alt_max_fd
 .sdata         0x011067d0        0x4 ../sqrt_v3_06_02_bsp/\libhal_bsp.a(alt_errno.o)
                0x011067d0                alt_errno
 *(.sdata2 .sdata2.* .gnu.linkonce.s2.*)
                0x011067d4                . = ALIGN (0x4)
                0x011067d4                _edata = ABSOLUTE (.)
                0x011067d4                PROVIDE (edata, ABSOLUTE (.))
                0x011067d4                PROVIDE (__ram_rwdata_end, ABSOLUTE (.))
                0x011067d4                PROVIDE (__flash_rwdata_start, LOADADDR (.rwdata))

.bss            0x01106aa8       0xa4
                0x01106aa8                __bss_start = ABSOLUTE (.)
                0x01106aa8                PROVIDE (__sbss_start, ABSOLUTE (.))
                0x01106aa8                PROVIDE (___sbss_start, ABSOLUTE (.))
 *(.dynsbss)
 *(.sbss .sbss.* .gnu.linkonce.sb.*)
 .sbss          0x01106aa8        0x4 c:/altera/13.0sp1/nios2eds/bin/gnu/h-i686-mingw32/bin/../lib/gcc/nios2-elf/4.1.2/../../../../nios2-elf/lib\libsmallc.a(lib_a-int_errno.o)
                0x01106aa8                errno
 .sbss          0x01106aac        0xc ../sqrt_v3_06_02_bsp/\libhal_bsp.a(alt_main.o)
                0x01106aac                alt_argc
                0x01106ab0                alt_argv
                0x01106ab4                alt_envp
 .sbss          0x01106ab8        0x8 ../sqrt_v3_06_02_bsp/\libhal_bsp.a(altera_avalon_timer_vars.o)
                0x01106ab8                altera_avalon_timer_ts_base
                0x01106abc                altera_avalon_timer_ts_freq
 *(.sbss2 .sbss2.* .gnu.linkonce.sb2.*)
 *(.scommon)
                0x01106ac0                PROVIDE (__sbss_end, ABSOLUTE (.))
                0x01106ac0                PROVIDE (___sbss_end, ABSOLUTE (.))
 *(.dynbss)
 *(.bss .bss.* .gnu.linkonce.b.*)
 .bss           0x01106ac0        0x0 ../sqrt_v3_06_02_bsp//obj/HAL/src/crt0.o
 .bss           0x01106ac0        0x0 obj/default/hello_world.o
 .bss           0x01106ac0        0x0 c:/altera/13.0sp1/nios2eds/bin/gnu/h-i686-mingw32/bin/../lib/gcc/nios2-elf/4.1.2/../../../../nios2-elf/lib\libsmallc.a(lib_a-printf.o)
 .bss           0x01106ac0        0x0 c:/altera/13.0sp1/nios2eds/bin/gnu/h-i686-mingw32/bin/../lib/gcc/nios2-elf/4.1.2/../../../../nios2-elf/lib\libsmallc.a(lib_a-puts.o)
 .bss           0x01106ac0        0x0 c:/altera/13.0sp1/nios2eds/bin/gnu/h-i686-mingw32/bin/../lib/gcc/nios2-elf/4.1.2/../../../../nios2-elf/lib\libsmallc.a(lib_a-strlen.o)
 .bss           0x01106ac0        0x0 c:/altera/13.0sp1/nios2eds/bin/gnu/h-i686-mingw32/bin/../lib/gcc/nios2-elf/4.1.2/../../../../nios2-elf/lib\libsmallc.a(lib_a-vfprintf.o)
 .bss           0x01106ac0        0x0 c:/altera/13.0sp1/nios2eds/bin/gnu/h-i686-mingw32/bin/../lib/gcc/nios2-elf/4.1.2/../../../../nios2-elf/lib\libsmallc.a(lib_a-fvwrite_small_dev.o)
 .bss           0x01106ac0        0x0 c:/altera/13.0sp1/nios2eds/bin/gnu/h-i686-mingw32/bin/../lib/gcc/nios2-elf/4.1.2/../../../../nios2-elf/lib\libsmallc.a(lib_a-impure.o)
 .bss           0x01106ac0        0x0 c:/altera/13.0sp1/nios2eds/bin/gnu/h-i686-mingw32/bin/../lib/gcc/nios2-elf/4.1.2/../../../../nios2-elf/lib\libsmallc.a(lib_a-writer.o)
 .bss           0x01106ac0        0x0 c:/altera/13.0sp1/nios2eds/bin/gnu/h-i686-mingw32/bin/../lib/gcc/nios2-elf/4.1.2/../../../../nios2-elf/lib\libsmallc.a(lib_a-int_errno.o)
 .bss           0x01106ac0        0x0 c:/altera/13.0sp1/nios2eds/bin/gnu/h-i686-mingw32/bin/../lib/gcc/nios2-elf/4.1.2\libgcc.a(lib2-divmod.o)
 .bss           0x01106ac0        0x0 ../sqrt_v3_06_02_bsp/\libhal_bsp.a(alt_load.o)
 .bss           0x01106ac0        0x0 ../sqrt_v3_06_02_bsp/\libhal_bsp.a(alt_main.o)
 .bss           0x01106ac0        0x0 ../sqrt_v3_06_02_bsp/\libhal_bsp.a(alt_write.o)
 .bss           0x01106ac0        0x0 ../sqrt_v3_06_02_bsp/\libhal_bsp.a(alt_sys_init.o)
 .bss           0x01106ac0        0x0 ../sqrt_v3_06_02_bsp/\libhal_bsp.a(altera_avalon_jtag_uart_fd.o)
 .bss           0x01106ac0        0x0 ../sqrt_v3_06_02_bsp/\libhal_bsp.a(altera_avalon_jtag_uart_read.o)
 .bss           0x01106ac0        0x0 ../sqrt_v3_06_02_bsp/\libhal_bsp.a(altera_avalon_jtag_uart_write.o)
 .bss           0x01106ac0        0x0 ../sqrt_v3_06_02_bsp/\libhal_bsp.a(altera_avalon_timer_ts.o)
 .bss           0x01106ac0        0x0 ../sqrt_v3_06_02_bsp/\libhal_bsp.a(altera_avalon_timer_vars.o)
 .bss           0x01106ac0        0x0 ../sqrt_v3_06_02_bsp/\libhal_bsp.a(alt_close.o)
 .bss           0x01106ac0        0x0 ../sqrt_v3_06_02_bsp/\libhal_bsp.a(alt_dcache_flush_all.o)
 .bss           0x01106ac0        0x0 ../sqrt_v3_06_02_bsp/\libhal_bsp.a(alt_dev.o)
 .bss           0x01106ac0        0x0 ../sqrt_v3_06_02_bsp/\libhal_bsp.a(alt_dev_llist_insert.o)
 .bss           0x01106ac0        0x0 ../sqrt_v3_06_02_bsp/\libhal_bsp.a(alt_do_ctors.o)
 .bss           0x01106ac0        0x0 ../sqrt_v3_06_02_bsp/\libhal_bsp.a(alt_do_dtors.o)
 .bss           0x01106ac0        0x0 ../sqrt_v3_06_02_bsp/\libhal_bsp.a(alt_errno.o)
 .bss           0x01106ac0        0x0 ../sqrt_v3_06_02_bsp/\libhal_bsp.a(alt_icache_flush_all.o)
 .bss           0x01106ac0        0x0 ../sqrt_v3_06_02_bsp/\libhal_bsp.a(alt_io_redirect.o)
 .bss           0x01106ac0        0x0 ../sqrt_v3_06_02_bsp/\libhal_bsp.a(alt_open.o)
 .bss           0x01106ac0        0x0 ../sqrt_v3_06_02_bsp/\libhal_bsp.a(alt_release_fd.o)
 .bss           0x01106ac0        0x0 ../sqrt_v3_06_02_bsp/\libhal_bsp.a(altera_nios2_qsys_irq.o)
 .bss           0x01106ac0        0x0 ../sqrt_v3_06_02_bsp/\libhal_bsp.a(alt_find_dev.o)
 .bss           0x01106ac0        0x0 ../sqrt_v3_06_02_bsp/\libhal_bsp.a(alt_find_file.o)
 .bss           0x01106ac0        0x0 ../sqrt_v3_06_02_bsp/\libhal_bsp.a(alt_get_fd.o)
 .bss           0x01106ac0        0x0 ../sqrt_v3_06_02_bsp/\libhal_bsp.a(alt_icache_flush.o)
 .bss           0x01106ac0        0x0 c:/altera/13.0sp1/nios2eds/bin/gnu/h-i686-mingw32/bin/../lib/gcc/nios2-elf/4.1.2/../../../../nios2-elf/lib\libsmallc.a(lib_a-atexit.o)
 .bss           0x01106ac0        0x0 c:/altera/13.0sp1/nios2eds/bin/gnu/h-i686-mingw32/bin/../lib/gcc/nios2-elf/4.1.2/../../../../nios2-elf/lib\libsmallc.a(lib_a-exit.o)
 .bss           0x01106ac0        0x0 c:/altera/13.0sp1/nios2eds/bin/gnu/h-i686-mingw32/bin/../lib/gcc/nios2-elf/4.1.2/../../../../nios2-elf/lib\libsmallc.a(lib_a-memcmp.o)
 .bss           0x01106ac0        0x0 c:/altera/13.0sp1/nios2eds/bin/gnu/h-i686-mingw32/bin/../lib/gcc/nios2-elf/4.1.2/../../../../nios2-elf/lib\libsmallc.a(lib_a-__atexit.o)
 .bss           0x01106ac0        0x0 c:/altera/13.0sp1/nios2eds/bin/gnu/h-i686-mingw32/bin/../lib/gcc/nios2-elf/4.1.2/../../../../nios2-elf/lib\libsmallc.a(lib_a-__call_atexit.o)
 .bss           0x01106ac0        0x0 ../sqrt_v3_06_02_bsp/\libhal_bsp.a(alt_exit.o)
 *(COMMON)
 COMMON         0x01106ac0       0x8c c:/altera/13.0sp1/nios2eds/bin/gnu/h-i686-mingw32/bin/../lib/gcc/nios2-elf/4.1.2/../../../../nios2-elf/lib\libsmallc.a(lib_a-atexit.o)
                0x01106ac0                _atexit0
                0x01106b4c                . = ALIGN (0x4)
                0x01106b4c                __bss_end = ABSOLUTE (.)

.SDRAM          0x00800020        0x0 load address 0x01106b4c
                0x00800020                PROVIDE (_alt_partition_SDRAM_start, ABSOLUTE (.))
 *(.SDRAM. SDRAM.*)
                0x00800020                . = ALIGN (0x4)
                0x00800020                PROVIDE (_alt_partition_SDRAM_end, ABSOLUTE (.))
                0x01106b4c                PROVIDE (_alt_partition_SDRAM_load_addr, LOADADDR (.SDRAM))

.SRAM           0x01080000        0x0 load address 0x01106b4c
                0x01080000                PROVIDE (_alt_partition_SRAM_start, ABSOLUTE (.))
 *(.SRAM. SRAM.*)
                0x01080000                . = ALIGN (0x4)
                0x01080000                PROVIDE (_alt_partition_SRAM_end, ABSOLUTE (.))
                0x01106b4c                PROVIDE (_alt_partition_SRAM_load_addr, LOADADDR (.SRAM))

.ONCHIP         0x01106b4c        0x0
                0x01106b4c                PROVIDE (_alt_partition_ONCHIP_start, ABSOLUTE (.))
 *(.ONCHIP. ONCHIP.*)
                0x01106b4c                . = ALIGN (0x4)
                0x01106b4c                PROVIDE (_alt_partition_ONCHIP_end, ABSOLUTE (.))
                0x01106b4c                _end = ABSOLUTE (.)
                0x01106b4c                end = ABSOLUTE (.)
                0x01106b4c                __alt_stack_base = ABSOLUTE (.)
                0x01106b4c                PROVIDE (_alt_partition_ONCHIP_load_addr, LOADADDR (.ONCHIP))

.stab
 *(.stab)

.stabstr
 *(.stabstr)

.stab.excl
 *(.stab.excl)

.stab.exclstr
 *(.stab.exclstr)

.stab.index
 *(.stab.index)

.stab.indexstr
 *(.stab.indexstr)

.comment        0x00000000       0x26
 *(.comment)
 .comment       0x00000000       0x26 obj/default/hello_world.o
                                 0x27 (size before relaxing)
 .comment       0x00000000       0x27 c:/altera/13.0sp1/nios2eds/bin/gnu/h-i686-mingw32/bin/../lib/gcc/nios2-elf/4.1.2/../../../../nios2-elf/lib\libsmallc.a(lib_a-printf.o)
 .comment       0x00000000       0x27 c:/altera/13.0sp1/nios2eds/bin/gnu/h-i686-mingw32/bin/../lib/gcc/nios2-elf/4.1.2/../../../../nios2-elf/lib\libsmallc.a(lib_a-puts.o)
 .comment       0x00000000       0x27 c:/altera/13.0sp1/nios2eds/bin/gnu/h-i686-mingw32/bin/../lib/gcc/nios2-elf/4.1.2/../../../../nios2-elf/lib\libsmallc.a(lib_a-strlen.o)
 .comment       0x00000000       0x27 c:/altera/13.0sp1/nios2eds/bin/gnu/h-i686-mingw32/bin/../lib/gcc/nios2-elf/4.1.2/../../../../nios2-elf/lib\libsmallc.a(lib_a-vfprintf.o)
 .comment       0x00000000       0x27 c:/altera/13.0sp1/nios2eds/bin/gnu/h-i686-mingw32/bin/../lib/gcc/nios2-elf/4.1.2/../../../../nios2-elf/lib\libsmallc.a(lib_a-fvwrite_small_dev.o)
 .comment       0x00000000       0x27 c:/altera/13.0sp1/nios2eds/bin/gnu/h-i686-mingw32/bin/../lib/gcc/nios2-elf/4.1.2/../../../../nios2-elf/lib\libsmallc.a(lib_a-impure.o)
 .comment       0x00000000       0x27 c:/altera/13.0sp1/nios2eds/bin/gnu/h-i686-mingw32/bin/../lib/gcc/nios2-elf/4.1.2/../../../../nios2-elf/lib\libsmallc.a(lib_a-writer.o)
 .comment       0x00000000       0x27 c:/altera/13.0sp1/nios2eds/bin/gnu/h-i686-mingw32/bin/../lib/gcc/nios2-elf/4.1.2/../../../../nios2-elf/lib\libsmallc.a(lib_a-int_errno.o)
 .comment       0x00000000       0x27 c:/altera/13.0sp1/nios2eds/bin/gnu/h-i686-mingw32/bin/../lib/gcc/nios2-elf/4.1.2\libgcc.a(lib2-divmod.o)
 .comment       0x00000000       0x27 ../sqrt_v3_06_02_bsp/\libhal_bsp.a(alt_load.o)
 .comment       0x00000000       0x27 ../sqrt_v3_06_02_bsp/\libhal_bsp.a(alt_main.o)
 .comment       0x00000000       0x27 ../sqrt_v3_06_02_bsp/\libhal_bsp.a(alt_write.o)
 .comment       0x00000000       0x27 ../sqrt_v3_06_02_bsp/\libhal_bsp.a(alt_sys_init.o)
 .comment       0x00000000       0x27 ../sqrt_v3_06_02_bsp/\libhal_bsp.a(altera_avalon_jtag_uart_fd.o)
 .comment       0x00000000       0x27 ../sqrt_v3_06_02_bsp/\libhal_bsp.a(altera_avalon_jtag_uart_read.o)
 .comment       0x00000000       0x27 ../sqrt_v3_06_02_bsp/\libhal_bsp.a(altera_avalon_jtag_uart_write.o)
 .comment       0x00000000       0x27 ../sqrt_v3_06_02_bsp/\libhal_bsp.a(altera_avalon_timer_ts.o)
 .comment       0x00000000       0x27 ../sqrt_v3_06_02_bsp/\libhal_bsp.a(altera_avalon_timer_vars.o)
 .comment       0x00000000       0x27 ../sqrt_v3_06_02_bsp/\libhal_bsp.a(alt_close.o)
 .comment       0x00000000       0x27 ../sqrt_v3_06_02_bsp/\libhal_bsp.a(alt_dcache_flush_all.o)
 .comment       0x00000000       0x27 ../sqrt_v3_06_02_bsp/\libhal_bsp.a(alt_dev.o)
 .comment       0x00000000       0x27 ../sqrt_v3_06_02_bsp/\libhal_bsp.a(alt_dev_llist_insert.o)
 .comment       0x00000000       0x27 ../sqrt_v3_06_02_bsp/\libhal_bsp.a(alt_do_ctors.o)
 .comment       0x00000000       0x27 ../sqrt_v3_06_02_bsp/\libhal_bsp.a(alt_do_dtors.o)
 .comment       0x00000000       0x27 ../sqrt_v3_06_02_bsp/\libhal_bsp.a(alt_errno.o)
 .comment       0x00000000       0x27 ../sqrt_v3_06_02_bsp/\libhal_bsp.a(alt_icache_flush_all.o)
 .comment       0x00000000       0x27 ../sqrt_v3_06_02_bsp/\libhal_bsp.a(alt_io_redirect.o)
 .comment       0x00000000       0x27 ../sqrt_v3_06_02_bsp/\libhal_bsp.a(alt_open.o)
 .comment       0x00000000       0x27 ../sqrt_v3_06_02_bsp/\libhal_bsp.a(alt_release_fd.o)
 .comment       0x00000000       0x27 ../sqrt_v3_06_02_bsp/\libhal_bsp.a(altera_nios2_qsys_irq.o)
 .comment       0x00000000       0x27 ../sqrt_v3_06_02_bsp/\libhal_bsp.a(alt_find_dev.o)
 .comment       0x00000000       0x27 ../sqrt_v3_06_02_bsp/\libhal_bsp.a(alt_find_file.o)
 .comment       0x00000000       0x27 ../sqrt_v3_06_02_bsp/\libhal_bsp.a(alt_get_fd.o)
 .comment       0x00000000       0x27 ../sqrt_v3_06_02_bsp/\libhal_bsp.a(alt_icache_flush.o)
 .comment       0x00000000       0x27 c:/altera/13.0sp1/nios2eds/bin/gnu/h-i686-mingw32/bin/../lib/gcc/nios2-elf/4.1.2/../../../../nios2-elf/lib\libsmallc.a(lib_a-atexit.o)
 .comment       0x00000000       0x27 c:/altera/13.0sp1/nios2eds/bin/gnu/h-i686-mingw32/bin/../lib/gcc/nios2-elf/4.1.2/../../../../nios2-elf/lib\libsmallc.a(lib_a-exit.o)
 .comment       0x00000000       0x27 c:/altera/13.0sp1/nios2eds/bin/gnu/h-i686-mingw32/bin/../lib/gcc/nios2-elf/4.1.2/../../../../nios2-elf/lib\libsmallc.a(lib_a-memcmp.o)
 .comment       0x00000000       0x27 c:/altera/13.0sp1/nios2eds/bin/gnu/h-i686-mingw32/bin/../lib/gcc/nios2-elf/4.1.2/../../../../nios2-elf/lib\libsmallc.a(lib_a-__atexit.o)
 .comment       0x00000000       0x27 c:/altera/13.0sp1/nios2eds/bin/gnu/h-i686-mingw32/bin/../lib/gcc/nios2-elf/4.1.2/../../../../nios2-elf/lib\libsmallc.a(lib_a-__call_atexit.o)
 .comment       0x00000000       0x27 ../sqrt_v3_06_02_bsp/\libhal_bsp.a(alt_exit.o)

.debug
 *(.debug)

.line
 *(.line)

.debug_srcinfo
 *(.debug_srcinfo)

.debug_sfnames
 *(.debug_sfnames)

.debug_aranges  0x00000000      0x4c8
 *(.debug_aranges)
 .debug_aranges
                0x00000000       0x28 ../sqrt_v3_06_02_bsp//obj/HAL/src/crt0.o
 .debug_aranges
                0x00000028       0x20 obj/default/hello_world.o
 .debug_aranges
                0x00000048       0x20 c:/altera/13.0sp1/nios2eds/bin/gnu/h-i686-mingw32/bin/../lib/gcc/nios2-elf/4.1.2/../../../../nios2-elf/lib\libsmallc.a(lib_a-printf.o)
 .debug_aranges
                0x00000068       0x20 c:/altera/13.0sp1/nios2eds/bin/gnu/h-i686-mingw32/bin/../lib/gcc/nios2-elf/4.1.2/../../../../nios2-elf/lib\libsmallc.a(lib_a-puts.o)
 .debug_aranges
                0x00000088       0x20 c:/altera/13.0sp1/nios2eds/bin/gnu/h-i686-mingw32/bin/../lib/gcc/nios2-elf/4.1.2/../../../../nios2-elf/lib\libsmallc.a(lib_a-strlen.o)
 .debug_aranges
                0x000000a8       0x20 c:/altera/13.0sp1/nios2eds/bin/gnu/h-i686-mingw32/bin/../lib/gcc/nios2-elf/4.1.2/../../../../nios2-elf/lib\libsmallc.a(lib_a-vfprintf.o)
 .debug_aranges
                0x000000c8       0x20 c:/altera/13.0sp1/nios2eds/bin/gnu/h-i686-mingw32/bin/../lib/gcc/nios2-elf/4.1.2/../../../../nios2-elf/lib\libsmallc.a(lib_a-fvwrite_small_dev.o)
 .debug_aranges
                0x000000e8       0x20 c:/altera/13.0sp1/nios2eds/bin/gnu/h-i686-mingw32/bin/../lib/gcc/nios2-elf/4.1.2/../../../../nios2-elf/lib\libsmallc.a(lib_a-writer.o)
 .debug_aranges
                0x00000108       0x20 c:/altera/13.0sp1/nios2eds/bin/gnu/h-i686-mingw32/bin/../lib/gcc/nios2-elf/4.1.2\libgcc.a(lib2-divmod.o)
 .debug_aranges
                0x00000128       0x20 ../sqrt_v3_06_02_bsp/\libhal_bsp.a(alt_load.o)
 .debug_aranges
                0x00000148       0x20 ../sqrt_v3_06_02_bsp/\libhal_bsp.a(alt_main.o)
 .debug_aranges
                0x00000168       0x20 ../sqrt_v3_06_02_bsp/\libhal_bsp.a(alt_write.o)
 .debug_aranges
                0x00000188       0x20 ../sqrt_v3_06_02_bsp/\libhal_bsp.a(alt_sys_init.o)
 .debug_aranges
                0x000001a8       0x20 ../sqrt_v3_06_02_bsp/\libhal_bsp.a(altera_avalon_jtag_uart_fd.o)
 .debug_aranges
                0x000001c8       0x20 ../sqrt_v3_06_02_bsp/\libhal_bsp.a(altera_avalon_jtag_uart_read.o)
 .debug_aranges
                0x000001e8       0x20 ../sqrt_v3_06_02_bsp/\libhal_bsp.a(altera_avalon_jtag_uart_write.o)
 .debug_aranges
                0x00000208       0x20 ../sqrt_v3_06_02_bsp/\libhal_bsp.a(altera_avalon_timer_ts.o)
 .debug_aranges
                0x00000228       0x20 ../sqrt_v3_06_02_bsp/\libhal_bsp.a(alt_close.o)
 .debug_aranges
                0x00000248       0x20 ../sqrt_v3_06_02_bsp/\libhal_bsp.a(alt_dcache_flush_all.o)
 .debug_aranges
                0x00000268       0x20 ../sqrt_v3_06_02_bsp/\libhal_bsp.a(alt_dev.o)
 .debug_aranges
                0x00000288       0x20 ../sqrt_v3_06_02_bsp/\libhal_bsp.a(alt_dev_llist_insert.o)
 .debug_aranges
                0x000002a8       0x20 ../sqrt_v3_06_02_bsp/\libhal_bsp.a(alt_do_ctors.o)
 .debug_aranges
                0x000002c8       0x20 ../sqrt_v3_06_02_bsp/\libhal_bsp.a(alt_do_dtors.o)
 .debug_aranges
                0x000002e8       0x20 ../sqrt_v3_06_02_bsp/\libhal_bsp.a(alt_icache_flush_all.o)
 .debug_aranges
                0x00000308       0x20 ../sqrt_v3_06_02_bsp/\libhal_bsp.a(alt_io_redirect.o)
 .debug_aranges
                0x00000328       0x20 ../sqrt_v3_06_02_bsp/\libhal_bsp.a(alt_open.o)
 .debug_aranges
                0x00000348       0x20 ../sqrt_v3_06_02_bsp/\libhal_bsp.a(alt_release_fd.o)
 .debug_aranges
                0x00000368       0x20 ../sqrt_v3_06_02_bsp/\libhal_bsp.a(altera_nios2_qsys_irq.o)
 .debug_aranges
                0x00000388       0x20 ../sqrt_v3_06_02_bsp/\libhal_bsp.a(alt_find_dev.o)
 .debug_aranges
                0x000003a8       0x20 ../sqrt_v3_06_02_bsp/\libhal_bsp.a(alt_find_file.o)
 .debug_aranges
                0x000003c8       0x20 ../sqrt_v3_06_02_bsp/\libhal_bsp.a(alt_get_fd.o)
 .debug_aranges
                0x000003e8       0x20 ../sqrt_v3_06_02_bsp/\libhal_bsp.a(alt_icache_flush.o)
 .debug_aranges
                0x00000408       0x20 c:/altera/13.0sp1/nios2eds/bin/gnu/h-i686-mingw32/bin/../lib/gcc/nios2-elf/4.1.2/../../../../nios2-elf/lib\libsmallc.a(lib_a-atexit.o)
 .debug_aranges
                0x00000428       0x20 c:/altera/13.0sp1/nios2eds/bin/gnu/h-i686-mingw32/bin/../lib/gcc/nios2-elf/4.1.2/../../../../nios2-elf/lib\libsmallc.a(lib_a-exit.o)
 .debug_aranges
                0x00000448       0x20 c:/altera/13.0sp1/nios2eds/bin/gnu/h-i686-mingw32/bin/../lib/gcc/nios2-elf/4.1.2/../../../../nios2-elf/lib\libsmallc.a(lib_a-memcmp.o)
 .debug_aranges
                0x00000468       0x20 c:/altera/13.0sp1/nios2eds/bin/gnu/h-i686-mingw32/bin/../lib/gcc/nios2-elf/4.1.2/../../../../nios2-elf/lib\libsmallc.a(lib_a-__atexit.o)
 .debug_aranges
                0x00000488       0x20 c:/altera/13.0sp1/nios2eds/bin/gnu/h-i686-mingw32/bin/../lib/gcc/nios2-elf/4.1.2/../../../../nios2-elf/lib\libsmallc.a(lib_a-__call_atexit.o)
 .debug_aranges
                0x000004a8       0x20 ../sqrt_v3_06_02_bsp/\libhal_bsp.a(alt_exit.o)

.debug_pubnames
                0x00000000      0x730
 *(.debug_pubnames)
 .debug_pubnames
                0x00000000       0x24 obj/default/hello_world.o
 .debug_pubnames
                0x00000024       0x2b c:/altera/13.0sp1/nios2eds/bin/gnu/h-i686-mingw32/bin/../lib/gcc/nios2-elf/4.1.2/../../../../nios2-elf/lib\libsmallc.a(lib_a-printf.o)
 .debug_pubnames
                0x0000004f       0x27 c:/altera/13.0sp1/nios2eds/bin/gnu/h-i686-mingw32/bin/../lib/gcc/nios2-elf/4.1.2/../../../../nios2-elf/lib\libsmallc.a(lib_a-puts.o)
 .debug_pubnames
                0x00000076       0x1d c:/altera/13.0sp1/nios2eds/bin/gnu/h-i686-mingw32/bin/../lib/gcc/nios2-elf/4.1.2/../../../../nios2-elf/lib\libsmallc.a(lib_a-strlen.o)
 .debug_pubnames
                0x00000093       0x45 c:/altera/13.0sp1/nios2eds/bin/gnu/h-i686-mingw32/bin/../lib/gcc/nios2-elf/4.1.2/../../../../nios2-elf/lib\libsmallc.a(lib_a-vfprintf.o)
 .debug_pubnames
                0x000000d8       0x2b c:/altera/13.0sp1/nios2eds/bin/gnu/h-i686-mingw32/bin/../lib/gcc/nios2-elf/4.1.2/../../../../nios2-elf/lib\libsmallc.a(lib_a-fvwrite_small_dev.o)
 .debug_pubnames
                0x00000103       0x39 c:/altera/13.0sp1/nios2eds/bin/gnu/h-i686-mingw32/bin/../lib/gcc/nios2-elf/4.1.2/../../../../nios2-elf/lib\libsmallc.a(lib_a-impure.o)
 .debug_pubnames
                0x0000013c       0x1f c:/altera/13.0sp1/nios2eds/bin/gnu/h-i686-mingw32/bin/../lib/gcc/nios2-elf/4.1.2/../../../../nios2-elf/lib\libsmallc.a(lib_a-writer.o)
 .debug_pubnames
                0x0000015b       0x1c c:/altera/13.0sp1/nios2eds/bin/gnu/h-i686-mingw32/bin/../lib/gcc/nios2-elf/4.1.2/../../../../nios2-elf/lib\libsmallc.a(lib_a-int_errno.o)
 .debug_pubnames
                0x00000177       0x48 c:/altera/13.0sp1/nios2eds/bin/gnu/h-i686-mingw32/bin/../lib/gcc/nios2-elf/4.1.2\libgcc.a(lib2-divmod.o)
 .debug_pubnames
                0x000001bf       0x1f ../sqrt_v3_06_02_bsp/\libhal_bsp.a(alt_load.o)
 .debug_pubnames
                0x000001de       0x46 ../sqrt_v3_06_02_bsp/\libhal_bsp.a(alt_main.o)
 .debug_pubnames
                0x00000224       0x1c ../sqrt_v3_06_02_bsp/\libhal_bsp.a(alt_write.o)
 .debug_pubnames
                0x00000240       0x34 ../sqrt_v3_06_02_bsp/\libhal_bsp.a(alt_sys_init.o)
 .debug_pubnames
                0x00000274       0x5b ../sqrt_v3_06_02_bsp/\libhal_bsp.a(altera_avalon_jtag_uart_fd.o)
 .debug_pubnames
                0x000002cf       0x33 ../sqrt_v3_06_02_bsp/\libhal_bsp.a(altera_avalon_jtag_uart_read.o)
 .debug_pubnames
                0x00000302       0x34 ../sqrt_v3_06_02_bsp/\libhal_bsp.a(altera_avalon_jtag_uart_write.o)
 .debug_pubnames
                0x00000336       0x53 ../sqrt_v3_06_02_bsp/\libhal_bsp.a(altera_avalon_timer_ts.o)
 .debug_pubnames
                0x00000389       0x52 ../sqrt_v3_06_02_bsp/\libhal_bsp.a(altera_avalon_timer_vars.o)
 .debug_pubnames
                0x000003db       0x1c ../sqrt_v3_06_02_bsp/\libhal_bsp.a(alt_close.o)
 .debug_pubnames
                0x000003f7       0x2b ../sqrt_v3_06_02_bsp/\libhal_bsp.a(alt_dcache_flush_all.o)
 .debug_pubnames
                0x00000422       0x63 ../sqrt_v3_06_02_bsp/\libhal_bsp.a(alt_dev.o)
 .debug_pubnames
                0x00000485       0x2b ../sqrt_v3_06_02_bsp/\libhal_bsp.a(alt_dev_llist_insert.o)
 .debug_pubnames
                0x000004b0       0x20 ../sqrt_v3_06_02_bsp/\libhal_bsp.a(alt_do_ctors.o)
 .debug_pubnames
                0x000004d0       0x20 ../sqrt_v3_06_02_bsp/\libhal_bsp.a(alt_do_dtors.o)
 .debug_pubnames
                0x000004f0       0x20 ../sqrt_v3_06_02_bsp/\libhal_bsp.a(alt_errno.o)
 .debug_pubnames
                0x00000510       0x2b ../sqrt_v3_06_02_bsp/\libhal_bsp.a(alt_icache_flush_all.o)
 .debug_pubnames
                0x0000053b       0x26 ../sqrt_v3_06_02_bsp/\libhal_bsp.a(alt_io_redirect.o)
 .debug_pubnames
                0x00000561       0x1b ../sqrt_v3_06_02_bsp/\libhal_bsp.a(alt_open.o)
 .debug_pubnames
                0x0000057c       0x25 ../sqrt_v3_06_02_bsp/\libhal_bsp.a(alt_release_fd.o)
 .debug_pubnames
                0x000005a1       0x31 ../sqrt_v3_06_02_bsp/\libhal_bsp.a(altera_nios2_qsys_irq.o)
 .debug_pubnames
                0x000005d2       0x23 ../sqrt_v3_06_02_bsp/\libhal_bsp.a(alt_find_dev.o)
 .debug_pubnames
                0x000005f5       0x24 ../sqrt_v3_06_02_bsp/\libhal_bsp.a(alt_find_file.o)
 .debug_pubnames
                0x00000619       0x21 ../sqrt_v3_06_02_bsp/\libhal_bsp.a(alt_get_fd.o)
 .debug_pubnames
                0x0000063a       0x27 ../sqrt_v3_06_02_bsp/\libhal_bsp.a(alt_icache_flush.o)
 .debug_pubnames
                0x00000661       0x2a c:/altera/13.0sp1/nios2eds/bin/gnu/h-i686-mingw32/bin/../lib/gcc/nios2-elf/4.1.2/../../../../nios2-elf/lib\libsmallc.a(lib_a-atexit.o)
 .debug_pubnames
                0x0000068b       0x1b c:/altera/13.0sp1/nios2eds/bin/gnu/h-i686-mingw32/bin/../lib/gcc/nios2-elf/4.1.2/../../../../nios2-elf/lib\libsmallc.a(lib_a-exit.o)
 .debug_pubnames
                0x000006a6       0x1d c:/altera/13.0sp1/nios2eds/bin/gnu/h-i686-mingw32/bin/../lib/gcc/nios2-elf/4.1.2/../../../../nios2-elf/lib\libsmallc.a(lib_a-memcmp.o)
 .debug_pubnames
                0x000006c3       0x2a c:/altera/13.0sp1/nios2eds/bin/gnu/h-i686-mingw32/bin/../lib/gcc/nios2-elf/4.1.2/../../../../nios2-elf/lib\libsmallc.a(lib_a-__atexit.o)
 .debug_pubnames
                0x000006ed       0x27 c:/altera/13.0sp1/nios2eds/bin/gnu/h-i686-mingw32/bin/../lib/gcc/nios2-elf/4.1.2/../../../../nios2-elf/lib\libsmallc.a(lib_a-__call_atexit.o)
 .debug_pubnames
                0x00000714       0x1c ../sqrt_v3_06_02_bsp/\libhal_bsp.a(alt_exit.o)

.debug_info     0x00000000     0x9743
 *(.debug_info .gnu.linkonce.wi.*)
 .debug_info    0x00000000       0x79 ../sqrt_v3_06_02_bsp//obj/HAL/src/crt0.o
 .debug_info    0x00000079      0x294 obj/default/hello_world.o
 .debug_info    0x0000030d      0x6c8 c:/altera/13.0sp1/nios2eds/bin/gnu/h-i686-mingw32/bin/../lib/gcc/nios2-elf/4.1.2/../../../../nios2-elf/lib\libsmallc.a(lib_a-printf.o)
 .debug_info    0x000009d5      0x685 c:/altera/13.0sp1/nios2eds/bin/gnu/h-i686-mingw32/bin/../lib/gcc/nios2-elf/4.1.2/../../../../nios2-elf/lib\libsmallc.a(lib_a-puts.o)
 .debug_info    0x0000105a       0xc2 c:/altera/13.0sp1/nios2eds/bin/gnu/h-i686-mingw32/bin/../lib/gcc/nios2-elf/4.1.2/../../../../nios2-elf/lib\libsmallc.a(lib_a-strlen.o)
 .debug_info    0x0000111c      0x9b5 c:/altera/13.0sp1/nios2eds/bin/gnu/h-i686-mingw32/bin/../lib/gcc/nios2-elf/4.1.2/../../../../nios2-elf/lib\libsmallc.a(lib_a-vfprintf.o)
 .debug_info    0x00001ad1      0x68e c:/altera/13.0sp1/nios2eds/bin/gnu/h-i686-mingw32/bin/../lib/gcc/nios2-elf/4.1.2/../../../../nios2-elf/lib\libsmallc.a(lib_a-fvwrite_small_dev.o)
 .debug_info    0x0000215f      0x636 c:/altera/13.0sp1/nios2eds/bin/gnu/h-i686-mingw32/bin/../lib/gcc/nios2-elf/4.1.2/../../../../nios2-elf/lib\libsmallc.a(lib_a-impure.o)
 .debug_info    0x00002795      0x68c c:/altera/13.0sp1/nios2eds/bin/gnu/h-i686-mingw32/bin/../lib/gcc/nios2-elf/4.1.2/../../../../nios2-elf/lib\libsmallc.a(lib_a-writer.o)
 .debug_info    0x00002e21       0x8c c:/altera/13.0sp1/nios2eds/bin/gnu/h-i686-mingw32/bin/../lib/gcc/nios2-elf/4.1.2/../../../../nios2-elf/lib\libsmallc.a(lib_a-int_errno.o)
 .debug_info    0x00002ead      0x21c c:/altera/13.0sp1/nios2eds/bin/gnu/h-i686-mingw32/bin/../lib/gcc/nios2-elf/4.1.2\libgcc.a(lib2-divmod.o)
 .debug_info    0x000030c9      0x28b ../sqrt_v3_06_02_bsp/\libhal_bsp.a(alt_load.o)
 .debug_info    0x00003354      0x223 ../sqrt_v3_06_02_bsp/\libhal_bsp.a(alt_main.o)
 .debug_info    0x00003577      0x691 ../sqrt_v3_06_02_bsp/\libhal_bsp.a(alt_write.o)
 .debug_info    0x00003c08      0x5bf ../sqrt_v3_06_02_bsp/\libhal_bsp.a(alt_sys_init.o)
 .debug_info    0x000041c7      0x5b7 ../sqrt_v3_06_02_bsp/\libhal_bsp.a(altera_avalon_jtag_uart_fd.o)
 .debug_info    0x0000477e      0x307 ../sqrt_v3_06_02_bsp/\libhal_bsp.a(altera_avalon_jtag_uart_read.o)
 .debug_info    0x00004a85      0x2e4 ../sqrt_v3_06_02_bsp/\libhal_bsp.a(altera_avalon_jtag_uart_write.o)
 .debug_info    0x00004d69      0x2bf ../sqrt_v3_06_02_bsp/\libhal_bsp.a(altera_avalon_timer_ts.o)
 .debug_info    0x00005028      0x205 ../sqrt_v3_06_02_bsp/\libhal_bsp.a(altera_avalon_timer_vars.o)
 .debug_info    0x0000522d      0x465 ../sqrt_v3_06_02_bsp/\libhal_bsp.a(alt_close.o)
 .debug_info    0x00005692      0x16d ../sqrt_v3_06_02_bsp/\libhal_bsp.a(alt_dcache_flush_all.o)
 .debug_info    0x000057ff      0x67d ../sqrt_v3_06_02_bsp/\libhal_bsp.a(alt_dev.o)
 .debug_info    0x00005e7c      0x2b5 ../sqrt_v3_06_02_bsp/\libhal_bsp.a(alt_dev_llist_insert.o)
 .debug_info    0x00006131      0x10d ../sqrt_v3_06_02_bsp/\libhal_bsp.a(alt_do_ctors.o)
 .debug_info    0x0000623e      0x10c ../sqrt_v3_06_02_bsp/\libhal_bsp.a(alt_do_dtors.o)
 .debug_info    0x0000634a      0x162 ../sqrt_v3_06_02_bsp/\libhal_bsp.a(alt_errno.o)
 .debug_info    0x000064ac      0x15a ../sqrt_v3_06_02_bsp/\libhal_bsp.a(alt_icache_flush_all.o)
 .debug_info    0x00006606      0x693 ../sqrt_v3_06_02_bsp/\libhal_bsp.a(alt_io_redirect.o)
 .debug_info    0x00006c99      0x523 ../sqrt_v3_06_02_bsp/\libhal_bsp.a(alt_open.o)
 .debug_info    0x000071bc      0x3f0 ../sqrt_v3_06_02_bsp/\libhal_bsp.a(alt_release_fd.o)
 .debug_info    0x000075ac      0x161 ../sqrt_v3_06_02_bsp/\libhal_bsp.a(altera_nios2_qsys_irq.o)
 .debug_info    0x0000770d      0x416 ../sqrt_v3_06_02_bsp/\libhal_bsp.a(alt_find_dev.o)
 .debug_info    0x00007b23      0x41d ../sqrt_v3_06_02_bsp/\libhal_bsp.a(alt_find_file.o)
 .debug_info    0x00007f40      0x45e ../sqrt_v3_06_02_bsp/\libhal_bsp.a(alt_get_fd.o)
 .debug_info    0x0000839e      0x1a2 ../sqrt_v3_06_02_bsp/\libhal_bsp.a(alt_icache_flush.o)
 .debug_info    0x00008540      0x186 c:/altera/13.0sp1/nios2eds/bin/gnu/h-i686-mingw32/bin/../lib/gcc/nios2-elf/4.1.2/../../../../nios2-elf/lib\libsmallc.a(lib_a-atexit.o)
 .debug_info    0x000086c6       0x9f c:/altera/13.0sp1/nios2eds/bin/gnu/h-i686-mingw32/bin/../lib/gcc/nios2-elf/4.1.2/../../../../nios2-elf/lib\libsmallc.a(lib_a-exit.o)
 .debug_info    0x00008765       0xef c:/altera/13.0sp1/nios2eds/bin/gnu/h-i686-mingw32/bin/../lib/gcc/nios2-elf/4.1.2/../../../../nios2-elf/lib\libsmallc.a(lib_a-memcmp.o)
 .debug_info    0x00008854      0x68f c:/altera/13.0sp1/nios2eds/bin/gnu/h-i686-mingw32/bin/../lib/gcc/nios2-elf/4.1.2/../../../../nios2-elf/lib\libsmallc.a(lib_a-__atexit.o)
 .debug_info    0x00008ee3      0x6d5 c:/altera/13.0sp1/nios2eds/bin/gnu/h-i686-mingw32/bin/../lib/gcc/nios2-elf/4.1.2/../../../../nios2-elf/lib\libsmallc.a(lib_a-__call_atexit.o)
 .debug_info    0x000095b8      0x18b ../sqrt_v3_06_02_bsp/\libhal_bsp.a(alt_exit.o)

.debug_abbrev   0x00000000     0x22db
 *(.debug_abbrev)
 .debug_abbrev  0x00000000       0x12 ../sqrt_v3_06_02_bsp//obj/HAL/src/crt0.o
 .debug_abbrev  0x00000012       0xcf obj/default/hello_world.o
 .debug_abbrev  0x000000e1      0x179 c:/altera/13.0sp1/nios2eds/bin/gnu/h-i686-mingw32/bin/../lib/gcc/nios2-elf/4.1.2/../../../../nios2-elf/lib\libsmallc.a(lib_a-printf.o)
 .debug_abbrev  0x0000025a      0x180 c:/altera/13.0sp1/nios2eds/bin/gnu/h-i686-mingw32/bin/../lib/gcc/nios2-elf/4.1.2/../../../../nios2-elf/lib\libsmallc.a(lib_a-puts.o)
 .debug_abbrev  0x000003da       0x7a c:/altera/13.0sp1/nios2eds/bin/gnu/h-i686-mingw32/bin/../lib/gcc/nios2-elf/4.1.2/../../../../nios2-elf/lib\libsmallc.a(lib_a-strlen.o)
 .debug_abbrev  0x00000454      0x263 c:/altera/13.0sp1/nios2eds/bin/gnu/h-i686-mingw32/bin/../lib/gcc/nios2-elf/4.1.2/../../../../nios2-elf/lib\libsmallc.a(lib_a-vfprintf.o)
 .debug_abbrev  0x000006b7      0x179 c:/altera/13.0sp1/nios2eds/bin/gnu/h-i686-mingw32/bin/../lib/gcc/nios2-elf/4.1.2/../../../../nios2-elf/lib\libsmallc.a(lib_a-fvwrite_small_dev.o)
 .debug_abbrev  0x00000830      0x13f c:/altera/13.0sp1/nios2eds/bin/gnu/h-i686-mingw32/bin/../lib/gcc/nios2-elf/4.1.2/../../../../nios2-elf/lib\libsmallc.a(lib_a-impure.o)
 .debug_abbrev  0x0000096f      0x16c c:/altera/13.0sp1/nios2eds/bin/gnu/h-i686-mingw32/bin/../lib/gcc/nios2-elf/4.1.2/../../../../nios2-elf/lib\libsmallc.a(lib_a-writer.o)
 .debug_abbrev  0x00000adb       0x3b c:/altera/13.0sp1/nios2eds/bin/gnu/h-i686-mingw32/bin/../lib/gcc/nios2-elf/4.1.2/../../../../nios2-elf/lib\libsmallc.a(lib_a-int_errno.o)
 .debug_abbrev  0x00000b16       0xe0 c:/altera/13.0sp1/nios2eds/bin/gnu/h-i686-mingw32/bin/../lib/gcc/nios2-elf/4.1.2\libgcc.a(lib2-divmod.o)
 .debug_abbrev  0x00000bf6       0x88 ../sqrt_v3_06_02_bsp/\libhal_bsp.a(alt_load.o)
 .debug_abbrev  0x00000c7e       0xb7 ../sqrt_v3_06_02_bsp/\libhal_bsp.a(alt_main.o)
 .debug_abbrev  0x00000d35      0x100 ../sqrt_v3_06_02_bsp/\libhal_bsp.a(alt_write.o)
 .debug_abbrev  0x00000e35      0x121 ../sqrt_v3_06_02_bsp/\libhal_bsp.a(alt_sys_init.o)
 .debug_abbrev  0x00000f56       0xcb ../sqrt_v3_06_02_bsp/\libhal_bsp.a(altera_avalon_jtag_uart_fd.o)
 .debug_abbrev  0x00001021       0xb6 ../sqrt_v3_06_02_bsp/\libhal_bsp.a(altera_avalon_jtag_uart_read.o)
 .debug_abbrev  0x000010d7       0xb4 ../sqrt_v3_06_02_bsp/\libhal_bsp.a(altera_avalon_jtag_uart_write.o)
 .debug_abbrev  0x0000118b       0xbe ../sqrt_v3_06_02_bsp/\libhal_bsp.a(altera_avalon_timer_ts.o)
 .debug_abbrev  0x00001249       0x87 ../sqrt_v3_06_02_bsp/\libhal_bsp.a(altera_avalon_timer_vars.o)
 .debug_abbrev  0x000012d0       0xfb ../sqrt_v3_06_02_bsp/\libhal_bsp.a(alt_close.o)
 .debug_abbrev  0x000013cb       0x57 ../sqrt_v3_06_02_bsp/\libhal_bsp.a(alt_dcache_flush_all.o)
 .debug_abbrev  0x00001422       0xc7 ../sqrt_v3_06_02_bsp/\libhal_bsp.a(alt_dev.o)
 .debug_abbrev  0x000014e9       0xf6 ../sqrt_v3_06_02_bsp/\libhal_bsp.a(alt_dev_llist_insert.o)
 .debug_abbrev  0x000015df       0x76 ../sqrt_v3_06_02_bsp/\libhal_bsp.a(alt_do_ctors.o)
 .debug_abbrev  0x00001655       0x76 ../sqrt_v3_06_02_bsp/\libhal_bsp.a(alt_do_dtors.o)
 .debug_abbrev  0x000016cb       0x5e ../sqrt_v3_06_02_bsp/\libhal_bsp.a(alt_errno.o)
 .debug_abbrev  0x00001729       0x3f ../sqrt_v3_06_02_bsp/\libhal_bsp.a(alt_icache_flush_all.o)
 .debug_abbrev  0x00001768       0xf0 ../sqrt_v3_06_02_bsp/\libhal_bsp.a(alt_io_redirect.o)
 .debug_abbrev  0x00001858      0x112 ../sqrt_v3_06_02_bsp/\libhal_bsp.a(alt_open.o)
 .debug_abbrev  0x0000196a       0xc1 ../sqrt_v3_06_02_bsp/\libhal_bsp.a(alt_release_fd.o)
 .debug_abbrev  0x00001a2b       0x3f ../sqrt_v3_06_02_bsp/\libhal_bsp.a(altera_nios2_qsys_irq.o)
 .debug_abbrev  0x00001a6a       0xcf ../sqrt_v3_06_02_bsp/\libhal_bsp.a(alt_find_dev.o)
 .debug_abbrev  0x00001b39       0xcf ../sqrt_v3_06_02_bsp/\libhal_bsp.a(alt_find_file.o)
 .debug_abbrev  0x00001c08       0xfb ../sqrt_v3_06_02_bsp/\libhal_bsp.a(alt_get_fd.o)
 .debug_abbrev  0x00001d03       0x7a ../sqrt_v3_06_02_bsp/\libhal_bsp.a(alt_icache_flush.o)
 .debug_abbrev  0x00001d7d       0xc6 c:/altera/13.0sp1/nios2eds/bin/gnu/h-i686-mingw32/bin/../lib/gcc/nios2-elf/4.1.2/../../../../nios2-elf/lib\libsmallc.a(lib_a-atexit.o)
 .debug_abbrev  0x00001e43       0x4e c:/altera/13.0sp1/nios2eds/bin/gnu/h-i686-mingw32/bin/../lib/gcc/nios2-elf/4.1.2/../../../../nios2-elf/lib\libsmallc.a(lib_a-exit.o)
 .debug_abbrev  0x00001e91       0x7c c:/altera/13.0sp1/nios2eds/bin/gnu/h-i686-mingw32/bin/../lib/gcc/nios2-elf/4.1.2/../../../../nios2-elf/lib\libsmallc.a(lib_a-memcmp.o)
 .debug_abbrev  0x00001f0d      0x196 c:/altera/13.0sp1/nios2eds/bin/gnu/h-i686-mingw32/bin/../lib/gcc/nios2-elf/4.1.2/../../../../nios2-elf/lib\libsmallc.a(lib_a-__atexit.o)
 .debug_abbrev  0x000020a3      0x1c6 c:/altera/13.0sp1/nios2eds/bin/gnu/h-i686-mingw32/bin/../lib/gcc/nios2-elf/4.1.2/../../../../nios2-elf/lib\libsmallc.a(lib_a-__call_atexit.o)
 .debug_abbrev  0x00002269       0x72 ../sqrt_v3_06_02_bsp/\libhal_bsp.a(alt_exit.o)

.debug_line     0x00000000     0x63e0
 *(.debug_line)
 .debug_line    0x00000000       0x72 ../sqrt_v3_06_02_bsp//obj/HAL/src/crt0.o
 .debug_line    0x00000072      0x365 obj/default/hello_world.o
 .debug_line    0x000003d7      0x2bb c:/altera/13.0sp1/nios2eds/bin/gnu/h-i686-mingw32/bin/../lib/gcc/nios2-elf/4.1.2/../../../../nios2-elf/lib\libsmallc.a(lib_a-printf.o)
 .debug_line    0x00000692      0x2af c:/altera/13.0sp1/nios2eds/bin/gnu/h-i686-mingw32/bin/../lib/gcc/nios2-elf/4.1.2/../../../../nios2-elf/lib\libsmallc.a(lib_a-puts.o)
 .debug_line    0x00000941      0x24d c:/altera/13.0sp1/nios2eds/bin/gnu/h-i686-mingw32/bin/../lib/gcc/nios2-elf/4.1.2/../../../../nios2-elf/lib\libsmallc.a(lib_a-strlen.o)
 .debug_line    0x00000b8e      0x62c c:/altera/13.0sp1/nios2eds/bin/gnu/h-i686-mingw32/bin/../lib/gcc/nios2-elf/4.1.2/../../../../nios2-elf/lib\libsmallc.a(lib_a-vfprintf.o)
 .debug_line    0x000011ba      0x2a6 c:/altera/13.0sp1/nios2eds/bin/gnu/h-i686-mingw32/bin/../lib/gcc/nios2-elf/4.1.2/../../../../nios2-elf/lib\libsmallc.a(lib_a-fvwrite_small_dev.o)
 .debug_line    0x00001460      0x22d c:/altera/13.0sp1/nios2eds/bin/gnu/h-i686-mingw32/bin/../lib/gcc/nios2-elf/4.1.2/../../../../nios2-elf/lib\libsmallc.a(lib_a-impure.o)
 .debug_line    0x0000168d      0x29a c:/altera/13.0sp1/nios2eds/bin/gnu/h-i686-mingw32/bin/../lib/gcc/nios2-elf/4.1.2/../../../../nios2-elf/lib\libsmallc.a(lib_a-writer.o)
 .debug_line    0x00001927      0x1df c:/altera/13.0sp1/nios2eds/bin/gnu/h-i686-mingw32/bin/../lib/gcc/nios2-elf/4.1.2/../../../../nios2-elf/lib\libsmallc.a(lib_a-int_errno.o)
 .debug_line    0x00001b06      0x24f c:/altera/13.0sp1/nios2eds/bin/gnu/h-i686-mingw32/bin/../lib/gcc/nios2-elf/4.1.2\libgcc.a(lib2-divmod.o)
 .debug_line    0x00001d55      0x217 ../sqrt_v3_06_02_bsp/\libhal_bsp.a(alt_load.o)
 .debug_line    0x00001f6c      0x2ca ../sqrt_v3_06_02_bsp/\libhal_bsp.a(alt_main.o)
 .debug_line    0x00002236      0x2c9 ../sqrt_v3_06_02_bsp/\libhal_bsp.a(alt_write.o)
 .debug_line    0x000024ff      0x2c7 ../sqrt_v3_06_02_bsp/\libhal_bsp.a(alt_sys_init.o)
 .debug_line    0x000027c6      0x1d7 ../sqrt_v3_06_02_bsp/\libhal_bsp.a(altera_avalon_jtag_uart_fd.o)
 .debug_line    0x0000299d      0x343 ../sqrt_v3_06_02_bsp/\libhal_bsp.a(altera_avalon_jtag_uart_read.o)
 .debug_line    0x00002ce0      0x304 ../sqrt_v3_06_02_bsp/\libhal_bsp.a(altera_avalon_jtag_uart_write.o)
 .debug_line    0x00002fe4      0x317 ../sqrt_v3_06_02_bsp/\libhal_bsp.a(altera_avalon_timer_ts.o)
 .debug_line    0x000032fb      0x242 ../sqrt_v3_06_02_bsp/\libhal_bsp.a(altera_avalon_timer_vars.o)
 .debug_line    0x0000353d      0x299 ../sqrt_v3_06_02_bsp/\libhal_bsp.a(alt_close.o)
 .debug_line    0x000037d6      0x1cd ../sqrt_v3_06_02_bsp/\libhal_bsp.a(alt_dcache_flush_all.o)
 .debug_line    0x000039a3      0x254 ../sqrt_v3_06_02_bsp/\libhal_bsp.a(alt_dev.o)
 .debug_line    0x00003bf7      0x25a ../sqrt_v3_06_02_bsp/\libhal_bsp.a(alt_dev_llist_insert.o)
 .debug_line    0x00003e51       0x83 ../sqrt_v3_06_02_bsp/\libhal_bsp.a(alt_do_ctors.o)
 .debug_line    0x00003ed4       0x83 ../sqrt_v3_06_02_bsp/\libhal_bsp.a(alt_do_dtors.o)
 .debug_line    0x00003f57      0x1aa ../sqrt_v3_06_02_bsp/\libhal_bsp.a(alt_errno.o)
 .debug_line    0x00004101      0x1bd ../sqrt_v3_06_02_bsp/\libhal_bsp.a(alt_icache_flush_all.o)
 .debug_line    0x000042be      0x2b4 ../sqrt_v3_06_02_bsp/\libhal_bsp.a(alt_io_redirect.o)
 .debug_line    0x00004572      0x2ff ../sqrt_v3_06_02_bsp/\libhal_bsp.a(alt_open.o)
 .debug_line    0x00004871       0xed ../sqrt_v3_06_02_bsp/\libhal_bsp.a(alt_release_fd.o)
 .debug_line    0x0000495e      0x1ce ../sqrt_v3_06_02_bsp/\libhal_bsp.a(altera_nios2_qsys_irq.o)
 .debug_line    0x00004b2c      0x26b ../sqrt_v3_06_02_bsp/\libhal_bsp.a(alt_find_dev.o)
 .debug_line    0x00004d97      0x27c ../sqrt_v3_06_02_bsp/\libhal_bsp.a(alt_find_file.o)
 .debug_line    0x00005013      0x297 ../sqrt_v3_06_02_bsp/\libhal_bsp.a(alt_get_fd.o)
 .debug_line    0x000052aa      0x1f9 ../sqrt_v3_06_02_bsp/\libhal_bsp.a(alt_icache_flush.o)
 .debug_line    0x000054a3      0x200 c:/altera/13.0sp1/nios2eds/bin/gnu/h-i686-mingw32/bin/../lib/gcc/nios2-elf/4.1.2/../../../../nios2-elf/lib\libsmallc.a(lib_a-atexit.o)
 .debug_line    0x000056a3      0x220 c:/altera/13.0sp1/nios2eds/bin/gnu/h-i686-mingw32/bin/../lib/gcc/nios2-elf/4.1.2/../../../../nios2-elf/lib\libsmallc.a(lib_a-exit.o)
 .debug_line    0x000058c3      0x26d c:/altera/13.0sp1/nios2eds/bin/gnu/h-i686-mingw32/bin/../lib/gcc/nios2-elf/4.1.2/../../../../nios2-elf/lib\libsmallc.a(lib_a-memcmp.o)
 .debug_line    0x00005b30      0x34d c:/altera/13.0sp1/nios2eds/bin/gnu/h-i686-mingw32/bin/../lib/gcc/nios2-elf/4.1.2/../../../../nios2-elf/lib\libsmallc.a(lib_a-__atexit.o)
 .debug_line    0x00005e7d      0x35d c:/altera/13.0sp1/nios2eds/bin/gnu/h-i686-mingw32/bin/../lib/gcc/nios2-elf/4.1.2/../../../../nios2-elf/lib\libsmallc.a(lib_a-__call_atexit.o)
 .debug_line    0x000061da      0x206 ../sqrt_v3_06_02_bsp/\libhal_bsp.a(alt_exit.o)

.debug_frame    0x00000000      0x890
 *(.debug_frame)
 .debug_frame   0x00000000       0x4c obj/default/hello_world.o
 .debug_frame   0x0000004c       0x40 c:/altera/13.0sp1/nios2eds/bin/gnu/h-i686-mingw32/bin/../lib/gcc/nios2-elf/4.1.2/../../../../nios2-elf/lib\libsmallc.a(lib_a-printf.o)
 .debug_frame   0x0000008c       0x3c c:/altera/13.0sp1/nios2eds/bin/gnu/h-i686-mingw32/bin/../lib/gcc/nios2-elf/4.1.2/../../../../nios2-elf/lib\libsmallc.a(lib_a-puts.o)
 .debug_frame   0x000000c8       0x20 c:/altera/13.0sp1/nios2eds/bin/gnu/h-i686-mingw32/bin/../lib/gcc/nios2-elf/4.1.2/../../../../nios2-elf/lib\libsmallc.a(lib_a-strlen.o)
 .debug_frame   0x000000e8       0x64 c:/altera/13.0sp1/nios2eds/bin/gnu/h-i686-mingw32/bin/../lib/gcc/nios2-elf/4.1.2/../../../../nios2-elf/lib\libsmallc.a(lib_a-vfprintf.o)
 .debug_frame   0x0000014c       0x30 c:/altera/13.0sp1/nios2eds/bin/gnu/h-i686-mingw32/bin/../lib/gcc/nios2-elf/4.1.2/../../../../nios2-elf/lib\libsmallc.a(lib_a-fvwrite_small_dev.o)
 .debug_frame   0x0000017c       0x2c c:/altera/13.0sp1/nios2eds/bin/gnu/h-i686-mingw32/bin/../lib/gcc/nios2-elf/4.1.2/../../../../nios2-elf/lib\libsmallc.a(lib_a-writer.o)
 .debug_frame   0x000001a8       0x70 c:/altera/13.0sp1/nios2eds/bin/gnu/h-i686-mingw32/bin/../lib/gcc/nios2-elf/4.1.2\libgcc.a(lib2-divmod.o)
 .debug_frame   0x00000218       0x48 ../sqrt_v3_06_02_bsp/\libhal_bsp.a(alt_load.o)
 .debug_frame   0x00000260       0x2c ../sqrt_v3_06_02_bsp/\libhal_bsp.a(alt_main.o)
 .debug_frame   0x0000028c       0x48 ../sqrt_v3_06_02_bsp/\libhal_bsp.a(alt_write.o)
 .debug_frame   0x000002d4       0x64 ../sqrt_v3_06_02_bsp/\libhal_bsp.a(alt_sys_init.o)
 .debug_frame   0x00000338       0x48 ../sqrt_v3_06_02_bsp/\libhal_bsp.a(altera_avalon_jtag_uart_fd.o)
 .debug_frame   0x00000380       0x2c ../sqrt_v3_06_02_bsp/\libhal_bsp.a(altera_avalon_jtag_uart_read.o)
 .debug_frame   0x000003ac       0x2c ../sqrt_v3_06_02_bsp/\libhal_bsp.a(altera_avalon_jtag_uart_write.o)
 .debug_frame   0x000003d8       0x64 ../sqrt_v3_06_02_bsp/\libhal_bsp.a(altera_avalon_timer_ts.o)
 .debug_frame   0x0000043c       0x48 ../sqrt_v3_06_02_bsp/\libhal_bsp.a(alt_close.o)
 .debug_frame   0x00000484       0x2c ../sqrt_v3_06_02_bsp/\libhal_bsp.a(alt_dcache_flush_all.o)
 .debug_frame   0x000004b0       0x2c ../sqrt_v3_06_02_bsp/\libhal_bsp.a(alt_dev.o)
 .debug_frame   0x000004dc       0x48 ../sqrt_v3_06_02_bsp/\libhal_bsp.a(alt_dev_llist_insert.o)
 .debug_frame   0x00000524       0x2c ../sqrt_v3_06_02_bsp/\libhal_bsp.a(alt_do_ctors.o)
 .debug_frame   0x00000550       0x2c ../sqrt_v3_06_02_bsp/\libhal_bsp.a(alt_do_dtors.o)
 .debug_frame   0x0000057c       0x2c ../sqrt_v3_06_02_bsp/\libhal_bsp.a(alt_icache_flush_all.o)
 .debug_frame   0x000005a8       0x48 ../sqrt_v3_06_02_bsp/\libhal_bsp.a(alt_io_redirect.o)
 .debug_frame   0x000005f0       0x64 ../sqrt_v3_06_02_bsp/\libhal_bsp.a(alt_open.o)
 .debug_frame   0x00000654       0x2c ../sqrt_v3_06_02_bsp/\libhal_bsp.a(alt_release_fd.o)
 .debug_frame   0x00000680       0x2c ../sqrt_v3_06_02_bsp/\libhal_bsp.a(altera_nios2_qsys_irq.o)
 .debug_frame   0x000006ac       0x2c ../sqrt_v3_06_02_bsp/\libhal_bsp.a(alt_find_dev.o)
 .debug_frame   0x000006d8       0x2c ../sqrt_v3_06_02_bsp/\libhal_bsp.a(alt_find_file.o)
 .debug_frame   0x00000704       0x2c ../sqrt_v3_06_02_bsp/\libhal_bsp.a(alt_get_fd.o)
 .debug_frame   0x00000730       0x2c ../sqrt_v3_06_02_bsp/\libhal_bsp.a(alt_icache_flush.o)
 .debug_frame   0x0000075c       0x20 c:/altera/13.0sp1/nios2eds/bin/gnu/h-i686-mingw32/bin/../lib/gcc/nios2-elf/4.1.2/../../../../nios2-elf/lib\libsmallc.a(lib_a-atexit.o)
 .debug_frame   0x0000077c       0x2c c:/altera/13.0sp1/nios2eds/bin/gnu/h-i686-mingw32/bin/../lib/gcc/nios2-elf/4.1.2/../../../../nios2-elf/lib\libsmallc.a(lib_a-exit.o)
 .debug_frame   0x000007a8       0x20 c:/altera/13.0sp1/nios2eds/bin/gnu/h-i686-mingw32/bin/../lib/gcc/nios2-elf/4.1.2/../../../../nios2-elf/lib\libsmallc.a(lib_a-memcmp.o)
 .debug_frame   0x000007c8       0x34 c:/altera/13.0sp1/nios2eds/bin/gnu/h-i686-mingw32/bin/../lib/gcc/nios2-elf/4.1.2/../../../../nios2-elf/lib\libsmallc.a(lib_a-__atexit.o)
 .debug_frame   0x000007fc       0x4c c:/altera/13.0sp1/nios2eds/bin/gnu/h-i686-mingw32/bin/../lib/gcc/nios2-elf/4.1.2/../../../../nios2-elf/lib\libsmallc.a(lib_a-__call_atexit.o)
 .debug_frame   0x00000848       0x48 ../sqrt_v3_06_02_bsp/\libhal_bsp.a(alt_exit.o)

.debug_str      0x00000000      0xd22
 *(.debug_str)
 .debug_str     0x00000000       0x12 obj/default/hello_world.o
 .debug_str     0x00000012      0x3f8 c:/altera/13.0sp1/nios2eds/bin/gnu/h-i686-mingw32/bin/../lib/gcc/nios2-elf/4.1.2/../../../../nios2-elf/lib\libsmallc.a(lib_a-printf.o)
                                0x458 (size before relaxing)
 .debug_str     0x0000040a       0x45 c:/altera/13.0sp1/nios2eds/bin/gnu/h-i686-mingw32/bin/../lib/gcc/nios2-elf/4.1.2/../../../../nios2-elf/lib\libsmallc.a(lib_a-puts.o)
                                0x442 (size before relaxing)
 .debug_str     0x0000044f       0xd4 c:/altera/13.0sp1/nios2eds/bin/gnu/h-i686-mingw32/bin/../lib/gcc/nios2-elf/4.1.2/../../../../nios2-elf/lib\libsmallc.a(lib_a-strlen.o)
                                0x176 (size before relaxing)
 .debug_str     0x00000523      0x165 c:/altera/13.0sp1/nios2eds/bin/gnu/h-i686-mingw32/bin/../lib/gcc/nios2-elf/4.1.2/../../../../nios2-elf/lib\libsmallc.a(lib_a-vfprintf.o)
                                0x5a1 (size before relaxing)
 .debug_str     0x00000688       0x6d c:/altera/13.0sp1/nios2eds/bin/gnu/h-i686-mingw32/bin/../lib/gcc/nios2-elf/4.1.2/../../../../nios2-elf/lib\libsmallc.a(lib_a-fvwrite_small_dev.o)
                                0x45c (size before relaxing)
 .debug_str     0x000006f5       0xea c:/altera/13.0sp1/nios2eds/bin/gnu/h-i686-mingw32/bin/../lib/gcc/nios2-elf/4.1.2/../../../../nios2-elf/lib\libsmallc.a(lib_a-impure.o)
                                0x44f (size before relaxing)
 .debug_str     0x000007df       0x4c c:/altera/13.0sp1/nios2eds/bin/gnu/h-i686-mingw32/bin/../lib/gcc/nios2-elf/4.1.2/../../../../nios2-elf/lib\libsmallc.a(lib_a-writer.o)
                                0x443 (size before relaxing)
 .debug_str     0x0000082b       0x3d c:/altera/13.0sp1/nios2eds/bin/gnu/h-i686-mingw32/bin/../lib/gcc/nios2-elf/4.1.2/../../../../nios2-elf/lib\libsmallc.a(lib_a-int_errno.o)
                                0x169 (size before relaxing)
 .debug_str     0x00000868      0x10b c:/altera/13.0sp1/nios2eds/bin/gnu/h-i686-mingw32/bin/../lib/gcc/nios2-elf/4.1.2\libgcc.a(lib2-divmod.o)
                                0x1b4 (size before relaxing)
 .debug_str     0x00000973       0x12 ../sqrt_v3_06_02_bsp/\libhal_bsp.a(alt_load.o)
 .debug_str     0x00000985       0x12 ../sqrt_v3_06_02_bsp/\libhal_bsp.a(alt_main.o)
 .debug_str     0x00000997       0x12 ../sqrt_v3_06_02_bsp/\libhal_bsp.a(alt_write.o)
 .debug_str     0x000009a9       0x12 ../sqrt_v3_06_02_bsp/\libhal_bsp.a(alt_sys_init.o)
 .debug_str     0x000009bb       0x12 ../sqrt_v3_06_02_bsp/\libhal_bsp.a(altera_avalon_jtag_uart_read.o)
 .debug_str     0x000009cd       0x12 ../sqrt_v3_06_02_bsp/\libhal_bsp.a(altera_avalon_jtag_uart_write.o)
 .debug_str     0x000009df       0x12 ../sqrt_v3_06_02_bsp/\libhal_bsp.a(altera_avalon_timer_ts.o)
 .debug_str     0x000009f1       0x12 ../sqrt_v3_06_02_bsp/\libhal_bsp.a(altera_avalon_timer_vars.o)
 .debug_str     0x00000a03       0x12 ../sqrt_v3_06_02_bsp/\libhal_bsp.a(alt_close.o)
 .debug_str     0x00000a15       0x12 ../sqrt_v3_06_02_bsp/\libhal_bsp.a(alt_dcache_flush_all.o)
 .debug_str     0x00000a27       0x12 ../sqrt_v3_06_02_bsp/\libhal_bsp.a(alt_dev.o)
 .debug_str     0x00000a39       0x12 ../sqrt_v3_06_02_bsp/\libhal_bsp.a(alt_dev_llist_insert.o)
 .debug_str     0x00000a4b       0x12 ../sqrt_v3_06_02_bsp/\libhal_bsp.a(alt_errno.o)
 .debug_str     0x00000a5d       0x12 ../sqrt_v3_06_02_bsp/\libhal_bsp.a(alt_icache_flush_all.o)
 .debug_str     0x00000a6f       0x12 ../sqrt_v3_06_02_bsp/\libhal_bsp.a(alt_io_redirect.o)
 .debug_str     0x00000a81       0x12 ../sqrt_v3_06_02_bsp/\libhal_bsp.a(alt_open.o)
 .debug_str     0x00000a93       0x12 ../sqrt_v3_06_02_bsp/\libhal_bsp.a(altera_nios2_qsys_irq.o)
 .debug_str     0x00000aa5       0x12 ../sqrt_v3_06_02_bsp/\libhal_bsp.a(alt_find_dev.o)
 .debug_str     0x00000ab7       0x12 ../sqrt_v3_06_02_bsp/\libhal_bsp.a(alt_find_file.o)
 .debug_str     0x00000ac9       0x12 ../sqrt_v3_06_02_bsp/\libhal_bsp.a(alt_get_fd.o)
 .debug_str     0x00000adb       0x12 ../sqrt_v3_06_02_bsp/\libhal_bsp.a(alt_icache_flush.o)
 .debug_str     0x00000aed       0xcd c:/altera/13.0sp1/nios2eds/bin/gnu/h-i686-mingw32/bin/../lib/gcc/nios2-elf/4.1.2/../../../../nios2-elf/lib\libsmallc.a(lib_a-atexit.o)
                                0x1d7 (size before relaxing)
 .debug_str     0x00000bba       0x3e c:/altera/13.0sp1/nios2eds/bin/gnu/h-i686-mingw32/bin/../lib/gcc/nios2-elf/4.1.2/../../../../nios2-elf/lib\libsmallc.a(lib_a-exit.o)
                                0x16a (size before relaxing)
 .debug_str     0x00000bf8       0x42 c:/altera/13.0sp1/nios2eds/bin/gnu/h-i686-mingw32/bin/../lib/gcc/nios2-elf/4.1.2/../../../../nios2-elf/lib\libsmallc.a(lib_a-memcmp.o)
                                0x170 (size before relaxing)
 .debug_str     0x00000c3a       0x51 c:/altera/13.0sp1/nios2eds/bin/gnu/h-i686-mingw32/bin/../lib/gcc/nios2-elf/4.1.2/../../../../nios2-elf/lib\libsmallc.a(lib_a-__atexit.o)
                                0x459 (size before relaxing)
 .debug_str     0x00000c8b       0x7b c:/altera/13.0sp1/nios2eds/bin/gnu/h-i686-mingw32/bin/../lib/gcc/nios2-elf/4.1.2/../../../../nios2-elf/lib\libsmallc.a(lib_a-__call_atexit.o)
                                0x483 (size before relaxing)
 .debug_str     0x00000d06       0x1c ../sqrt_v3_06_02_bsp/\libhal_bsp.a(alt_exit.o)

.debug_loc      0x00000000     0x16e6
 *(.debug_loc)
 .debug_loc     0x00000000       0x57 obj/default/hello_world.o
 .debug_loc     0x00000057       0x8d c:/altera/13.0sp1/nios2eds/bin/gnu/h-i686-mingw32/bin/../lib/gcc/nios2-elf/4.1.2/../../../../nios2-elf/lib\libsmallc.a(lib_a-printf.o)
 .debug_loc     0x000000e4       0xa2 c:/altera/13.0sp1/nios2eds/bin/gnu/h-i686-mingw32/bin/../lib/gcc/nios2-elf/4.1.2/../../../../nios2-elf/lib\libsmallc.a(lib_a-puts.o)
 .debug_loc     0x00000186       0x1e c:/altera/13.0sp1/nios2eds/bin/gnu/h-i686-mingw32/bin/../lib/gcc/nios2-elf/4.1.2/../../../../nios2-elf/lib\libsmallc.a(lib_a-strlen.o)
 .debug_loc     0x000001a4      0x773 c:/altera/13.0sp1/nios2eds/bin/gnu/h-i686-mingw32/bin/../lib/gcc/nios2-elf/4.1.2/../../../../nios2-elf/lib\libsmallc.a(lib_a-vfprintf.o)
 .debug_loc     0x00000917      0x162 c:/altera/13.0sp1/nios2eds/bin/gnu/h-i686-mingw32/bin/../lib/gcc/nios2-elf/4.1.2/../../../../nios2-elf/lib\libsmallc.a(lib_a-fvwrite_small_dev.o)
 .debug_loc     0x00000a79       0x97 c:/altera/13.0sp1/nios2eds/bin/gnu/h-i686-mingw32/bin/../lib/gcc/nios2-elf/4.1.2/../../../../nios2-elf/lib\libsmallc.a(lib_a-writer.o)
 .debug_loc     0x00000b10      0x1d2 c:/altera/13.0sp1/nios2eds/bin/gnu/h-i686-mingw32/bin/../lib/gcc/nios2-elf/4.1.2\libgcc.a(lib2-divmod.o)
 .debug_loc     0x00000ce2       0x56 ../sqrt_v3_06_02_bsp/\libhal_bsp.a(alt_load.o)
 .debug_loc     0x00000d38       0x2b ../sqrt_v3_06_02_bsp/\libhal_bsp.a(alt_main.o)
 .debug_loc     0x00000d63       0x56 ../sqrt_v3_06_02_bsp/\libhal_bsp.a(alt_write.o)
 .debug_loc     0x00000db9       0x81 ../sqrt_v3_06_02_bsp/\libhal_bsp.a(alt_sys_init.o)
 .debug_loc     0x00000e3a       0x56 ../sqrt_v3_06_02_bsp/\libhal_bsp.a(altera_avalon_jtag_uart_fd.o)
 .debug_loc     0x00000e90       0x2b ../sqrt_v3_06_02_bsp/\libhal_bsp.a(altera_avalon_jtag_uart_read.o)
 .debug_loc     0x00000ebb       0x2b ../sqrt_v3_06_02_bsp/\libhal_bsp.a(altera_avalon_jtag_uart_write.o)
 .debug_loc     0x00000ee6       0x81 ../sqrt_v3_06_02_bsp/\libhal_bsp.a(altera_avalon_timer_ts.o)
 .debug_loc     0x00000f67       0x56 ../sqrt_v3_06_02_bsp/\libhal_bsp.a(alt_close.o)
 .debug_loc     0x00000fbd       0x2b ../sqrt_v3_06_02_bsp/\libhal_bsp.a(alt_dcache_flush_all.o)
 .debug_loc     0x00000fe8       0x2b ../sqrt_v3_06_02_bsp/\libhal_bsp.a(alt_dev.o)
 .debug_loc     0x00001013       0x56 ../sqrt_v3_06_02_bsp/\libhal_bsp.a(alt_dev_llist_insert.o)
 .debug_loc     0x00001069       0x2b ../sqrt_v3_06_02_bsp/\libhal_bsp.a(alt_do_ctors.o)
 .debug_loc     0x00001094       0x2b ../sqrt_v3_06_02_bsp/\libhal_bsp.a(alt_do_dtors.o)
 .debug_loc     0x000010bf       0x2b ../sqrt_v3_06_02_bsp/\libhal_bsp.a(alt_icache_flush_all.o)
 .debug_loc     0x000010ea       0x56 ../sqrt_v3_06_02_bsp/\libhal_bsp.a(alt_io_redirect.o)
 .debug_loc     0x00001140       0x81 ../sqrt_v3_06_02_bsp/\libhal_bsp.a(alt_open.o)
 .debug_loc     0x000011c1       0x2b ../sqrt_v3_06_02_bsp/\libhal_bsp.a(alt_release_fd.o)
 .debug_loc     0x000011ec       0x2b ../sqrt_v3_06_02_bsp/\libhal_bsp.a(altera_nios2_qsys_irq.o)
 .debug_loc     0x00001217       0x2b ../sqrt_v3_06_02_bsp/\libhal_bsp.a(alt_find_dev.o)
 .debug_loc     0x00001242       0x2b ../sqrt_v3_06_02_bsp/\libhal_bsp.a(alt_find_file.o)
 .debug_loc     0x0000126d       0x2b ../sqrt_v3_06_02_bsp/\libhal_bsp.a(alt_get_fd.o)
 .debug_loc     0x00001298       0x2b ../sqrt_v3_06_02_bsp/\libhal_bsp.a(alt_icache_flush.o)
 .debug_loc     0x000012c3       0x1e c:/altera/13.0sp1/nios2eds/bin/gnu/h-i686-mingw32/bin/../lib/gcc/nios2-elf/4.1.2/../../../../nios2-elf/lib\libsmallc.a(lib_a-atexit.o)
 .debug_loc     0x000012e1       0x3d c:/altera/13.0sp1/nios2eds/bin/gnu/h-i686-mingw32/bin/../lib/gcc/nios2-elf/4.1.2/../../../../nios2-elf/lib\libsmallc.a(lib_a-exit.o)
 .debug_loc     0x0000131e       0x70 c:/altera/13.0sp1/nios2eds/bin/gnu/h-i686-mingw32/bin/../lib/gcc/nios2-elf/4.1.2/../../../../nios2-elf/lib\libsmallc.a(lib_a-memcmp.o)
 .debug_loc     0x0000138e      0x141 c:/altera/13.0sp1/nios2eds/bin/gnu/h-i686-mingw32/bin/../lib/gcc/nios2-elf/4.1.2/../../../../nios2-elf/lib\libsmallc.a(lib_a-__atexit.o)
 .debug_loc     0x000014cf      0x1c1 c:/altera/13.0sp1/nios2eds/bin/gnu/h-i686-mingw32/bin/../lib/gcc/nios2-elf/4.1.2/../../../../nios2-elf/lib\libsmallc.a(lib_a-__call_atexit.o)
 .debug_loc     0x00001690       0x56 ../sqrt_v3_06_02_bsp/\libhal_bsp.a(alt_exit.o)

.debug_macinfo
 *(.debug_macinfo)

.debug_weaknames
 *(.debug_weaknames)

.debug_funcnames
 *(.debug_funcnames)

.debug_typenames
 *(.debug_typenames)

.debug_varnames
 *(.debug_varnames)

.debug_alt_sim_info
                0x00000000       0x30
 *(.debug_alt_sim_info)
 .debug_alt_sim_info
                0x00000000       0x30 ../sqrt_v3_06_02_bsp//obj/HAL/src/crt0.o
                0x01108000                __alt_data_end = 0x1108000
                0x01108000                PROVIDE (__alt_stack_pointer, __alt_data_end)
                0x01106b4c                PROVIDE (__alt_stack_limit, __alt_stack_base)
                0x01106b4c                PROVIDE (__alt_heap_start, end)
                0x01108000                PROVIDE (__alt_heap_limit, 0x1108000)
OUTPUT(sqrt_v3_06_02.elf elf32-littlenios2)

.debug_ranges   0x00000000      0x178
 .debug_ranges  0x00000000       0x20 ../sqrt_v3_06_02_bsp//obj/HAL/src/crt0.o
 .debug_ranges  0x00000020      0x140 c:/altera/13.0sp1/nios2eds/bin/gnu/h-i686-mingw32/bin/../lib/gcc/nios2-elf/4.1.2/../../../../nios2-elf/lib\libsmallc.a(lib_a-vfprintf.o)
 .debug_ranges  0x00000160       0x18 c:/altera/13.0sp1/nios2eds/bin/gnu/h-i686-mingw32/bin/../lib/gcc/nios2-elf/4.1.2/../../../../nios2-elf/lib\libsmallc.a(lib_a-__call_atexit.o)
