Assembler report for top_nios_system
<<<<<<< HEAD:Nios/output_files/top_nios_system.asm.rpt
Thu Feb 13 11:53:41 2025
=======
Thu Feb 06 12:28:17 2025
>>>>>>> c77ccad3df62797458cf513265f9cafb82d4fc55:old/Nios/output_files/top_nios_system.asm.rpt
Quartus II 64-Bit Version 13.0.1 Build 232 06/12/2013 Service Pack 1 SJ Full Version


---------------------
; Table of Contents ;
---------------------
  1. Legal Notice
  2. Assembler Summary
  3. Assembler Settings
  4. Assembler Encrypted IP Cores Summary
  5. Assembler Generated Files
  6. Assembler Device Options: C:/Users/TEMP/Documents/TP_A3_SQRT_VHDL/Nios/output_files/top_nios_system.sof
  7. Assembler Device Options: C:/Users/TEMP/Documents/TP_A3_SQRT_VHDL/Nios/output_files/top_nios_system.pof
  8. Assembler Messages



----------------
; Legal Notice ;
----------------
Copyright (C) 1991-2013 Altera Corporation
Your use of Altera Corporation's design tools, logic functions 
and other software and tools, and its AMPP partner logic 
functions, and any output files from any of the foregoing 
(including device programming or simulation files), and any 
associated documentation or information are expressly subject 
to the terms and conditions of the Altera Program License 
Subscription Agreement, Altera MegaCore Function License 
Agreement, or other applicable license agreement, including, 
without limitation, that your use is for the sole purpose of 
programming logic devices manufactured by Altera and sold by 
Altera or its authorized distributors.  Please refer to the 
applicable agreement for further details.



+---------------------------------------------------------------+
; Assembler Summary                                             ;
+-----------------------+---------------------------------------+
<<<<<<< HEAD:Nios/output_files/top_nios_system.asm.rpt
; Assembler Status      ; Successful - Thu Feb 13 11:53:41 2025 ;
=======
; Assembler Status      ; Successful - Thu Feb 06 12:28:17 2025 ;
>>>>>>> c77ccad3df62797458cf513265f9cafb82d4fc55:old/Nios/output_files/top_nios_system.asm.rpt
; Revision Name         ; top_nios_system                       ;
; Top-level Entity Name ; top_nios_system                       ;
; Family                ; Cyclone II                            ;
; Device                ; EP2C20F484C7                          ;
+-----------------------+---------------------------------------+


+--------------------------------------------------------------------------------------------------------+
; Assembler Settings                                                                                     ;
+-----------------------------------------------------------------------------+----------+---------------+
; Option                                                                      ; Setting  ; Default Value ;
+-----------------------------------------------------------------------------+----------+---------------+
; Use smart compilation                                                       ; Off      ; Off           ;
; Enable parallel Assembler and TimeQuest Timing Analyzer during compilation  ; On       ; On            ;
; Enable compact report table                                                 ; Off      ; Off           ;
; Generate compressed bitstreams                                              ; On       ; On            ;
; Compression mode                                                            ; Off      ; Off           ;
; Clock source for configuration device                                       ; Internal ; Internal      ;
; Clock frequency of the configuration device                                 ; 10 MHZ   ; 10 MHz        ;
; Divide clock frequency by                                                   ; 1        ; 1             ;
; Auto user code                                                              ; On       ; On            ;
; Use configuration device                                                    ; On       ; On            ;
; Configuration device                                                        ; Auto     ; Auto          ;
; Configuration device auto user code                                         ; Off      ; Off           ;
; Generate Tabular Text File (.ttf) For Target Device                         ; Off      ; Off           ;
; Generate Raw Binary File (.rbf) For Target Device                           ; Off      ; Off           ;
; Generate Hexadecimal (Intel-Format) Output File (.hexout) for Target Device ; Off      ; Off           ;
; Hexadecimal Output File start address                                       ; 0        ; 0             ;
; Hexadecimal Output File count direction                                     ; Up       ; Up            ;
; Release clears before tri-states                                            ; Off      ; Off           ;
; Auto-restart configuration after error                                      ; On       ; On            ;
; Maintain Compatibility with All Cyclone II M4K Versions                     ; On       ; On            ;
; Generate Serial Vector Format File (.svf) for Target Device                 ; Off      ; Off           ;
; Generate a JEDEC STAPL Format File (.jam) for Target Device                 ; Off      ; Off           ;
; Generate a compressed Jam STAPL Byte Code 2.0 File (.jbc) for Target Device ; Off      ; Off           ;
; Generate a compressed Jam STAPL Byte Code 2.0 File (.jbc) for Target Device ; On       ; On            ;
+-----------------------------------------------------------------------------+----------+---------------+


+-------------------------------------------------------+
; Assembler Encrypted IP Cores Summary                  ;
+--------+-------------------------------+--------------+
; Vendor ; IP Core Name                  ; License Type ;
+--------+-------------------------------+--------------+
; Altera ; Nios II Processor (6AF7 00A2) ; Licensed     ;
; Altera ; Signal Tap (6AF7 BCE1)        ; Licensed     ;
; Altera ; Signal Tap (6AF7 BCEC)        ; Licensed     ;
+--------+-------------------------------+--------------+


+-------------------------------------------------------------------------------+
; Assembler Generated Files                                                     ;
+-------------------------------------------------------------------------------+
; File Name                                                                     ;
+-------------------------------------------------------------------------------+
; C:/Users/TEMP/Documents/TP_A3_SQRT_VHDL/Nios/output_files/top_nios_system.sof ;
; C:/Users/TEMP/Documents/TP_A3_SQRT_VHDL/Nios/output_files/top_nios_system.pof ;
+-------------------------------------------------------------------------------+


+---------------------------------------------------------------------------------------------------------+
; Assembler Device Options: C:/Users/TEMP/Documents/TP_A3_SQRT_VHDL/Nios/output_files/top_nios_system.sof ;
+----------------+----------------------------------------------------------------------------------------+
; Option         ; Setting                                                                                ;
+----------------+----------------------------------------------------------------------------------------+
; Device         ; EP2C20F484C7                                                                           ;
<<<<<<< HEAD:Nios/output_files/top_nios_system.asm.rpt
; JTAG usercode  ; 0x00553C8D                                                                             ;
; Checksum       ; 0x00553C8D                                                                             ;
=======
; JTAG usercode  ; 0x00551F9D                                                                             ;
; Checksum       ; 0x00551F9D                                                                             ;
>>>>>>> c77ccad3df62797458cf513265f9cafb82d4fc55:old/Nios/output_files/top_nios_system.asm.rpt
+----------------+----------------------------------------------------------------------------------------+


+---------------------------------------------------------------------------------------------------------+
; Assembler Device Options: C:/Users/TEMP/Documents/TP_A3_SQRT_VHDL/Nios/output_files/top_nios_system.pof ;
+--------------------+------------------------------------------------------------------------------------+
; Option             ; Setting                                                                            ;
+--------------------+------------------------------------------------------------------------------------+
; Device             ; EPCS16                                                                             ;
; JTAG usercode      ; 0x00000000                                                                         ;
<<<<<<< HEAD:Nios/output_files/top_nios_system.asm.rpt
; Checksum           ; 0x1D832ABD                                                                         ;
=======
; Checksum           ; 0x1D7E908B                                                                         ;
>>>>>>> c77ccad3df62797458cf513265f9cafb82d4fc55:old/Nios/output_files/top_nios_system.asm.rpt
; Compression Ratio  ; 2                                                                                  ;
+--------------------+------------------------------------------------------------------------------------+


+--------------------+
; Assembler Messages ;
+--------------------+
Info: *******************************************************************
Info: Running Quartus II 64-Bit Assembler
    Info: Version 13.0.1 Build 232 06/12/2013 Service Pack 1 SJ Full Version
<<<<<<< HEAD:Nios/output_files/top_nios_system.asm.rpt
    Info: Processing started: Thu Feb 13 11:53:30 2025
=======
    Info: Processing started: Thu Feb 06 12:28:06 2025
>>>>>>> c77ccad3df62797458cf513265f9cafb82d4fc55:old/Nios/output_files/top_nios_system.asm.rpt
Info: Command: quartus_asm --read_settings_files=off --write_settings_files=off top_nios_system -c top_nios_system
Info (115031): Writing out detailed assembly data for power analysis
Info (115030): Assembler is generating device programming files
Info: Quartus II 64-Bit Assembler was successful. 0 errors, 0 warnings
<<<<<<< HEAD:Nios/output_files/top_nios_system.asm.rpt
    Info: Peak virtual memory: 4595 megabytes
    Info: Processing ended: Thu Feb 13 11:53:41 2025
=======
    Info: Peak virtual memory: 4601 megabytes
    Info: Processing ended: Thu Feb 06 12:28:17 2025
>>>>>>> c77ccad3df62797458cf513265f9cafb82d4fc55:old/Nios/output_files/top_nios_system.asm.rpt
    Info: Elapsed time: 00:00:11
    Info: Total CPU time (on all processors): 00:00:02


