Archive member included because of file (symbol)

c:/altera/13.0sp1/nios2eds/bin/gnu/h-i686-mingw32/bin/../lib/gcc/nios2-elf/4.1.2/../../../../nios2-elf/lib\libsmallc.a(lib_a-puts.o)
                              obj/default/hello_world.o (puts)
c:/altera/13.0sp1/nios2eds/bin/gnu/h-i686-mingw32/bin/../lib/gcc/nios2-elf/4.1.2/../../../../nios2-elf/lib\libsmallc.a(lib_a-strlen.o)
                              c:/altera/13.0sp1/nios2eds/bin/gnu/h-i686-mingw32/bin/../lib/gcc/nios2-elf/4.1.2/../../../../nios2-elf/lib\libsmallc.a(lib_a-puts.o) (strlen)
c:/altera/13.0sp1/nios2eds/bin/gnu/h-i686-mingw32/bin/../lib/gcc/nios2-elf/4.1.2/../../../../nios2-elf/lib\libsmallc.a(lib_a-fvwrite_small_dev.o)
                              c:/altera/13.0sp1/nios2eds/bin/gnu/h-i686-mingw32/bin/../lib/gcc/nios2-elf/4.1.2/../../../../nios2-elf/lib\libsmallc.a(lib_a-puts.o) (__sfvwrite_small_dev)
c:/altera/13.0sp1/nios2eds/bin/gnu/h-i686-mingw32/bin/../lib/gcc/nios2-elf/4.1.2/../../../../nios2-elf/lib\libsmallc.a(lib_a-impure.o)
                              c:/altera/13.0sp1/nios2eds/bin/gnu/h-i686-mingw32/bin/../lib/gcc/nios2-elf/4.1.2/../../../../nios2-elf/lib\libsmallc.a(lib_a-puts.o) (_impure_ptr)
c:/altera/13.0sp1/nios2eds/bin/gnu/h-i686-mingw32/bin/../lib/gcc/nios2-elf/4.1.2/../../../../nios2-elf/lib\libsmallc.a(lib_a-writer.o)
                              c:/altera/13.0sp1/nios2eds/bin/gnu/h-i686-mingw32/bin/../lib/gcc/nios2-elf/4.1.2/../../../../nios2-elf/lib\libsmallc.a(lib_a-fvwrite_small_dev.o) (_write_r)
c:/altera/13.0sp1/nios2eds/bin/gnu/h-i686-mingw32/bin/../lib/gcc/nios2-elf/4.1.2/../../../../nios2-elf/lib\libsmallc.a(lib_a-int_errno.o)
                              c:/altera/13.0sp1/nios2eds/bin/gnu/h-i686-mingw32/bin/../lib/gcc/nios2-elf/4.1.2/../../../../nios2-elf/lib\libsmallc.a(lib_a-writer.o) (errno)
../sqrt_bsp/\libhal_bsp.a(alt_load.o)
                              ../sqrt_bsp//obj/HAL/src/crt0.o (alt_load)
../sqrt_bsp/\libhal_bsp.a(alt_main.o)
                              ../sqrt_bsp//obj/HAL/src/crt0.o (alt_main)
../sqrt_bsp/\libhal_bsp.a(alt_write.o)
                              c:/altera/13.0sp1/nios2eds/bin/gnu/h-i686-mingw32/bin/../lib/gcc/nios2-elf/4.1.2/../../../../nios2-elf/lib\libsmallc.a(lib_a-writer.o) (write)
../sqrt_bsp/\libhal_bsp.a(alt_sys_init.o)
                              ../sqrt_bsp/\libhal_bsp.a(alt_main.o) (alt_irq_init)
../sqrt_bsp/\libhal_bsp.a(altera_avalon_jtag_uart_fd.o)
                              ../sqrt_bsp/\libhal_bsp.a(alt_sys_init.o) (altera_avalon_jtag_uart_read_fd)
../sqrt_bsp/\libhal_bsp.a(altera_avalon_jtag_uart_read.o)
                              ../sqrt_bsp/\libhal_bsp.a(altera_avalon_jtag_uart_fd.o) (altera_avalon_jtag_uart_read)
../sqrt_bsp/\libhal_bsp.a(altera_avalon_jtag_uart_write.o)
                              ../sqrt_bsp/\libhal_bsp.a(altera_avalon_jtag_uart_fd.o) (altera_avalon_jtag_uart_write)
../sqrt_bsp/\libhal_bsp.a(altera_avalon_timer_vars.o)
                              ../sqrt_bsp/\libhal_bsp.a(alt_sys_init.o) (altera_avalon_timer_ts_base)
../sqrt_bsp/\libhal_bsp.a(alt_close.o)
                              ../sqrt_bsp/\libhal_bsp.a(alt_main.o) (close)
../sqrt_bsp/\libhal_bsp.a(alt_dcache_flush_all.o)
                              ../sqrt_bsp/\libhal_bsp.a(alt_load.o) (alt_dcache_flush_all)
../sqrt_bsp/\libhal_bsp.a(alt_dev.o)
                              ../sqrt_bsp/\libhal_bsp.a(alt_sys_init.o) (alt_dev_list)
../sqrt_bsp/\libhal_bsp.a(alt_dev_llist_insert.o)
                              ../sqrt_bsp/\libhal_bsp.a(alt_sys_init.o) (alt_dev_llist_insert)
../sqrt_bsp/\libhal_bsp.a(alt_do_ctors.o)
                              ../sqrt_bsp/\libhal_bsp.a(alt_main.o) (_do_ctors)
../sqrt_bsp/\libhal_bsp.a(alt_do_dtors.o)
                              ../sqrt_bsp/\libhal_bsp.a(alt_main.o) (_do_dtors)
../sqrt_bsp/\libhal_bsp.a(alt_errno.o)
                              ../sqrt_bsp/\libhal_bsp.a(alt_write.o) (alt_errno)
../sqrt_bsp/\libhal_bsp.a(alt_icache_flush_all.o)
                              ../sqrt_bsp/\libhal_bsp.a(alt_load.o) (alt_icache_flush_all)
../sqrt_bsp/\libhal_bsp.a(alt_io_redirect.o)
                              ../sqrt_bsp/\libhal_bsp.a(alt_main.o) (alt_io_redirect)
../sqrt_bsp/\libhal_bsp.a(alt_open.o)
                              ../sqrt_bsp/\libhal_bsp.a(alt_io_redirect.o) (open)
../sqrt_bsp/\libhal_bsp.a(alt_release_fd.o)
                              ../sqrt_bsp/\libhal_bsp.a(alt_close.o) (alt_release_fd)
../sqrt_bsp/\libhal_bsp.a(altera_nios2_qsys_irq.o)
                              ../sqrt_bsp/\libhal_bsp.a(alt_sys_init.o) (altera_nios2_qsys_irq_init)
../sqrt_bsp/\libhal_bsp.a(alt_find_dev.o)
                              ../sqrt_bsp/\libhal_bsp.a(alt_open.o) (alt_find_dev)
../sqrt_bsp/\libhal_bsp.a(alt_find_file.o)
                              ../sqrt_bsp/\libhal_bsp.a(alt_open.o) (alt_find_file)
../sqrt_bsp/\libhal_bsp.a(alt_get_fd.o)
                              ../sqrt_bsp/\libhal_bsp.a(alt_open.o) (alt_get_fd)
../sqrt_bsp/\libhal_bsp.a(alt_icache_flush.o)
                              ../sqrt_bsp/\libhal_bsp.a(alt_icache_flush_all.o) (alt_icache_flush)
c:/altera/13.0sp1/nios2eds/bin/gnu/h-i686-mingw32/bin/../lib/gcc/nios2-elf/4.1.2/../../../../nios2-elf/lib\libsmallc.a(lib_a-atexit.o)
                              ../sqrt_bsp/\libhal_bsp.a(alt_main.o) (atexit)
c:/altera/13.0sp1/nios2eds/bin/gnu/h-i686-mingw32/bin/../lib/gcc/nios2-elf/4.1.2/../../../../nios2-elf/lib\libsmallc.a(lib_a-exit.o)
                              ../sqrt_bsp/\libhal_bsp.a(alt_main.o) (exit)
c:/altera/13.0sp1/nios2eds/bin/gnu/h-i686-mingw32/bin/../lib/gcc/nios2-elf/4.1.2/../../../../nios2-elf/lib\libsmallc.a(lib_a-memcmp.o)
                              ../sqrt_bsp/\libhal_bsp.a(alt_find_dev.o) (memcmp)
c:/altera/13.0sp1/nios2eds/bin/gnu/h-i686-mingw32/bin/../lib/gcc/nios2-elf/4.1.2/../../../../nios2-elf/lib\libsmallc.a(lib_a-__atexit.o)
                              c:/altera/13.0sp1/nios2eds/bin/gnu/h-i686-mingw32/bin/../lib/gcc/nios2-elf/4.1.2/../../../../nios2-elf/lib\libsmallc.a(lib_a-atexit.o) (__register_exitproc)
c:/altera/13.0sp1/nios2eds/bin/gnu/h-i686-mingw32/bin/../lib/gcc/nios2-elf/4.1.2/../../../../nios2-elf/lib\libsmallc.a(lib_a-__call_atexit.o)
                              c:/altera/13.0sp1/nios2eds/bin/gnu/h-i686-mingw32/bin/../lib/gcc/nios2-elf/4.1.2/../../../../nios2-elf/lib\libsmallc.a(lib_a-exit.o) (__call_exitprocs)
../sqrt_bsp/\libhal_bsp.a(alt_exit.o)
                              c:/altera/13.0sp1/nios2eds/bin/gnu/h-i686-mingw32/bin/../lib/gcc/nios2-elf/4.1.2/../../../../nios2-elf/lib\libsmallc.a(lib_a-exit.o) (_exit)

Allocating common symbols
Common symbol       size              file

errno               0x4               c:/altera/13.0sp1/nios2eds/bin/gnu/h-i686-mingw32/bin/../lib/gcc/nios2-elf/4.1.2/../../../../nios2-elf/lib\libsmallc.a(lib_a-int_errno.o)
_atexit0            0x8c              c:/altera/13.0sp1/nios2eds/bin/gnu/h-i686-mingw32/bin/../lib/gcc/nios2-elf/4.1.2/../../../../nios2-elf/lib\libsmallc.a(lib_a-atexit.o)

Memory Configuration

Name             Origin             Length             Attributes
reset            0x00800000         0x00000020
SDRAM            0x00800020         0x007fffe0
SRAM             0x01080000         0x00080000
ONCHIP           0x01104000         0x00004000
*default*        0x00000000         0xffffffff

Linker script and memory map

LOAD ../sqrt_bsp//obj/HAL/src/crt0.o
LOAD obj/default/hello_world.o
LOAD c:/altera/13.0sp1/nios2eds/bin/gnu/h-i686-mingw32/bin/../lib/gcc/nios2-elf/4.1.2/../../../../nios2-elf/lib\libstdc++.a
LOAD c:/altera/13.0sp1/nios2eds/bin/gnu/h-i686-mingw32/bin/../lib/gcc/nios2-elf/4.1.2/../../../../nios2-elf/lib\libm.a
LOAD c:/altera/13.0sp1/nios2eds/bin/gnu/h-i686-mingw32/bin/../lib/gcc/nios2-elf/4.1.2\libgcc.a
START GROUP
LOAD c:/altera/13.0sp1/nios2eds/bin/gnu/h-i686-mingw32/bin/../lib/gcc/nios2-elf/4.1.2/../../../../nios2-elf/lib\libsmallc.a
LOAD c:/altera/13.0sp1/nios2eds/bin/gnu/h-i686-mingw32/bin/../lib/gcc/nios2-elf/4.1.2\libgcc.a
LOAD ../sqrt_bsp/\libhal_bsp.a
END GROUP
LOAD c:/altera/13.0sp1/nios2eds/bin/gnu/h-i686-mingw32/bin/../lib/gcc/nios2-elf/4.1.2\libgcc.a
                0x00800000                __alt_mem_SDRAM = 0x800000
                0x01080000                __alt_mem_SRAM = 0x1080000
                0x01104000                __alt_mem_ONCHIP = 0x1104000

.entry          0x00800000       0x20
 *(.entry)
 .entry         0x00800000       0x20 ../sqrt_bsp//obj/HAL/src/crt0.o
                0x00800000                __reset

.exceptions     0x00800020        0x0
                0x00800020                PROVIDE (__ram_exceptions_start, ABSOLUTE (.))
                0x00800020                . = ALIGN (0x20)
 *(.irq)
 *(.exceptions.entry.label)
 *(.exceptions.entry.user)
 *(.exceptions.entry)
 *(.exceptions.irqtest.user)
 *(.exceptions.irqtest)
 *(.exceptions.irqhandler.user)
 *(.exceptions.irqhandler)
 *(.exceptions.irqreturn.user)
 *(.exceptions.irqreturn)
 *(.exceptions.notirq.label)
 *(.exceptions.notirq.user)
 *(.exceptions.notirq)
 *(.exceptions.soft.user)
 *(.exceptions.soft)
 *(.exceptions.unknown.user)
 *(.exceptions.unknown)
 *(.exceptions.exit.label)
 *(.exceptions.exit.user)
 *(.exceptions.exit)
 *(.exceptions)
                0x00800020                PROVIDE (__ram_exceptions_end, ABSOLUTE (.))
                0x00800020                PROVIDE (__flash_exceptions_start, LOADADDR (.exceptions))

.text           0x00800020     0x17c0
                0x00800020                PROVIDE (stext, ABSOLUTE (.))
 *(.interp)
 *(.hash)
 *(.dynsym)
 *(.dynstr)
 *(.gnu.version)
 *(.gnu.version_d)
 *(.gnu.version_r)
 *(.rel.init)
 *(.rela.init)
 *(.rel.text .rel.text.* .rel.gnu.linkonce.t.*)
 *(.rela.text .rela.text.* .rela.gnu.linkonce.t.*)
 *(.rel.fini)
 *(.rela.fini)
 *(.rel.rodata .rel.rodata.* .rel.gnu.linkonce.r.*)
 *(.rela.rodata .rela.rodata.* .rela.gnu.linkonce.r.*)
 *(.rel.data .rel.data.* .rel.gnu.linkonce.d.*)
 *(.rela.data .rela.data.* .rela.gnu.linkonce.d.*)
 *(.rel.tdata .rel.tdata.* .rel.gnu.linkonce.td.*)
 *(.rela.tdata .rela.tdata.* .rela.gnu.linkonce.td.*)
 *(.rel.tbss .rel.tbss.* .rel.gnu.linkonce.tb.*)
 *(.rela.tbss .rela.tbss.* .rela.gnu.linkonce.tb.*)
 *(.rel.ctors)
 *(.rela.ctors)
 *(.rel.dtors)
 *(.rela.dtors)
 *(.rel.got)
 *(.rela.got)
 *(.rel.sdata .rel.sdata.* .rel.gnu.linkonce.s.*)
 *(.rela.sdata .rela.sdata.* .rela.gnu.linkonce.s.*)
 *(.rel.sbss .rel.sbss.* .rel.gnu.linkonce.sb.*)
 *(.rela.sbss .rela.sbss.* .rela.gnu.linkonce.sb.*)
 *(.rel.sdata2 .rel.sdata2.* .rel.gnu.linkonce.s2.*)
 *(.rela.sdata2 .rela.sdata2.* .rela.gnu.linkonce.s2.*)
 *(.rel.sbss2 .rel.sbss2.* .rel.gnu.linkonce.sb2.*)
 *(.rela.sbss2 .rela.sbss2.* .rela.gnu.linkonce.sb2.*)
 *(.rel.bss .rel.bss.* .rel.gnu.linkonce.b.*)
 *(.rela.bss .rela.bss.* .rela.gnu.linkonce.b.*)
 *(.rel.plt)
 *(.rela.plt)
 *(.rel.dyn)
 *(.init)
 *(.plt)
 *(.text .stub .text.* .gnu.linkonce.t.*)
 .text          0x00800020       0x4c ../sqrt_bsp//obj/HAL/src/crt0.o
                0x00800020                _start
 .text          0x0080006c       0x34 obj/default/hello_world.o
                0x0080006c                main
 .text          0x008000a0       0xa4 c:/altera/13.0sp1/nios2eds/bin/gnu/h-i686-mingw32/bin/../lib/gcc/nios2-elf/4.1.2/../../../../nios2-elf/lib\libsmallc.a(lib_a-puts.o)
                0x008000a0                _puts_r
                0x00800130                puts
 .text          0x00800144       0x20 c:/altera/13.0sp1/nios2eds/bin/gnu/h-i686-mingw32/bin/../lib/gcc/nios2-elf/4.1.2/../../../../nios2-elf/lib\libsmallc.a(lib_a-strlen.o)
                0x00800144                strlen
 .text          0x00800164       0xbc c:/altera/13.0sp1/nios2eds/bin/gnu/h-i686-mingw32/bin/../lib/gcc/nios2-elf/4.1.2/../../../../nios2-elf/lib\libsmallc.a(lib_a-fvwrite_small_dev.o)
                0x00800164                __sfvwrite_small_dev
 .text          0x00800220        0x0 c:/altera/13.0sp1/nios2eds/bin/gnu/h-i686-mingw32/bin/../lib/gcc/nios2-elf/4.1.2/../../../../nios2-elf/lib\libsmallc.a(lib_a-impure.o)
 .text          0x00800220       0x78 c:/altera/13.0sp1/nios2eds/bin/gnu/h-i686-mingw32/bin/../lib/gcc/nios2-elf/4.1.2/../../../../nios2-elf/lib\libsmallc.a(lib_a-writer.o)
                0x00800220                _write_r
 .text          0x00800298        0x0 c:/altera/13.0sp1/nios2eds/bin/gnu/h-i686-mingw32/bin/../lib/gcc/nios2-elf/4.1.2/../../../../nios2-elf/lib\libsmallc.a(lib_a-int_errno.o)
 .text          0x00800298       0xec ../sqrt_bsp/\libhal_bsp.a(alt_load.o)
                0x00800298                alt_load
 .text          0x00800384       0x6c ../sqrt_bsp/\libhal_bsp.a(alt_main.o)
                0x00800384                alt_main
 .text          0x008003f0      0x180 ../sqrt_bsp/\libhal_bsp.a(alt_write.o)
                0x008003f0                write
 .text          0x00800570       0xc4 ../sqrt_bsp/\libhal_bsp.a(alt_sys_init.o)
                0x00800570                alt_irq_init
                0x008005a4                alt_sys_init
 .text          0x00800634       0xb0 ../sqrt_bsp/\libhal_bsp.a(altera_avalon_jtag_uart_fd.o)
                0x00800634                altera_avalon_jtag_uart_read_fd
                0x0080068c                altera_avalon_jtag_uart_write_fd
 .text          0x008006e4      0x104 ../sqrt_bsp/\libhal_bsp.a(altera_avalon_jtag_uart_read.o)
                0x008006e4                altera_avalon_jtag_uart_read
 .text          0x008007e8       0xa4 ../sqrt_bsp/\libhal_bsp.a(altera_avalon_jtag_uart_write.o)
                0x008007e8                altera_avalon_jtag_uart_write
 .text          0x0080088c        0x0 ../sqrt_bsp/\libhal_bsp.a(altera_avalon_timer_vars.o)
 .text          0x0080088c      0x15c ../sqrt_bsp/\libhal_bsp.a(alt_close.o)
                0x0080088c                close
 .text          0x008009e8       0x44 ../sqrt_bsp/\libhal_bsp.a(alt_dcache_flush_all.o)
                0x008009e8                alt_dcache_flush_all
 .text          0x00800a2c       0x2c ../sqrt_bsp/\libhal_bsp.a(alt_dev.o)
 .text          0x00800a58      0x114 ../sqrt_bsp/\libhal_bsp.a(alt_dev_llist_insert.o)
                0x00800a58                alt_dev_llist_insert
 .text          0x00800b6c       0x64 ../sqrt_bsp/\libhal_bsp.a(alt_do_ctors.o)
                0x00800b6c                _do_ctors
 .text          0x00800bd0       0x64 ../sqrt_bsp/\libhal_bsp.a(alt_do_dtors.o)
                0x00800bd0                _do_dtors
 .text          0x00800c34        0x0 ../sqrt_bsp/\libhal_bsp.a(alt_errno.o)
 .text          0x00800c34       0x30 ../sqrt_bsp/\libhal_bsp.a(alt_icache_flush_all.o)
                0x00800c34                alt_icache_flush_all
 .text          0x00800c64      0x13c ../sqrt_bsp/\libhal_bsp.a(alt_io_redirect.o)
                0x00800d28                alt_io_redirect
 .text          0x00800da0      0x2c4 ../sqrt_bsp/\libhal_bsp.a(alt_open.o)
                0x00800e7c                open
 .text          0x00801064       0x60 ../sqrt_bsp/\libhal_bsp.a(alt_release_fd.o)
                0x00801064                alt_release_fd
 .text          0x008010c4       0x20 ../sqrt_bsp/\libhal_bsp.a(altera_nios2_qsys_irq.o)
                0x008010c4                altera_nios2_qsys_irq_init
 .text          0x008010e4       0x94 ../sqrt_bsp/\libhal_bsp.a(alt_find_dev.o)
                0x008010e4                alt_find_dev
 .text          0x00801178      0x120 ../sqrt_bsp/\libhal_bsp.a(alt_find_file.o)
                0x00801178                alt_find_file
 .text          0x00801298       0xb8 ../sqrt_bsp/\libhal_bsp.a(alt_get_fd.o)
                0x00801298                alt_get_fd
 .text          0x00801350       0x90 ../sqrt_bsp/\libhal_bsp.a(alt_icache_flush.o)
                0x00801350                alt_icache_flush
 .text          0x008013e0       0x14 c:/altera/13.0sp1/nios2eds/bin/gnu/h-i686-mingw32/bin/../lib/gcc/nios2-elf/4.1.2/../../../../nios2-elf/lib\libsmallc.a(lib_a-atexit.o)
                0x008013e0                atexit
 .text          0x008013f4       0x20 c:/altera/13.0sp1/nios2eds/bin/gnu/h-i686-mingw32/bin/../lib/gcc/nios2-elf/4.1.2/../../../../nios2-elf/lib\libsmallc.a(lib_a-exit.o)
                0x008013f4                exit
 .text          0x00801414       0x3c c:/altera/13.0sp1/nios2eds/bin/gnu/h-i686-mingw32/bin/../lib/gcc/nios2-elf/4.1.2/../../../../nios2-elf/lib\libsmallc.a(lib_a-memcmp.o)
                0x00801414                memcmp
 .text          0x00801450      0x16c c:/altera/13.0sp1/nios2eds/bin/gnu/h-i686-mingw32/bin/../lib/gcc/nios2-elf/4.1.2/../../../../nios2-elf/lib\libsmallc.a(lib_a-__atexit.o)
                0x00801450                __register_exitproc
 .text          0x008015bc      0x1c0 c:/altera/13.0sp1/nios2eds/bin/gnu/h-i686-mingw32/bin/../lib/gcc/nios2-elf/4.1.2/../../../../nios2-elf/lib\libsmallc.a(lib_a-__call_atexit.o)
                0x008015c0                __call_exitprocs
 .text          0x0080177c       0x60 ../sqrt_bsp/\libhal_bsp.a(alt_exit.o)
                0x008017bc                _exit
 *(.gnu.warning.*)
 *(.fini)
                0x008017dc                PROVIDE (__etext, ABSOLUTE (.))
                0x008017dc                PROVIDE (_etext, ABSOLUTE (.))
                0x008017dc                PROVIDE (etext, ABSOLUTE (.))
 *(.eh_frame_hdr)
                0x008017dc                . = ALIGN (0x4)
                0x008017dc                PROVIDE (__preinit_array_start, ABSOLUTE (.))
 *(.preinit_array)
                0x008017dc                PROVIDE (__preinit_array_end, ABSOLUTE (.))
                0x008017dc                PROVIDE (__init_array_start, ABSOLUTE (.))
 *(.init_array)
                0x008017dc                PROVIDE (__init_array_end, ABSOLUTE (.))
                0x008017dc                PROVIDE (__fini_array_start, ABSOLUTE (.))
 *(.fini_array)
                0x008017dc                PROVIDE (__fini_array_end, ABSOLUTE (.))
 *(.eh_frame)
 *(.gcc_except_table)
 *(.dynamic)
                0x008017dc                PROVIDE (__CTOR_LIST__, ABSOLUTE (.))
 *(.ctors)
 *(SORT(.ctors.*))
 .ctors.65535   0x008017dc        0x4 c:/altera/13.0sp1/nios2eds/bin/gnu/h-i686-mingw32/bin/../lib/gcc/nios2-elf/4.1.2/../../../../nios2-elf/lib\libsmallc.a(lib_a-__call_atexit.o)
                0x008017e0                PROVIDE (__CTOR_END__, ABSOLUTE (.))
                0x008017e0                PROVIDE (__DTOR_LIST__, ABSOLUTE (.))
 *(.dtors)
 *(SORT(.dtors.*))
                0x008017e0                PROVIDE (__DTOR_END__, ABSOLUTE (.))
 *(.jcr)
                0x008017e0                . = ALIGN (0x4)

.rodata         0x008017e0       0x44
                0x008017e0                PROVIDE (__ram_rodata_start, ABSOLUTE (.))
                0x008017e0                . = ALIGN (0x4)
 *(.rodata .rodata.* .gnu.linkonce.r.*)
 .rodata        0x008017e0       0x14 obj/default/hello_world.o
 .rodata.str1.4
                0x008017f4        0x4 c:/altera/13.0sp1/nios2eds/bin/gnu/h-i686-mingw32/bin/../lib/gcc/nios2-elf/4.1.2/../../../../nios2-elf/lib\libsmallc.a(lib_a-puts.o)
 .rodata        0x008017f8       0x10 ../sqrt_bsp/\libhal_bsp.a(alt_main.o)
 .rodata        0x00801808       0x10 ../sqrt_bsp/\libhal_bsp.a(alt_sys_init.o)
 .rodata        0x00801818        0xc ../sqrt_bsp/\libhal_bsp.a(alt_dev.o)
 *(.rodata1)
                0x00801824                . = ALIGN (0x4)
                0x00801824                PROVIDE (__ram_rodata_end, ABSOLUTE (.))
                0x008017e0                PROVIDE (__flash_rodata_start, LOADADDR (.rodata))

.rwdata         0x00801824      0x2d4 load address 0x00801af8
                0x00801824                PROVIDE (__ram_rwdata_start, ABSOLUTE (.))
                0x00801824                . = ALIGN (0x4)
 *(.got.plt)
 *(.got)
 *(.data1)
 *(.data .data.* .gnu.linkonce.d.*)
 .data          0x00801824        0x0 ../sqrt_bsp//obj/HAL/src/crt0.o
 .data          0x00801824        0x0 obj/default/hello_world.o
 .data          0x00801824        0x0 c:/altera/13.0sp1/nios2eds/bin/gnu/h-i686-mingw32/bin/../lib/gcc/nios2-elf/4.1.2/../../../../nios2-elf/lib\libsmallc.a(lib_a-puts.o)
 .data          0x00801824        0x0 c:/altera/13.0sp1/nios2eds/bin/gnu/h-i686-mingw32/bin/../lib/gcc/nios2-elf/4.1.2/../../../../nios2-elf/lib\libsmallc.a(lib_a-strlen.o)
 .data          0x00801824        0x0 c:/altera/13.0sp1/nios2eds/bin/gnu/h-i686-mingw32/bin/../lib/gcc/nios2-elf/4.1.2/../../../../nios2-elf/lib\libsmallc.a(lib_a-fvwrite_small_dev.o)
 .data          0x00801824       0xe0 c:/altera/13.0sp1/nios2eds/bin/gnu/h-i686-mingw32/bin/../lib/gcc/nios2-elf/4.1.2/../../../../nios2-elf/lib\libsmallc.a(lib_a-impure.o)
 .data          0x00801904        0x0 c:/altera/13.0sp1/nios2eds/bin/gnu/h-i686-mingw32/bin/../lib/gcc/nios2-elf/4.1.2/../../../../nios2-elf/lib\libsmallc.a(lib_a-writer.o)
 .data          0x00801904        0x0 c:/altera/13.0sp1/nios2eds/bin/gnu/h-i686-mingw32/bin/../lib/gcc/nios2-elf/4.1.2/../../../../nios2-elf/lib\libsmallc.a(lib_a-int_errno.o)
 .data          0x00801904        0x0 ../sqrt_bsp/\libhal_bsp.a(alt_load.o)
 .data          0x00801904        0x0 ../sqrt_bsp/\libhal_bsp.a(alt_main.o)
 .data          0x00801904        0x0 ../sqrt_bsp/\libhal_bsp.a(alt_write.o)
 .data          0x00801904       0x2c ../sqrt_bsp/\libhal_bsp.a(alt_sys_init.o)
 .data          0x00801930        0x0 ../sqrt_bsp/\libhal_bsp.a(altera_avalon_jtag_uart_fd.o)
 .data          0x00801930        0x0 ../sqrt_bsp/\libhal_bsp.a(altera_avalon_jtag_uart_read.o)
 .data          0x00801930        0x0 ../sqrt_bsp/\libhal_bsp.a(altera_avalon_jtag_uart_write.o)
 .data          0x00801930        0x0 ../sqrt_bsp/\libhal_bsp.a(altera_avalon_timer_vars.o)
 .data          0x00801930        0x0 ../sqrt_bsp/\libhal_bsp.a(alt_close.o)
 .data          0x00801930        0x0 ../sqrt_bsp/\libhal_bsp.a(alt_dcache_flush_all.o)
 .data          0x00801930      0x1a8 ../sqrt_bsp/\libhal_bsp.a(alt_dev.o)
                0x00801930                alt_dev_null
                0x00801958                alt_fd_list
 .data          0x00801ad8        0x0 ../sqrt_bsp/\libhal_bsp.a(alt_dev_llist_insert.o)
 .data          0x00801ad8        0x0 ../sqrt_bsp/\libhal_bsp.a(alt_do_ctors.o)
 .data          0x00801ad8        0x0 ../sqrt_bsp/\libhal_bsp.a(alt_do_dtors.o)
 .data          0x00801ad8        0x0 ../sqrt_bsp/\libhal_bsp.a(alt_errno.o)
 .data          0x00801ad8        0x0 ../sqrt_bsp/\libhal_bsp.a(alt_icache_flush_all.o)
 .data          0x00801ad8        0x0 ../sqrt_bsp/\libhal_bsp.a(alt_io_redirect.o)
 .data          0x00801ad8        0x0 ../sqrt_bsp/\libhal_bsp.a(alt_open.o)
 .data          0x00801ad8        0x0 ../sqrt_bsp/\libhal_bsp.a(alt_release_fd.o)
 .data          0x00801ad8        0x0 ../sqrt_bsp/\libhal_bsp.a(altera_nios2_qsys_irq.o)
 .data          0x00801ad8        0x0 ../sqrt_bsp/\libhal_bsp.a(alt_find_dev.o)
 .data          0x00801ad8        0x0 ../sqrt_bsp/\libhal_bsp.a(alt_find_file.o)
 .data          0x00801ad8        0x0 ../sqrt_bsp/\libhal_bsp.a(alt_get_fd.o)
 .data          0x00801ad8        0x0 ../sqrt_bsp/\libhal_bsp.a(alt_icache_flush.o)
 .data          0x00801ad8        0x0 c:/altera/13.0sp1/nios2eds/bin/gnu/h-i686-mingw32/bin/../lib/gcc/nios2-elf/4.1.2/../../../../nios2-elf/lib\libsmallc.a(lib_a-atexit.o)
 .data          0x00801ad8        0x0 c:/altera/13.0sp1/nios2eds/bin/gnu/h-i686-mingw32/bin/../lib/gcc/nios2-elf/4.1.2/../../../../nios2-elf/lib\libsmallc.a(lib_a-exit.o)
 .data          0x00801ad8        0x0 c:/altera/13.0sp1/nios2eds/bin/gnu/h-i686-mingw32/bin/../lib/gcc/nios2-elf/4.1.2/../../../../nios2-elf/lib\libsmallc.a(lib_a-memcmp.o)
 .data          0x00801ad8        0x0 c:/altera/13.0sp1/nios2eds/bin/gnu/h-i686-mingw32/bin/../lib/gcc/nios2-elf/4.1.2/../../../../nios2-elf/lib\libsmallc.a(lib_a-__atexit.o)
 .data          0x00801ad8        0x0 c:/altera/13.0sp1/nios2eds/bin/gnu/h-i686-mingw32/bin/../lib/gcc/nios2-elf/4.1.2/../../../../nios2-elf/lib\libsmallc.a(lib_a-__call_atexit.o)
 .data          0x00801ad8        0x0 ../sqrt_bsp/\libhal_bsp.a(alt_exit.o)
                0x00809ad8                _gp = ABSOLUTE ((. + 0x8000))
                0x00809ad8                PROVIDE (gp, _gp)
 *(.rwdata .rwdata.*)
 *(.sdata .sdata.* .gnu.linkonce.s.*)
 .sdata         0x00801ad8        0x8 c:/altera/13.0sp1/nios2eds/bin/gnu/h-i686-mingw32/bin/../lib/gcc/nios2-elf/4.1.2/../../../../nios2-elf/lib\libsmallc.a(lib_a-impure.o)
                0x00801ad8                _impure_ptr
                0x00801adc                _global_impure_ptr
 .sdata         0x00801ae0       0x14 ../sqrt_bsp/\libhal_bsp.a(alt_dev.o)
                0x00801ae0                alt_fs_list
                0x00801ae8                alt_dev_list
                0x00801af0                alt_max_fd
 .sdata         0x00801af4        0x4 ../sqrt_bsp/\libhal_bsp.a(alt_errno.o)
                0x00801af4                alt_errno
 *(.sdata2 .sdata2.* .gnu.linkonce.s2.*)
                0x00801af8                . = ALIGN (0x4)
                0x00801af8                _edata = ABSOLUTE (.)
                0x00801af8                PROVIDE (edata, ABSOLUTE (.))
                0x00801af8                PROVIDE (__ram_rwdata_end, ABSOLUTE (.))
                0x00801af8                PROVIDE (__flash_rwdata_start, LOADADDR (.rwdata))

.bss            0x00801dcc       0xa4
                0x00801dcc                __bss_start = ABSOLUTE (.)
                0x00801dcc                PROVIDE (__sbss_start, ABSOLUTE (.))
                0x00801dcc                PROVIDE (___sbss_start, ABSOLUTE (.))
 *(.dynsbss)
 *(.sbss .sbss.* .gnu.linkonce.sb.*)
 .sbss          0x00801dcc        0x4 c:/altera/13.0sp1/nios2eds/bin/gnu/h-i686-mingw32/bin/../lib/gcc/nios2-elf/4.1.2/../../../../nios2-elf/lib\libsmallc.a(lib_a-int_errno.o)
                0x00801dcc                errno
 .sbss          0x00801dd0        0xc ../sqrt_bsp/\libhal_bsp.a(alt_main.o)
                0x00801dd0                alt_argc
                0x00801dd4                alt_argv
                0x00801dd8                alt_envp
 .sbss          0x00801ddc        0x8 ../sqrt_bsp/\libhal_bsp.a(altera_avalon_timer_vars.o)
                0x00801ddc                altera_avalon_timer_ts_base
                0x00801de0                altera_avalon_timer_ts_freq
 *(.sbss2 .sbss2.* .gnu.linkonce.sb2.*)
 *(.scommon)
                0x00801de4                PROVIDE (__sbss_end, ABSOLUTE (.))
                0x00801de4                PROVIDE (___sbss_end, ABSOLUTE (.))
 *(.dynbss)
 *(.bss .bss.* .gnu.linkonce.b.*)
 .bss           0x00801de4        0x0 ../sqrt_bsp//obj/HAL/src/crt0.o
 .bss           0x00801de4        0x0 obj/default/hello_world.o
 .bss           0x00801de4        0x0 c:/altera/13.0sp1/nios2eds/bin/gnu/h-i686-mingw32/bin/../lib/gcc/nios2-elf/4.1.2/../../../../nios2-elf/lib\libsmallc.a(lib_a-puts.o)
 .bss           0x00801de4        0x0 c:/altera/13.0sp1/nios2eds/bin/gnu/h-i686-mingw32/bin/../lib/gcc/nios2-elf/4.1.2/../../../../nios2-elf/lib\libsmallc.a(lib_a-strlen.o)
 .bss           0x00801de4        0x0 c:/altera/13.0sp1/nios2eds/bin/gnu/h-i686-mingw32/bin/../lib/gcc/nios2-elf/4.1.2/../../../../nios2-elf/lib\libsmallc.a(lib_a-fvwrite_small_dev.o)
 .bss           0x00801de4        0x0 c:/altera/13.0sp1/nios2eds/bin/gnu/h-i686-mingw32/bin/../lib/gcc/nios2-elf/4.1.2/../../../../nios2-elf/lib\libsmallc.a(lib_a-impure.o)
 .bss           0x00801de4        0x0 c:/altera/13.0sp1/nios2eds/bin/gnu/h-i686-mingw32/bin/../lib/gcc/nios2-elf/4.1.2/../../../../nios2-elf/lib\libsmallc.a(lib_a-writer.o)
 .bss           0x00801de4        0x0 c:/altera/13.0sp1/nios2eds/bin/gnu/h-i686-mingw32/bin/../lib/gcc/nios2-elf/4.1.2/../../../../nios2-elf/lib\libsmallc.a(lib_a-int_errno.o)
 .bss           0x00801de4        0x0 ../sqrt_bsp/\libhal_bsp.a(alt_load.o)
 .bss           0x00801de4        0x0 ../sqrt_bsp/\libhal_bsp.a(alt_main.o)
 .bss           0x00801de4        0x0 ../sqrt_bsp/\libhal_bsp.a(alt_write.o)
 .bss           0x00801de4        0x0 ../sqrt_bsp/\libhal_bsp.a(alt_sys_init.o)
 .bss           0x00801de4        0x0 ../sqrt_bsp/\libhal_bsp.a(altera_avalon_jtag_uart_fd.o)
 .bss           0x00801de4        0x0 ../sqrt_bsp/\libhal_bsp.a(altera_avalon_jtag_uart_read.o)
 .bss           0x00801de4        0x0 ../sqrt_bsp/\libhal_bsp.a(altera_avalon_jtag_uart_write.o)
 .bss           0x00801de4        0x0 ../sqrt_bsp/\libhal_bsp.a(altera_avalon_timer_vars.o)
 .bss           0x00801de4        0x0 ../sqrt_bsp/\libhal_bsp.a(alt_close.o)
 .bss           0x00801de4        0x0 ../sqrt_bsp/\libhal_bsp.a(alt_dcache_flush_all.o)
 .bss           0x00801de4        0x0 ../sqrt_bsp/\libhal_bsp.a(alt_dev.o)
 .bss           0x00801de4        0x0 ../sqrt_bsp/\libhal_bsp.a(alt_dev_llist_insert.o)
 .bss           0x00801de4        0x0 ../sqrt_bsp/\libhal_bsp.a(alt_do_ctors.o)
 .bss           0x00801de4        0x0 ../sqrt_bsp/\libhal_bsp.a(alt_do_dtors.o)
 .bss           0x00801de4        0x0 ../sqrt_bsp/\libhal_bsp.a(alt_errno.o)
 .bss           0x00801de4        0x0 ../sqrt_bsp/\libhal_bsp.a(alt_icache_flush_all.o)
 .bss           0x00801de4        0x0 ../sqrt_bsp/\libhal_bsp.a(alt_io_redirect.o)
 .bss           0x00801de4        0x0 ../sqrt_bsp/\libhal_bsp.a(alt_open.o)
 .bss           0x00801de4        0x0 ../sqrt_bsp/\libhal_bsp.a(alt_release_fd.o)
 .bss           0x00801de4        0x0 ../sqrt_bsp/\libhal_bsp.a(altera_nios2_qsys_irq.o)
 .bss           0x00801de4        0x0 ../sqrt_bsp/\libhal_bsp.a(alt_find_dev.o)
 .bss           0x00801de4        0x0 ../sqrt_bsp/\libhal_bsp.a(alt_find_file.o)
 .bss           0x00801de4        0x0 ../sqrt_bsp/\libhal_bsp.a(alt_get_fd.o)
 .bss           0x00801de4        0x0 ../sqrt_bsp/\libhal_bsp.a(alt_icache_flush.o)
 .bss           0x00801de4        0x0 c:/altera/13.0sp1/nios2eds/bin/gnu/h-i686-mingw32/bin/../lib/gcc/nios2-elf/4.1.2/../../../../nios2-elf/lib\libsmallc.a(lib_a-atexit.o)
 .bss           0x00801de4        0x0 c:/altera/13.0sp1/nios2eds/bin/gnu/h-i686-mingw32/bin/../lib/gcc/nios2-elf/4.1.2/../../../../nios2-elf/lib\libsmallc.a(lib_a-exit.o)
 .bss           0x00801de4        0x0 c:/altera/13.0sp1/nios2eds/bin/gnu/h-i686-mingw32/bin/../lib/gcc/nios2-elf/4.1.2/../../../../nios2-elf/lib\libsmallc.a(lib_a-memcmp.o)
 .bss           0x00801de4        0x0 c:/altera/13.0sp1/nios2eds/bin/gnu/h-i686-mingw32/bin/../lib/gcc/nios2-elf/4.1.2/../../../../nios2-elf/lib\libsmallc.a(lib_a-__atexit.o)
 .bss           0x00801de4        0x0 c:/altera/13.0sp1/nios2eds/bin/gnu/h-i686-mingw32/bin/../lib/gcc/nios2-elf/4.1.2/../../../../nios2-elf/lib\libsmallc.a(lib_a-__call_atexit.o)
 .bss           0x00801de4        0x0 ../sqrt_bsp/\libhal_bsp.a(alt_exit.o)
 *(COMMON)
 COMMON         0x00801de4       0x8c c:/altera/13.0sp1/nios2eds/bin/gnu/h-i686-mingw32/bin/../lib/gcc/nios2-elf/4.1.2/../../../../nios2-elf/lib\libsmallc.a(lib_a-atexit.o)
                0x00801de4                _atexit0
                0x00801e70                . = ALIGN (0x4)
                0x00801e70                __bss_end = ABSOLUTE (.)

.SDRAM          0x00801e70        0x0
                0x00801e70                PROVIDE (_alt_partition_SDRAM_start, ABSOLUTE (.))
 *(.SDRAM. SDRAM.*)
                0x00801e70                . = ALIGN (0x4)
                0x00801e70                PROVIDE (_alt_partition_SDRAM_end, ABSOLUTE (.))
                0x00801e70                _end = ABSOLUTE (.)
                0x00801e70                end = ABSOLUTE (.)
                0x00801e70                __alt_stack_base = ABSOLUTE (.)
                0x00801e70                PROVIDE (_alt_partition_SDRAM_load_addr, LOADADDR (.SDRAM))

.SRAM           0x01080000        0x0 load address 0x00801e70
                0x01080000                PROVIDE (_alt_partition_SRAM_start, ABSOLUTE (.))
 *(.SRAM. SRAM.*)
                0x01080000                . = ALIGN (0x4)
                0x01080000                PROVIDE (_alt_partition_SRAM_end, ABSOLUTE (.))
                0x00801e70                PROVIDE (_alt_partition_SRAM_load_addr, LOADADDR (.SRAM))

.ONCHIP         0x01104000        0x0 load address 0x00801e70
                0x01104000                PROVIDE (_alt_partition_ONCHIP_start, ABSOLUTE (.))
 *(.ONCHIP. ONCHIP.*)
                0x01104000                . = ALIGN (0x4)
                0x01104000                PROVIDE (_alt_partition_ONCHIP_end, ABSOLUTE (.))
                0x00801e70                PROVIDE (_alt_partition_ONCHIP_load_addr, LOADADDR (.ONCHIP))

.stab
 *(.stab)

.stabstr
 *(.stabstr)

.stab.excl
 *(.stab.excl)

.stab.exclstr
 *(.stab.exclstr)

.stab.index
 *(.stab.index)

.stab.indexstr
 *(.stab.indexstr)

.comment        0x00000000       0x26
 *(.comment)
 .comment       0x00000000       0x26 obj/default/hello_world.o
                                 0x27 (size before relaxing)
 .comment       0x00000000       0x27 c:/altera/13.0sp1/nios2eds/bin/gnu/h-i686-mingw32/bin/../lib/gcc/nios2-elf/4.1.2/../../../../nios2-elf/lib\libsmallc.a(lib_a-puts.o)
 .comment       0x00000000       0x27 c:/altera/13.0sp1/nios2eds/bin/gnu/h-i686-mingw32/bin/../lib/gcc/nios2-elf/4.1.2/../../../../nios2-elf/lib\libsmallc.a(lib_a-strlen.o)
 .comment       0x00000000       0x27 c:/altera/13.0sp1/nios2eds/bin/gnu/h-i686-mingw32/bin/../lib/gcc/nios2-elf/4.1.2/../../../../nios2-elf/lib\libsmallc.a(lib_a-fvwrite_small_dev.o)
 .comment       0x00000000       0x27 c:/altera/13.0sp1/nios2eds/bin/gnu/h-i686-mingw32/bin/../lib/gcc/nios2-elf/4.1.2/../../../../nios2-elf/lib\libsmallc.a(lib_a-impure.o)
 .comment       0x00000000       0x27 c:/altera/13.0sp1/nios2eds/bin/gnu/h-i686-mingw32/bin/../lib/gcc/nios2-elf/4.1.2/../../../../nios2-elf/lib\libsmallc.a(lib_a-writer.o)
 .comment       0x00000000       0x27 c:/altera/13.0sp1/nios2eds/bin/gnu/h-i686-mingw32/bin/../lib/gcc/nios2-elf/4.1.2/../../../../nios2-elf/lib\libsmallc.a(lib_a-int_errno.o)
 .comment       0x00000000       0x27 ../sqrt_bsp/\libhal_bsp.a(alt_load.o)
 .comment       0x00000000       0x27 ../sqrt_bsp/\libhal_bsp.a(alt_main.o)
 .comment       0x00000000       0x27 ../sqrt_bsp/\libhal_bsp.a(alt_write.o)
 .comment       0x00000000       0x27 ../sqrt_bsp/\libhal_bsp.a(alt_sys_init.o)
 .comment       0x00000000       0x27 ../sqrt_bsp/\libhal_bsp.a(altera_avalon_jtag_uart_fd.o)
 .comment       0x00000000       0x27 ../sqrt_bsp/\libhal_bsp.a(altera_avalon_jtag_uart_read.o)
 .comment       0x00000000       0x27 ../sqrt_bsp/\libhal_bsp.a(altera_avalon_jtag_uart_write.o)
 .comment       0x00000000       0x27 ../sqrt_bsp/\libhal_bsp.a(altera_avalon_timer_vars.o)
 .comment       0x00000000       0x27 ../sqrt_bsp/\libhal_bsp.a(alt_close.o)
 .comment       0x00000000       0x27 ../sqrt_bsp/\libhal_bsp.a(alt_dcache_flush_all.o)
 .comment       0x00000000       0x27 ../sqrt_bsp/\libhal_bsp.a(alt_dev.o)
 .comment       0x00000000       0x27 ../sqrt_bsp/\libhal_bsp.a(alt_dev_llist_insert.o)
 .comment       0x00000000       0x27 ../sqrt_bsp/\libhal_bsp.a(alt_do_ctors.o)
 .comment       0x00000000       0x27 ../sqrt_bsp/\libhal_bsp.a(alt_do_dtors.o)
 .comment       0x00000000       0x27 ../sqrt_bsp/\libhal_bsp.a(alt_errno.o)
 .comment       0x00000000       0x27 ../sqrt_bsp/\libhal_bsp.a(alt_icache_flush_all.o)
 .comment       0x00000000       0x27 ../sqrt_bsp/\libhal_bsp.a(alt_io_redirect.o)
 .comment       0x00000000       0x27 ../sqrt_bsp/\libhal_bsp.a(alt_open.o)
 .comment       0x00000000       0x27 ../sqrt_bsp/\libhal_bsp.a(alt_release_fd.o)
 .comment       0x00000000       0x27 ../sqrt_bsp/\libhal_bsp.a(altera_nios2_qsys_irq.o)
 .comment       0x00000000       0x27 ../sqrt_bsp/\libhal_bsp.a(alt_find_dev.o)
 .comment       0x00000000       0x27 ../sqrt_bsp/\libhal_bsp.a(alt_find_file.o)
 .comment       0x00000000       0x27 ../sqrt_bsp/\libhal_bsp.a(alt_get_fd.o)
 .comment       0x00000000       0x27 ../sqrt_bsp/\libhal_bsp.a(alt_icache_flush.o)
 .comment       0x00000000       0x27 c:/altera/13.0sp1/nios2eds/bin/gnu/h-i686-mingw32/bin/../lib/gcc/nios2-elf/4.1.2/../../../../nios2-elf/lib\libsmallc.a(lib_a-atexit.o)
 .comment       0x00000000       0x27 c:/altera/13.0sp1/nios2eds/bin/gnu/h-i686-mingw32/bin/../lib/gcc/nios2-elf/4.1.2/../../../../nios2-elf/lib\libsmallc.a(lib_a-exit.o)
 .comment       0x00000000       0x27 c:/altera/13.0sp1/nios2eds/bin/gnu/h-i686-mingw32/bin/../lib/gcc/nios2-elf/4.1.2/../../../../nios2-elf/lib\libsmallc.a(lib_a-memcmp.o)
 .comment       0x00000000       0x27 c:/altera/13.0sp1/nios2eds/bin/gnu/h-i686-mingw32/bin/../lib/gcc/nios2-elf/4.1.2/../../../../nios2-elf/lib\libsmallc.a(lib_a-__atexit.o)
 .comment       0x00000000       0x27 c:/altera/13.0sp1/nios2eds/bin/gnu/h-i686-mingw32/bin/../lib/gcc/nios2-elf/4.1.2/../../../../nios2-elf/lib\libsmallc.a(lib_a-__call_atexit.o)
 .comment       0x00000000       0x27 ../sqrt_bsp/\libhal_bsp.a(alt_exit.o)

.debug
 *(.debug)

.line
 *(.line)

.debug_srcinfo
 *(.debug_srcinfo)

.debug_sfnames
 *(.debug_sfnames)

.debug_aranges  0x00000000      0x448
 *(.debug_aranges)
 .debug_aranges
                0x00000000       0x28 ../sqrt_bsp//obj/HAL/src/crt0.o
 .debug_aranges
                0x00000028       0x20 obj/default/hello_world.o
 .debug_aranges
                0x00000048       0x20 c:/altera/13.0sp1/nios2eds/bin/gnu/h-i686-mingw32/bin/../lib/gcc/nios2-elf/4.1.2/../../../../nios2-elf/lib\libsmallc.a(lib_a-puts.o)
 .debug_aranges
                0x00000068       0x20 c:/altera/13.0sp1/nios2eds/bin/gnu/h-i686-mingw32/bin/../lib/gcc/nios2-elf/4.1.2/../../../../nios2-elf/lib\libsmallc.a(lib_a-strlen.o)
 .debug_aranges
                0x00000088       0x20 c:/altera/13.0sp1/nios2eds/bin/gnu/h-i686-mingw32/bin/../lib/gcc/nios2-elf/4.1.2/../../../../nios2-elf/lib\libsmallc.a(lib_a-fvwrite_small_dev.o)
 .debug_aranges
                0x000000a8       0x20 c:/altera/13.0sp1/nios2eds/bin/gnu/h-i686-mingw32/bin/../lib/gcc/nios2-elf/4.1.2/../../../../nios2-elf/lib\libsmallc.a(lib_a-writer.o)
 .debug_aranges
                0x000000c8       0x20 ../sqrt_bsp/\libhal_bsp.a(alt_load.o)
 .debug_aranges
                0x000000e8       0x20 ../sqrt_bsp/\libhal_bsp.a(alt_main.o)
 .debug_aranges
                0x00000108       0x20 ../sqrt_bsp/\libhal_bsp.a(alt_write.o)
 .debug_aranges
                0x00000128       0x20 ../sqrt_bsp/\libhal_bsp.a(alt_sys_init.o)
 .debug_aranges
                0x00000148       0x20 ../sqrt_bsp/\libhal_bsp.a(altera_avalon_jtag_uart_fd.o)
 .debug_aranges
                0x00000168       0x20 ../sqrt_bsp/\libhal_bsp.a(altera_avalon_jtag_uart_read.o)
 .debug_aranges
                0x00000188       0x20 ../sqrt_bsp/\libhal_bsp.a(altera_avalon_jtag_uart_write.o)
 .debug_aranges
                0x000001a8       0x20 ../sqrt_bsp/\libhal_bsp.a(alt_close.o)
 .debug_aranges
                0x000001c8       0x20 ../sqrt_bsp/\libhal_bsp.a(alt_dcache_flush_all.o)
 .debug_aranges
                0x000001e8       0x20 ../sqrt_bsp/\libhal_bsp.a(alt_dev.o)
 .debug_aranges
                0x00000208       0x20 ../sqrt_bsp/\libhal_bsp.a(alt_dev_llist_insert.o)
 .debug_aranges
                0x00000228       0x20 ../sqrt_bsp/\libhal_bsp.a(alt_do_ctors.o)
 .debug_aranges
                0x00000248       0x20 ../sqrt_bsp/\libhal_bsp.a(alt_do_dtors.o)
 .debug_aranges
                0x00000268       0x20 ../sqrt_bsp/\libhal_bsp.a(alt_icache_flush_all.o)
 .debug_aranges
                0x00000288       0x20 ../sqrt_bsp/\libhal_bsp.a(alt_io_redirect.o)
 .debug_aranges
                0x000002a8       0x20 ../sqrt_bsp/\libhal_bsp.a(alt_open.o)
 .debug_aranges
                0x000002c8       0x20 ../sqrt_bsp/\libhal_bsp.a(alt_release_fd.o)
 .debug_aranges
                0x000002e8       0x20 ../sqrt_bsp/\libhal_bsp.a(altera_nios2_qsys_irq.o)
 .debug_aranges
                0x00000308       0x20 ../sqrt_bsp/\libhal_bsp.a(alt_find_dev.o)
 .debug_aranges
                0x00000328       0x20 ../sqrt_bsp/\libhal_bsp.a(alt_find_file.o)
 .debug_aranges
                0x00000348       0x20 ../sqrt_bsp/\libhal_bsp.a(alt_get_fd.o)
 .debug_aranges
                0x00000368       0x20 ../sqrt_bsp/\libhal_bsp.a(alt_icache_flush.o)
 .debug_aranges
                0x00000388       0x20 c:/altera/13.0sp1/nios2eds/bin/gnu/h-i686-mingw32/bin/../lib/gcc/nios2-elf/4.1.2/../../../../nios2-elf/lib\libsmallc.a(lib_a-atexit.o)
 .debug_aranges
                0x000003a8       0x20 c:/altera/13.0sp1/nios2eds/bin/gnu/h-i686-mingw32/bin/../lib/gcc/nios2-elf/4.1.2/../../../../nios2-elf/lib\libsmallc.a(lib_a-exit.o)
 .debug_aranges
                0x000003c8       0x20 c:/altera/13.0sp1/nios2eds/bin/gnu/h-i686-mingw32/bin/../lib/gcc/nios2-elf/4.1.2/../../../../nios2-elf/lib\libsmallc.a(lib_a-memcmp.o)
 .debug_aranges
                0x000003e8       0x20 c:/altera/13.0sp1/nios2eds/bin/gnu/h-i686-mingw32/bin/../lib/gcc/nios2-elf/4.1.2/../../../../nios2-elf/lib\libsmallc.a(lib_a-__atexit.o)
 .debug_aranges
                0x00000408       0x20 c:/altera/13.0sp1/nios2eds/bin/gnu/h-i686-mingw32/bin/../lib/gcc/nios2-elf/4.1.2/../../../../nios2-elf/lib\libsmallc.a(lib_a-__call_atexit.o)
 .debug_aranges
                0x00000428       0x20 ../sqrt_bsp/\libhal_bsp.a(alt_exit.o)

.debug_pubnames
                0x00000000      0x61c
 *(.debug_pubnames)
 .debug_pubnames
                0x00000000       0x1b obj/default/hello_world.o
 .debug_pubnames
                0x0000001b       0x27 c:/altera/13.0sp1/nios2eds/bin/gnu/h-i686-mingw32/bin/../lib/gcc/nios2-elf/4.1.2/../../../../nios2-elf/lib\libsmallc.a(lib_a-puts.o)
 .debug_pubnames
                0x00000042       0x1d c:/altera/13.0sp1/nios2eds/bin/gnu/h-i686-mingw32/bin/../lib/gcc/nios2-elf/4.1.2/../../../../nios2-elf/lib\libsmallc.a(lib_a-strlen.o)
 .debug_pubnames
                0x0000005f       0x2b c:/altera/13.0sp1/nios2eds/bin/gnu/h-i686-mingw32/bin/../lib/gcc/nios2-elf/4.1.2/../../../../nios2-elf/lib\libsmallc.a(lib_a-fvwrite_small_dev.o)
 .debug_pubnames
                0x0000008a       0x39 c:/altera/13.0sp1/nios2eds/bin/gnu/h-i686-mingw32/bin/../lib/gcc/nios2-elf/4.1.2/../../../../nios2-elf/lib\libsmallc.a(lib_a-impure.o)
 .debug_pubnames
                0x000000c3       0x1f c:/altera/13.0sp1/nios2eds/bin/gnu/h-i686-mingw32/bin/../lib/gcc/nios2-elf/4.1.2/../../../../nios2-elf/lib\libsmallc.a(lib_a-writer.o)
 .debug_pubnames
                0x000000e2       0x1c c:/altera/13.0sp1/nios2eds/bin/gnu/h-i686-mingw32/bin/../lib/gcc/nios2-elf/4.1.2/../../../../nios2-elf/lib\libsmallc.a(lib_a-int_errno.o)
 .debug_pubnames
                0x000000fe       0x1f ../sqrt_bsp/\libhal_bsp.a(alt_load.o)
 .debug_pubnames
                0x0000011d       0x46 ../sqrt_bsp/\libhal_bsp.a(alt_main.o)
 .debug_pubnames
                0x00000163       0x1c ../sqrt_bsp/\libhal_bsp.a(alt_write.o)
 .debug_pubnames
                0x0000017f       0x34 ../sqrt_bsp/\libhal_bsp.a(alt_sys_init.o)
 .debug_pubnames
                0x000001b3       0x5b ../sqrt_bsp/\libhal_bsp.a(altera_avalon_jtag_uart_fd.o)
 .debug_pubnames
                0x0000020e       0x33 ../sqrt_bsp/\libhal_bsp.a(altera_avalon_jtag_uart_read.o)
 .debug_pubnames
                0x00000241       0x34 ../sqrt_bsp/\libhal_bsp.a(altera_avalon_jtag_uart_write.o)
 .debug_pubnames
                0x00000275       0x52 ../sqrt_bsp/\libhal_bsp.a(altera_avalon_timer_vars.o)
 .debug_pubnames
                0x000002c7       0x1c ../sqrt_bsp/\libhal_bsp.a(alt_close.o)
 .debug_pubnames
                0x000002e3       0x2b ../sqrt_bsp/\libhal_bsp.a(alt_dcache_flush_all.o)
 .debug_pubnames
                0x0000030e       0x63 ../sqrt_bsp/\libhal_bsp.a(alt_dev.o)
 .debug_pubnames
                0x00000371       0x2b ../sqrt_bsp/\libhal_bsp.a(alt_dev_llist_insert.o)
 .debug_pubnames
                0x0000039c       0x20 ../sqrt_bsp/\libhal_bsp.a(alt_do_ctors.o)
 .debug_pubnames
                0x000003bc       0x20 ../sqrt_bsp/\libhal_bsp.a(alt_do_dtors.o)
 .debug_pubnames
                0x000003dc       0x20 ../sqrt_bsp/\libhal_bsp.a(alt_errno.o)
 .debug_pubnames
                0x000003fc       0x2b ../sqrt_bsp/\libhal_bsp.a(alt_icache_flush_all.o)
 .debug_pubnames
                0x00000427       0x26 ../sqrt_bsp/\libhal_bsp.a(alt_io_redirect.o)
 .debug_pubnames
                0x0000044d       0x1b ../sqrt_bsp/\libhal_bsp.a(alt_open.o)
 .debug_pubnames
                0x00000468       0x25 ../sqrt_bsp/\libhal_bsp.a(alt_release_fd.o)
 .debug_pubnames
                0x0000048d       0x31 ../sqrt_bsp/\libhal_bsp.a(altera_nios2_qsys_irq.o)
 .debug_pubnames
                0x000004be       0x23 ../sqrt_bsp/\libhal_bsp.a(alt_find_dev.o)
 .debug_pubnames
                0x000004e1       0x24 ../sqrt_bsp/\libhal_bsp.a(alt_find_file.o)
 .debug_pubnames
                0x00000505       0x21 ../sqrt_bsp/\libhal_bsp.a(alt_get_fd.o)
 .debug_pubnames
                0x00000526       0x27 ../sqrt_bsp/\libhal_bsp.a(alt_icache_flush.o)
 .debug_pubnames
                0x0000054d       0x2a c:/altera/13.0sp1/nios2eds/bin/gnu/h-i686-mingw32/bin/../lib/gcc/nios2-elf/4.1.2/../../../../nios2-elf/lib\libsmallc.a(lib_a-atexit.o)
 .debug_pubnames
                0x00000577       0x1b c:/altera/13.0sp1/nios2eds/bin/gnu/h-i686-mingw32/bin/../lib/gcc/nios2-elf/4.1.2/../../../../nios2-elf/lib\libsmallc.a(lib_a-exit.o)
 .debug_pubnames
                0x00000592       0x1d c:/altera/13.0sp1/nios2eds/bin/gnu/h-i686-mingw32/bin/../lib/gcc/nios2-elf/4.1.2/../../../../nios2-elf/lib\libsmallc.a(lib_a-memcmp.o)
 .debug_pubnames
                0x000005af       0x2a c:/altera/13.0sp1/nios2eds/bin/gnu/h-i686-mingw32/bin/../lib/gcc/nios2-elf/4.1.2/../../../../nios2-elf/lib\libsmallc.a(lib_a-__atexit.o)
 .debug_pubnames
                0x000005d9       0x27 c:/altera/13.0sp1/nios2eds/bin/gnu/h-i686-mingw32/bin/../lib/gcc/nios2-elf/4.1.2/../../../../nios2-elf/lib\libsmallc.a(lib_a-__call_atexit.o)
 .debug_pubnames
                0x00000600       0x1c ../sqrt_bsp/\libhal_bsp.a(alt_exit.o)

.debug_info     0x00000000     0x7e8e
 *(.debug_info .gnu.linkonce.wi.*)
 .debug_info    0x00000000       0x66 ../sqrt_bsp//obj/HAL/src/crt0.o
 .debug_info    0x00000066      0x125 obj/default/hello_world.o
 .debug_info    0x0000018b      0x685 c:/altera/13.0sp1/nios2eds/bin/gnu/h-i686-mingw32/bin/../lib/gcc/nios2-elf/4.1.2/../../../../nios2-elf/lib\libsmallc.a(lib_a-puts.o)
 .debug_info    0x00000810       0xc2 c:/altera/13.0sp1/nios2eds/bin/gnu/h-i686-mingw32/bin/../lib/gcc/nios2-elf/4.1.2/../../../../nios2-elf/lib\libsmallc.a(lib_a-strlen.o)
 .debug_info    0x000008d2      0x68e c:/altera/13.0sp1/nios2eds/bin/gnu/h-i686-mingw32/bin/../lib/gcc/nios2-elf/4.1.2/../../../../nios2-elf/lib\libsmallc.a(lib_a-fvwrite_small_dev.o)
 .debug_info    0x00000f60      0x636 c:/altera/13.0sp1/nios2eds/bin/gnu/h-i686-mingw32/bin/../lib/gcc/nios2-elf/4.1.2/../../../../nios2-elf/lib\libsmallc.a(lib_a-impure.o)
 .debug_info    0x00001596      0x68c c:/altera/13.0sp1/nios2eds/bin/gnu/h-i686-mingw32/bin/../lib/gcc/nios2-elf/4.1.2/../../../../nios2-elf/lib\libsmallc.a(lib_a-writer.o)
 .debug_info    0x00001c22       0x8c c:/altera/13.0sp1/nios2eds/bin/gnu/h-i686-mingw32/bin/../lib/gcc/nios2-elf/4.1.2/../../../../nios2-elf/lib\libsmallc.a(lib_a-int_errno.o)
 .debug_info    0x00001cae      0x278 ../sqrt_bsp/\libhal_bsp.a(alt_load.o)
 .debug_info    0x00001f26      0x210 ../sqrt_bsp/\libhal_bsp.a(alt_main.o)
 .debug_info    0x00002136      0x67e ../sqrt_bsp/\libhal_bsp.a(alt_write.o)
 .debug_info    0x000027b4      0x5ac ../sqrt_bsp/\libhal_bsp.a(alt_sys_init.o)
 .debug_info    0x00002d60      0x5a4 ../sqrt_bsp/\libhal_bsp.a(altera_avalon_jtag_uart_fd.o)
 .debug_info    0x00003304      0x2f4 ../sqrt_bsp/\libhal_bsp.a(altera_avalon_jtag_uart_read.o)
 .debug_info    0x000035f8      0x2d1 ../sqrt_bsp/\libhal_bsp.a(altera_avalon_jtag_uart_write.o)
 .debug_info    0x000038c9      0x1f2 ../sqrt_bsp/\libhal_bsp.a(altera_avalon_timer_vars.o)
 .debug_info    0x00003abb      0x452 ../sqrt_bsp/\libhal_bsp.a(alt_close.o)
 .debug_info    0x00003f0d      0x15a ../sqrt_bsp/\libhal_bsp.a(alt_dcache_flush_all.o)
 .debug_info    0x00004067      0x66a ../sqrt_bsp/\libhal_bsp.a(alt_dev.o)
 .debug_info    0x000046d1      0x2a2 ../sqrt_bsp/\libhal_bsp.a(alt_dev_llist_insert.o)
 .debug_info    0x00004973       0xfa ../sqrt_bsp/\libhal_bsp.a(alt_do_ctors.o)
 .debug_info    0x00004a6d       0xf9 ../sqrt_bsp/\libhal_bsp.a(alt_do_dtors.o)
 .debug_info    0x00004b66      0x14f ../sqrt_bsp/\libhal_bsp.a(alt_errno.o)
 .debug_info    0x00004cb5      0x147 ../sqrt_bsp/\libhal_bsp.a(alt_icache_flush_all.o)
 .debug_info    0x00004dfc      0x680 ../sqrt_bsp/\libhal_bsp.a(alt_io_redirect.o)
 .debug_info    0x0000547c      0x510 ../sqrt_bsp/\libhal_bsp.a(alt_open.o)
 .debug_info    0x0000598c      0x3dd ../sqrt_bsp/\libhal_bsp.a(alt_release_fd.o)
 .debug_info    0x00005d69      0x14e ../sqrt_bsp/\libhal_bsp.a(altera_nios2_qsys_irq.o)
 .debug_info    0x00005eb7      0x403 ../sqrt_bsp/\libhal_bsp.a(alt_find_dev.o)
 .debug_info    0x000062ba      0x40a ../sqrt_bsp/\libhal_bsp.a(alt_find_file.o)
 .debug_info    0x000066c4      0x44b ../sqrt_bsp/\libhal_bsp.a(alt_get_fd.o)
 .debug_info    0x00006b0f      0x18f ../sqrt_bsp/\libhal_bsp.a(alt_icache_flush.o)
 .debug_info    0x00006c9e      0x186 c:/altera/13.0sp1/nios2eds/bin/gnu/h-i686-mingw32/bin/../lib/gcc/nios2-elf/4.1.2/../../../../nios2-elf/lib\libsmallc.a(lib_a-atexit.o)
 .debug_info    0x00006e24       0x9f c:/altera/13.0sp1/nios2eds/bin/gnu/h-i686-mingw32/bin/../lib/gcc/nios2-elf/4.1.2/../../../../nios2-elf/lib\libsmallc.a(lib_a-exit.o)
 .debug_info    0x00006ec3       0xef c:/altera/13.0sp1/nios2eds/bin/gnu/h-i686-mingw32/bin/../lib/gcc/nios2-elf/4.1.2/../../../../nios2-elf/lib\libsmallc.a(lib_a-memcmp.o)
 .debug_info    0x00006fb2      0x68f c:/altera/13.0sp1/nios2eds/bin/gnu/h-i686-mingw32/bin/../lib/gcc/nios2-elf/4.1.2/../../../../nios2-elf/lib\libsmallc.a(lib_a-__atexit.o)
 .debug_info    0x00007641      0x6d5 c:/altera/13.0sp1/nios2eds/bin/gnu/h-i686-mingw32/bin/../lib/gcc/nios2-elf/4.1.2/../../../../nios2-elf/lib\libsmallc.a(lib_a-__call_atexit.o)
 .debug_info    0x00007d16      0x178 ../sqrt_bsp/\libhal_bsp.a(alt_exit.o)

.debug_abbrev   0x00000000     0x1cd1
 *(.debug_abbrev)
 .debug_abbrev  0x00000000       0x12 ../sqrt_bsp//obj/HAL/src/crt0.o
 .debug_abbrev  0x00000012       0x3f obj/default/hello_world.o
 .debug_abbrev  0x00000051      0x180 c:/altera/13.0sp1/nios2eds/bin/gnu/h-i686-mingw32/bin/../lib/gcc/nios2-elf/4.1.2/../../../../nios2-elf/lib\libsmallc.a(lib_a-puts.o)
 .debug_abbrev  0x000001d1       0x7a c:/altera/13.0sp1/nios2eds/bin/gnu/h-i686-mingw32/bin/../lib/gcc/nios2-elf/4.1.2/../../../../nios2-elf/lib\libsmallc.a(lib_a-strlen.o)
 .debug_abbrev  0x0000024b      0x179 c:/altera/13.0sp1/nios2eds/bin/gnu/h-i686-mingw32/bin/../lib/gcc/nios2-elf/4.1.2/../../../../nios2-elf/lib\libsmallc.a(lib_a-fvwrite_small_dev.o)
 .debug_abbrev  0x000003c4      0x13f c:/altera/13.0sp1/nios2eds/bin/gnu/h-i686-mingw32/bin/../lib/gcc/nios2-elf/4.1.2/../../../../nios2-elf/lib\libsmallc.a(lib_a-impure.o)
 .debug_abbrev  0x00000503      0x16c c:/altera/13.0sp1/nios2eds/bin/gnu/h-i686-mingw32/bin/../lib/gcc/nios2-elf/4.1.2/../../../../nios2-elf/lib\libsmallc.a(lib_a-writer.o)
 .debug_abbrev  0x0000066f       0x3b c:/altera/13.0sp1/nios2eds/bin/gnu/h-i686-mingw32/bin/../lib/gcc/nios2-elf/4.1.2/../../../../nios2-elf/lib\libsmallc.a(lib_a-int_errno.o)
 .debug_abbrev  0x000006aa       0x88 ../sqrt_bsp/\libhal_bsp.a(alt_load.o)
 .debug_abbrev  0x00000732       0xb7 ../sqrt_bsp/\libhal_bsp.a(alt_main.o)
 .debug_abbrev  0x000007e9      0x100 ../sqrt_bsp/\libhal_bsp.a(alt_write.o)
 .debug_abbrev  0x000008e9      0x121 ../sqrt_bsp/\libhal_bsp.a(alt_sys_init.o)
 .debug_abbrev  0x00000a0a       0xcb ../sqrt_bsp/\libhal_bsp.a(altera_avalon_jtag_uart_fd.o)
 .debug_abbrev  0x00000ad5       0xb6 ../sqrt_bsp/\libhal_bsp.a(altera_avalon_jtag_uart_read.o)
 .debug_abbrev  0x00000b8b       0xb4 ../sqrt_bsp/\libhal_bsp.a(altera_avalon_jtag_uart_write.o)
 .debug_abbrev  0x00000c3f       0x87 ../sqrt_bsp/\libhal_bsp.a(altera_avalon_timer_vars.o)
 .debug_abbrev  0x00000cc6       0xfb ../sqrt_bsp/\libhal_bsp.a(alt_close.o)
 .debug_abbrev  0x00000dc1       0x57 ../sqrt_bsp/\libhal_bsp.a(alt_dcache_flush_all.o)
 .debug_abbrev  0x00000e18       0xc7 ../sqrt_bsp/\libhal_bsp.a(alt_dev.o)
 .debug_abbrev  0x00000edf       0xf6 ../sqrt_bsp/\libhal_bsp.a(alt_dev_llist_insert.o)
 .debug_abbrev  0x00000fd5       0x76 ../sqrt_bsp/\libhal_bsp.a(alt_do_ctors.o)
 .debug_abbrev  0x0000104b       0x76 ../sqrt_bsp/\libhal_bsp.a(alt_do_dtors.o)
 .debug_abbrev  0x000010c1       0x5e ../sqrt_bsp/\libhal_bsp.a(alt_errno.o)
 .debug_abbrev  0x0000111f       0x3f ../sqrt_bsp/\libhal_bsp.a(alt_icache_flush_all.o)
 .debug_abbrev  0x0000115e       0xf0 ../sqrt_bsp/\libhal_bsp.a(alt_io_redirect.o)
 .debug_abbrev  0x0000124e      0x112 ../sqrt_bsp/\libhal_bsp.a(alt_open.o)
 .debug_abbrev  0x00001360       0xc1 ../sqrt_bsp/\libhal_bsp.a(alt_release_fd.o)
 .debug_abbrev  0x00001421       0x3f ../sqrt_bsp/\libhal_bsp.a(altera_nios2_qsys_irq.o)
 .debug_abbrev  0x00001460       0xcf ../sqrt_bsp/\libhal_bsp.a(alt_find_dev.o)
 .debug_abbrev  0x0000152f       0xcf ../sqrt_bsp/\libhal_bsp.a(alt_find_file.o)
 .debug_abbrev  0x000015fe       0xfb ../sqrt_bsp/\libhal_bsp.a(alt_get_fd.o)
 .debug_abbrev  0x000016f9       0x7a ../sqrt_bsp/\libhal_bsp.a(alt_icache_flush.o)
 .debug_abbrev  0x00001773       0xc6 c:/altera/13.0sp1/nios2eds/bin/gnu/h-i686-mingw32/bin/../lib/gcc/nios2-elf/4.1.2/../../../../nios2-elf/lib\libsmallc.a(lib_a-atexit.o)
 .debug_abbrev  0x00001839       0x4e c:/altera/13.0sp1/nios2eds/bin/gnu/h-i686-mingw32/bin/../lib/gcc/nios2-elf/4.1.2/../../../../nios2-elf/lib\libsmallc.a(lib_a-exit.o)
 .debug_abbrev  0x00001887       0x7c c:/altera/13.0sp1/nios2eds/bin/gnu/h-i686-mingw32/bin/../lib/gcc/nios2-elf/4.1.2/../../../../nios2-elf/lib\libsmallc.a(lib_a-memcmp.o)
 .debug_abbrev  0x00001903      0x196 c:/altera/13.0sp1/nios2eds/bin/gnu/h-i686-mingw32/bin/../lib/gcc/nios2-elf/4.1.2/../../../../nios2-elf/lib\libsmallc.a(lib_a-__atexit.o)
 .debug_abbrev  0x00001a99      0x1c6 c:/altera/13.0sp1/nios2eds/bin/gnu/h-i686-mingw32/bin/../lib/gcc/nios2-elf/4.1.2/../../../../nios2-elf/lib\libsmallc.a(lib_a-__call_atexit.o)
 .debug_abbrev  0x00001c5f       0x72 ../sqrt_bsp/\libhal_bsp.a(alt_exit.o)

.debug_line     0x00000000     0x53f8
 *(.debug_line)
 .debug_line    0x00000000       0x72 ../sqrt_bsp//obj/HAL/src/crt0.o
 .debug_line    0x00000072      0x1ca obj/default/hello_world.o
 .debug_line    0x0000023c      0x2af c:/altera/13.0sp1/nios2eds/bin/gnu/h-i686-mingw32/bin/../lib/gcc/nios2-elf/4.1.2/../../../../nios2-elf/lib\libsmallc.a(lib_a-puts.o)
 .debug_line    0x000004eb      0x24d c:/altera/13.0sp1/nios2eds/bin/gnu/h-i686-mingw32/bin/../lib/gcc/nios2-elf/4.1.2/../../../../nios2-elf/lib\libsmallc.a(lib_a-strlen.o)
 .debug_line    0x00000738      0x2a6 c:/altera/13.0sp1/nios2eds/bin/gnu/h-i686-mingw32/bin/../lib/gcc/nios2-elf/4.1.2/../../../../nios2-elf/lib\libsmallc.a(lib_a-fvwrite_small_dev.o)
 .debug_line    0x000009de      0x22d c:/altera/13.0sp1/nios2eds/bin/gnu/h-i686-mingw32/bin/../lib/gcc/nios2-elf/4.1.2/../../../../nios2-elf/lib\libsmallc.a(lib_a-impure.o)
 .debug_line    0x00000c0b      0x29a c:/altera/13.0sp1/nios2eds/bin/gnu/h-i686-mingw32/bin/../lib/gcc/nios2-elf/4.1.2/../../../../nios2-elf/lib\libsmallc.a(lib_a-writer.o)
 .debug_line    0x00000ea5      0x1df c:/altera/13.0sp1/nios2eds/bin/gnu/h-i686-mingw32/bin/../lib/gcc/nios2-elf/4.1.2/../../../../nios2-elf/lib\libsmallc.a(lib_a-int_errno.o)
 .debug_line    0x00001084      0x217 ../sqrt_bsp/\libhal_bsp.a(alt_load.o)
 .debug_line    0x0000129b      0x2ca ../sqrt_bsp/\libhal_bsp.a(alt_main.o)
 .debug_line    0x00001565      0x2c9 ../sqrt_bsp/\libhal_bsp.a(alt_write.o)
 .debug_line    0x0000182e      0x2c7 ../sqrt_bsp/\libhal_bsp.a(alt_sys_init.o)
 .debug_line    0x00001af5      0x1d7 ../sqrt_bsp/\libhal_bsp.a(altera_avalon_jtag_uart_fd.o)
 .debug_line    0x00001ccc      0x343 ../sqrt_bsp/\libhal_bsp.a(altera_avalon_jtag_uart_read.o)
 .debug_line    0x0000200f      0x304 ../sqrt_bsp/\libhal_bsp.a(altera_avalon_jtag_uart_write.o)
 .debug_line    0x00002313      0x242 ../sqrt_bsp/\libhal_bsp.a(altera_avalon_timer_vars.o)
 .debug_line    0x00002555      0x299 ../sqrt_bsp/\libhal_bsp.a(alt_close.o)
 .debug_line    0x000027ee      0x1cd ../sqrt_bsp/\libhal_bsp.a(alt_dcache_flush_all.o)
 .debug_line    0x000029bb      0x254 ../sqrt_bsp/\libhal_bsp.a(alt_dev.o)
 .debug_line    0x00002c0f      0x25a ../sqrt_bsp/\libhal_bsp.a(alt_dev_llist_insert.o)
 .debug_line    0x00002e69       0x83 ../sqrt_bsp/\libhal_bsp.a(alt_do_ctors.o)
 .debug_line    0x00002eec       0x83 ../sqrt_bsp/\libhal_bsp.a(alt_do_dtors.o)
 .debug_line    0x00002f6f      0x1aa ../sqrt_bsp/\libhal_bsp.a(alt_errno.o)
 .debug_line    0x00003119      0x1bd ../sqrt_bsp/\libhal_bsp.a(alt_icache_flush_all.o)
 .debug_line    0x000032d6      0x2b4 ../sqrt_bsp/\libhal_bsp.a(alt_io_redirect.o)
 .debug_line    0x0000358a      0x2ff ../sqrt_bsp/\libhal_bsp.a(alt_open.o)
 .debug_line    0x00003889       0xed ../sqrt_bsp/\libhal_bsp.a(alt_release_fd.o)
 .debug_line    0x00003976      0x1ce ../sqrt_bsp/\libhal_bsp.a(altera_nios2_qsys_irq.o)
 .debug_line    0x00003b44      0x26b ../sqrt_bsp/\libhal_bsp.a(alt_find_dev.o)
 .debug_line    0x00003daf      0x27c ../sqrt_bsp/\libhal_bsp.a(alt_find_file.o)
 .debug_line    0x0000402b      0x297 ../sqrt_bsp/\libhal_bsp.a(alt_get_fd.o)
 .debug_line    0x000042c2      0x1f9 ../sqrt_bsp/\libhal_bsp.a(alt_icache_flush.o)
 .debug_line    0x000044bb      0x200 c:/altera/13.0sp1/nios2eds/bin/gnu/h-i686-mingw32/bin/../lib/gcc/nios2-elf/4.1.2/../../../../nios2-elf/lib\libsmallc.a(lib_a-atexit.o)
 .debug_line    0x000046bb      0x220 c:/altera/13.0sp1/nios2eds/bin/gnu/h-i686-mingw32/bin/../lib/gcc/nios2-elf/4.1.2/../../../../nios2-elf/lib\libsmallc.a(lib_a-exit.o)
 .debug_line    0x000048db      0x26d c:/altera/13.0sp1/nios2eds/bin/gnu/h-i686-mingw32/bin/../lib/gcc/nios2-elf/4.1.2/../../../../nios2-elf/lib\libsmallc.a(lib_a-memcmp.o)
 .debug_line    0x00004b48      0x34d c:/altera/13.0sp1/nios2eds/bin/gnu/h-i686-mingw32/bin/../lib/gcc/nios2-elf/4.1.2/../../../../nios2-elf/lib\libsmallc.a(lib_a-__atexit.o)
 .debug_line    0x00004e95      0x35d c:/altera/13.0sp1/nios2eds/bin/gnu/h-i686-mingw32/bin/../lib/gcc/nios2-elf/4.1.2/../../../../nios2-elf/lib\libsmallc.a(lib_a-__call_atexit.o)
 .debug_line    0x000051f2      0x206 ../sqrt_bsp/\libhal_bsp.a(alt_exit.o)

.debug_frame    0x00000000      0x6f8
 *(.debug_frame)
 .debug_frame   0x00000000       0x2c obj/default/hello_world.o
 .debug_frame   0x0000002c       0x3c c:/altera/13.0sp1/nios2eds/bin/gnu/h-i686-mingw32/bin/../lib/gcc/nios2-elf/4.1.2/../../../../nios2-elf/lib\libsmallc.a(lib_a-puts.o)
 .debug_frame   0x00000068       0x20 c:/altera/13.0sp1/nios2eds/bin/gnu/h-i686-mingw32/bin/../lib/gcc/nios2-elf/4.1.2/../../../../nios2-elf/lib\libsmallc.a(lib_a-strlen.o)
 .debug_frame   0x00000088       0x30 c:/altera/13.0sp1/nios2eds/bin/gnu/h-i686-mingw32/bin/../lib/gcc/nios2-elf/4.1.2/../../../../nios2-elf/lib\libsmallc.a(lib_a-fvwrite_small_dev.o)
 .debug_frame   0x000000b8       0x2c c:/altera/13.0sp1/nios2eds/bin/gnu/h-i686-mingw32/bin/../lib/gcc/nios2-elf/4.1.2/../../../../nios2-elf/lib\libsmallc.a(lib_a-writer.o)
 .debug_frame   0x000000e4       0x48 ../sqrt_bsp/\libhal_bsp.a(alt_load.o)
 .debug_frame   0x0000012c       0x2c ../sqrt_bsp/\libhal_bsp.a(alt_main.o)
 .debug_frame   0x00000158       0x48 ../sqrt_bsp/\libhal_bsp.a(alt_write.o)
 .debug_frame   0x000001a0       0x64 ../sqrt_bsp/\libhal_bsp.a(alt_sys_init.o)
 .debug_frame   0x00000204       0x48 ../sqrt_bsp/\libhal_bsp.a(altera_avalon_jtag_uart_fd.o)
 .debug_frame   0x0000024c       0x2c ../sqrt_bsp/\libhal_bsp.a(altera_avalon_jtag_uart_read.o)
 .debug_frame   0x00000278       0x2c ../sqrt_bsp/\libhal_bsp.a(altera_avalon_jtag_uart_write.o)
 .debug_frame   0x000002a4       0x48 ../sqrt_bsp/\libhal_bsp.a(alt_close.o)
 .debug_frame   0x000002ec       0x2c ../sqrt_bsp/\libhal_bsp.a(alt_dcache_flush_all.o)
 .debug_frame   0x00000318       0x2c ../sqrt_bsp/\libhal_bsp.a(alt_dev.o)
 .debug_frame   0x00000344       0x48 ../sqrt_bsp/\libhal_bsp.a(alt_dev_llist_insert.o)
 .debug_frame   0x0000038c       0x2c ../sqrt_bsp/\libhal_bsp.a(alt_do_ctors.o)
 .debug_frame   0x000003b8       0x2c ../sqrt_bsp/\libhal_bsp.a(alt_do_dtors.o)
 .debug_frame   0x000003e4       0x2c ../sqrt_bsp/\libhal_bsp.a(alt_icache_flush_all.o)
 .debug_frame   0x00000410       0x48 ../sqrt_bsp/\libhal_bsp.a(alt_io_redirect.o)
 .debug_frame   0x00000458       0x64 ../sqrt_bsp/\libhal_bsp.a(alt_open.o)
 .debug_frame   0x000004bc       0x2c ../sqrt_bsp/\libhal_bsp.a(alt_release_fd.o)
 .debug_frame   0x000004e8       0x2c ../sqrt_bsp/\libhal_bsp.a(altera_nios2_qsys_irq.o)
 .debug_frame   0x00000514       0x2c ../sqrt_bsp/\libhal_bsp.a(alt_find_dev.o)
 .debug_frame   0x00000540       0x2c ../sqrt_bsp/\libhal_bsp.a(alt_find_file.o)
 .debug_frame   0x0000056c       0x2c ../sqrt_bsp/\libhal_bsp.a(alt_get_fd.o)
 .debug_frame   0x00000598       0x2c ../sqrt_bsp/\libhal_bsp.a(alt_icache_flush.o)
 .debug_frame   0x000005c4       0x20 c:/altera/13.0sp1/nios2eds/bin/gnu/h-i686-mingw32/bin/../lib/gcc/nios2-elf/4.1.2/../../../../nios2-elf/lib\libsmallc.a(lib_a-atexit.o)
 .debug_frame   0x000005e4       0x2c c:/altera/13.0sp1/nios2eds/bin/gnu/h-i686-mingw32/bin/../lib/gcc/nios2-elf/4.1.2/../../../../nios2-elf/lib\libsmallc.a(lib_a-exit.o)
 .debug_frame   0x00000610       0x20 c:/altera/13.0sp1/nios2eds/bin/gnu/h-i686-mingw32/bin/../lib/gcc/nios2-elf/4.1.2/../../../../nios2-elf/lib\libsmallc.a(lib_a-memcmp.o)
 .debug_frame   0x00000630       0x34 c:/altera/13.0sp1/nios2eds/bin/gnu/h-i686-mingw32/bin/../lib/gcc/nios2-elf/4.1.2/../../../../nios2-elf/lib\libsmallc.a(lib_a-__atexit.o)
 .debug_frame   0x00000664       0x4c c:/altera/13.0sp1/nios2eds/bin/gnu/h-i686-mingw32/bin/../lib/gcc/nios2-elf/4.1.2/../../../../nios2-elf/lib\libsmallc.a(lib_a-__call_atexit.o)
 .debug_frame   0x000006b0       0x48 ../sqrt_bsp/\libhal_bsp.a(alt_exit.o)

.debug_str      0x00000000      0xa4b
 *(.debug_str)
 .debug_str     0x00000000       0x12 obj/default/hello_world.o
 .debug_str     0x00000012      0x3e3 c:/altera/13.0sp1/nios2eds/bin/gnu/h-i686-mingw32/bin/../lib/gcc/nios2-elf/4.1.2/../../../../nios2-elf/lib\libsmallc.a(lib_a-puts.o)
                                0x442 (size before relaxing)
 .debug_str     0x000003f5       0xd4 c:/altera/13.0sp1/nios2eds/bin/gnu/h-i686-mingw32/bin/../lib/gcc/nios2-elf/4.1.2/../../../../nios2-elf/lib\libsmallc.a(lib_a-strlen.o)
                                0x176 (size before relaxing)
 .debug_str     0x000004c9       0x6d c:/altera/13.0sp1/nios2eds/bin/gnu/h-i686-mingw32/bin/../lib/gcc/nios2-elf/4.1.2/../../../../nios2-elf/lib\libsmallc.a(lib_a-fvwrite_small_dev.o)
                                0x45c (size before relaxing)
 .debug_str     0x00000536       0xea c:/altera/13.0sp1/nios2eds/bin/gnu/h-i686-mingw32/bin/../lib/gcc/nios2-elf/4.1.2/../../../../nios2-elf/lib\libsmallc.a(lib_a-impure.o)
                                0x44f (size before relaxing)
 .debug_str     0x00000620       0x4c c:/altera/13.0sp1/nios2eds/bin/gnu/h-i686-mingw32/bin/../lib/gcc/nios2-elf/4.1.2/../../../../nios2-elf/lib\libsmallc.a(lib_a-writer.o)
                                0x443 (size before relaxing)
 .debug_str     0x0000066c       0x3d c:/altera/13.0sp1/nios2eds/bin/gnu/h-i686-mingw32/bin/../lib/gcc/nios2-elf/4.1.2/../../../../nios2-elf/lib\libsmallc.a(lib_a-int_errno.o)
                                0x169 (size before relaxing)
 .debug_str     0x000006a9       0x12 ../sqrt_bsp/\libhal_bsp.a(alt_load.o)
 .debug_str     0x000006bb       0x12 ../sqrt_bsp/\libhal_bsp.a(alt_main.o)
 .debug_str     0x000006cd       0x12 ../sqrt_bsp/\libhal_bsp.a(alt_write.o)
 .debug_str     0x000006df       0x12 ../sqrt_bsp/\libhal_bsp.a(alt_sys_init.o)
 .debug_str     0x000006f1       0x12 ../sqrt_bsp/\libhal_bsp.a(altera_avalon_jtag_uart_read.o)
 .debug_str     0x00000703       0x12 ../sqrt_bsp/\libhal_bsp.a(altera_avalon_jtag_uart_write.o)
 .debug_str     0x00000715       0x12 ../sqrt_bsp/\libhal_bsp.a(altera_avalon_timer_vars.o)
 .debug_str     0x00000727       0x12 ../sqrt_bsp/\libhal_bsp.a(alt_close.o)
 .debug_str     0x00000739       0x12 ../sqrt_bsp/\libhal_bsp.a(alt_dcache_flush_all.o)
 .debug_str     0x0000074b       0x12 ../sqrt_bsp/\libhal_bsp.a(alt_dev.o)
 .debug_str     0x0000075d       0x12 ../sqrt_bsp/\libhal_bsp.a(alt_dev_llist_insert.o)
 .debug_str     0x0000076f       0x12 ../sqrt_bsp/\libhal_bsp.a(alt_errno.o)
 .debug_str     0x00000781       0x12 ../sqrt_bsp/\libhal_bsp.a(alt_icache_flush_all.o)
 .debug_str     0x00000793       0x12 ../sqrt_bsp/\libhal_bsp.a(alt_io_redirect.o)
 .debug_str     0x000007a5       0x12 ../sqrt_bsp/\libhal_bsp.a(alt_open.o)
 .debug_str     0x000007b7       0x12 ../sqrt_bsp/\libhal_bsp.a(altera_nios2_qsys_irq.o)
 .debug_str     0x000007c9       0x12 ../sqrt_bsp/\libhal_bsp.a(alt_find_dev.o)
 .debug_str     0x000007db       0x12 ../sqrt_bsp/\libhal_bsp.a(alt_find_file.o)
 .debug_str     0x000007ed       0x12 ../sqrt_bsp/\libhal_bsp.a(alt_get_fd.o)
 .debug_str     0x000007ff       0x12 ../sqrt_bsp/\libhal_bsp.a(alt_icache_flush.o)
 .debug_str     0x00000811       0xcd c:/altera/13.0sp1/nios2eds/bin/gnu/h-i686-mingw32/bin/../lib/gcc/nios2-elf/4.1.2/../../../../nios2-elf/lib\libsmallc.a(lib_a-atexit.o)
                                0x1d7 (size before relaxing)
 .debug_str     0x000008de       0x3e c:/altera/13.0sp1/nios2eds/bin/gnu/h-i686-mingw32/bin/../lib/gcc/nios2-elf/4.1.2/../../../../nios2-elf/lib\libsmallc.a(lib_a-exit.o)
                                0x16a (size before relaxing)
 .debug_str     0x0000091c       0x42 c:/altera/13.0sp1/nios2eds/bin/gnu/h-i686-mingw32/bin/../lib/gcc/nios2-elf/4.1.2/../../../../nios2-elf/lib\libsmallc.a(lib_a-memcmp.o)
                                0x170 (size before relaxing)
 .debug_str     0x0000095e       0x56 c:/altera/13.0sp1/nios2eds/bin/gnu/h-i686-mingw32/bin/../lib/gcc/nios2-elf/4.1.2/../../../../nios2-elf/lib\libsmallc.a(lib_a-__atexit.o)
                                0x459 (size before relaxing)
 .debug_str     0x000009b4       0x7b c:/altera/13.0sp1/nios2eds/bin/gnu/h-i686-mingw32/bin/../lib/gcc/nios2-elf/4.1.2/../../../../nios2-elf/lib\libsmallc.a(lib_a-__call_atexit.o)
                                0x483 (size before relaxing)
 .debug_str     0x00000a2f       0x1c ../sqrt_bsp/\libhal_bsp.a(alt_exit.o)

.debug_loc      0x00000000      0xc67
 *(.debug_loc)
 .debug_loc     0x00000000       0x2b obj/default/hello_world.o
 .debug_loc     0x0000002b       0xa2 c:/altera/13.0sp1/nios2eds/bin/gnu/h-i686-mingw32/bin/../lib/gcc/nios2-elf/4.1.2/../../../../nios2-elf/lib\libsmallc.a(lib_a-puts.o)
 .debug_loc     0x000000cd       0x1e c:/altera/13.0sp1/nios2eds/bin/gnu/h-i686-mingw32/bin/../lib/gcc/nios2-elf/4.1.2/../../../../nios2-elf/lib\libsmallc.a(lib_a-strlen.o)
 .debug_loc     0x000000eb      0x162 c:/altera/13.0sp1/nios2eds/bin/gnu/h-i686-mingw32/bin/../lib/gcc/nios2-elf/4.1.2/../../../../nios2-elf/lib\libsmallc.a(lib_a-fvwrite_small_dev.o)
 .debug_loc     0x0000024d       0x97 c:/altera/13.0sp1/nios2eds/bin/gnu/h-i686-mingw32/bin/../lib/gcc/nios2-elf/4.1.2/../../../../nios2-elf/lib\libsmallc.a(lib_a-writer.o)
 .debug_loc     0x000002e4       0x56 ../sqrt_bsp/\libhal_bsp.a(alt_load.o)
 .debug_loc     0x0000033a       0x2b ../sqrt_bsp/\libhal_bsp.a(alt_main.o)
 .debug_loc     0x00000365       0x56 ../sqrt_bsp/\libhal_bsp.a(alt_write.o)
 .debug_loc     0x000003bb       0x81 ../sqrt_bsp/\libhal_bsp.a(alt_sys_init.o)
 .debug_loc     0x0000043c       0x56 ../sqrt_bsp/\libhal_bsp.a(altera_avalon_jtag_uart_fd.o)
 .debug_loc     0x00000492       0x2b ../sqrt_bsp/\libhal_bsp.a(altera_avalon_jtag_uart_read.o)
 .debug_loc     0x000004bd       0x2b ../sqrt_bsp/\libhal_bsp.a(altera_avalon_jtag_uart_write.o)
 .debug_loc     0x000004e8       0x56 ../sqrt_bsp/\libhal_bsp.a(alt_close.o)
 .debug_loc     0x0000053e       0x2b ../sqrt_bsp/\libhal_bsp.a(alt_dcache_flush_all.o)
 .debug_loc     0x00000569       0x2b ../sqrt_bsp/\libhal_bsp.a(alt_dev.o)
 .debug_loc     0x00000594       0x56 ../sqrt_bsp/\libhal_bsp.a(alt_dev_llist_insert.o)
 .debug_loc     0x000005ea       0x2b ../sqrt_bsp/\libhal_bsp.a(alt_do_ctors.o)
 .debug_loc     0x00000615       0x2b ../sqrt_bsp/\libhal_bsp.a(alt_do_dtors.o)
 .debug_loc     0x00000640       0x2b ../sqrt_bsp/\libhal_bsp.a(alt_icache_flush_all.o)
 .debug_loc     0x0000066b       0x56 ../sqrt_bsp/\libhal_bsp.a(alt_io_redirect.o)
 .debug_loc     0x000006c1       0x81 ../sqrt_bsp/\libhal_bsp.a(alt_open.o)
 .debug_loc     0x00000742       0x2b ../sqrt_bsp/\libhal_bsp.a(alt_release_fd.o)
 .debug_loc     0x0000076d       0x2b ../sqrt_bsp/\libhal_bsp.a(altera_nios2_qsys_irq.o)
 .debug_loc     0x00000798       0x2b ../sqrt_bsp/\libhal_bsp.a(alt_find_dev.o)
 .debug_loc     0x000007c3       0x2b ../sqrt_bsp/\libhal_bsp.a(alt_find_file.o)
 .debug_loc     0x000007ee       0x2b ../sqrt_bsp/\libhal_bsp.a(alt_get_fd.o)
 .debug_loc     0x00000819       0x2b ../sqrt_bsp/\libhal_bsp.a(alt_icache_flush.o)
 .debug_loc     0x00000844       0x1e c:/altera/13.0sp1/nios2eds/bin/gnu/h-i686-mingw32/bin/../lib/gcc/nios2-elf/4.1.2/../../../../nios2-elf/lib\libsmallc.a(lib_a-atexit.o)
 .debug_loc     0x00000862       0x3d c:/altera/13.0sp1/nios2eds/bin/gnu/h-i686-mingw32/bin/../lib/gcc/nios2-elf/4.1.2/../../../../nios2-elf/lib\libsmallc.a(lib_a-exit.o)
 .debug_loc     0x0000089f       0x70 c:/altera/13.0sp1/nios2eds/bin/gnu/h-i686-mingw32/bin/../lib/gcc/nios2-elf/4.1.2/../../../../nios2-elf/lib\libsmallc.a(lib_a-memcmp.o)
 .debug_loc     0x0000090f      0x141 c:/altera/13.0sp1/nios2eds/bin/gnu/h-i686-mingw32/bin/../lib/gcc/nios2-elf/4.1.2/../../../../nios2-elf/lib\libsmallc.a(lib_a-__atexit.o)
 .debug_loc     0x00000a50      0x1c1 c:/altera/13.0sp1/nios2eds/bin/gnu/h-i686-mingw32/bin/../lib/gcc/nios2-elf/4.1.2/../../../../nios2-elf/lib\libsmallc.a(lib_a-__call_atexit.o)
 .debug_loc     0x00000c11       0x56 ../sqrt_bsp/\libhal_bsp.a(alt_exit.o)

.debug_macinfo
 *(.debug_macinfo)

.debug_weaknames
 *(.debug_weaknames)

.debug_funcnames
 *(.debug_funcnames)

.debug_typenames
 *(.debug_typenames)

.debug_varnames
 *(.debug_varnames)

.debug_alt_sim_info
                0x00000000       0x30
 *(.debug_alt_sim_info)
 .debug_alt_sim_info
                0x00000000       0x30 ../sqrt_bsp//obj/HAL/src/crt0.o
                0x01000000                __alt_data_end = 0x1000000
                0x01000000                PROVIDE (__alt_stack_pointer, __alt_data_end)
                0x00801e70                PROVIDE (__alt_stack_limit, __alt_stack_base)
                0x00801e70                PROVIDE (__alt_heap_start, end)
                0x01000000                PROVIDE (__alt_heap_limit, 0x1000000)
OUTPUT(sqrt.elf elf32-littlenios2)

.debug_ranges   0x00000000       0x38
 .debug_ranges  0x00000000       0x20 ../sqrt_bsp//obj/HAL/src/crt0.o
 .debug_ranges  0x00000020       0x18 c:/altera/13.0sp1/nios2eds/bin/gnu/h-i686-mingw32/bin/../lib/gcc/nios2-elf/4.1.2/../../../../nios2-elf/lib\libsmallc.a(lib_a-__call_atexit.o)
